MySQL Shell 8.0.12

Copyright (c) 2016, 2018, Oracle and/or its affiliates. All rights reserved.

Oracle is a registered trademark of Oracle Corporation and/or its
affiliates. Other names may be trademarks of their respective
owners.

Type '\help' or '\?' for help; '\quit' to exit.


 MySQL  JS > \connect -c root @localhost
\connect [-mx|--mysqlx|-mc|--mysql|-ma] <URI>

 MySQL  JS > \sql
Switching to SQL mode... Commands end with ;

 MySQL  SQL > \connect -c root @localhost
\connect [-mx|--mysqlx|-mc|--mysql|-ma] <URI>

 MySQL  SQL > \connect -c root@localhost
The -c option is deprecated, please use --mysql or -mc instead
Creating a Classic session to 'root@localhost'
Please provide the password for 'root@localhost': ****
Save password for 'root@localhost:3306'? [Y]es/[N]o/Ne[v]er (default No):
Fetching schema names for autocompletion... Press ^C to stop.
Your MySQL connection id is 9
Server version: 5.5.61 MySQL Community Server (GPL)
No default schema selected; type \use <schema> to set one.

 MySQL  localhost:3306  SQL > \use evaluacion2
Default schema set to `evaluacion2`.
Fetching table and column names from `evaluacion2` for auto-completion... Press ^C to stop.

 MySQL  localhost:3306  evaluacion2  SQL > create table tablaa(
                                       ... id int
                                       ... , nombre varchar (10));
Query OK, 0 rows affected (0.0800 sec)

 MySQL  localhost:3306  evaluacion2  SQL > create table tablab( id int , nombre varchar (10));
Query OK, 0 rows affected (0.0874 sec)

 MySQL  localhost:3306  evaluacion2  SQL > insert into tablaa (id, nombre) values (1,'A'),(2,'B'),(3,'C'),(4,'D'),(5,'E');
Query OK, 5 rows affected (0.0178 sec)

Records: 5  Duplicates: 0  Warnings: 0

 MySQL  localhost:3306  evaluacion2  SQL > insert into tablab (id, nombre) values (1,'A'),(2,'B'),(3,'X'),(4,'Y'),(5,'Z');
Query OK, 5 rows affected (0.0228 sec)

Records: 5  Duplicates: 0  Warnings: 0

 MySQL  localhost:3306  evaluacion2  SQL > select * from tablaa;
+----+--------+
| id | nombre |
+----+--------+
|  1 | A      |
|  2 | B      |
|  3 | C      |
|  4 | D      |
|  5 | E      |
+----+--------+
5 rows in set (0.0354 sec)

 MySQL  localhost:3306  evaluacion2  SQL > select * from tablab;
+----+--------+
| id | nombre |
+----+--------+
|  1 | A      |
|  2 | B      |
|  3 | X      |
|  4 | Y      |
|  5 | Z      |
+----+--------+
5 rows in set (0.0003 sec)

 MySQL  localhost:3306  evaluacion2  SQL > desc tablaa;
+--------+-------------+------+-----+---------+-------+
| Field  | Type        | Null | Key | Default | Extra |
+--------+-------------+------+-----+---------+-------+
| id     | int(11)     | YES  |     | NULL    |       |
| nombre | varchar(10) | YES  |     | NULL    |       |
+--------+-------------+------+-----+---------+-------+
2 rows in set (0.0047 sec)

 MySQL  localhost:3306  evaluacion2  SQL > desc tablab;
+--------+-------------+------+-----+---------+-------+
| Field  | Type        | Null | Key | Default | Extra |
+--------+-------------+------+-----+---------+-------+
| id     | int(11)     | YES  |     | NULL    |       |
| nombre | varchar(10) | YES  |     | NULL    |       |
+--------+-------------+------+-----+---------+-------+
2 rows in set (0.0050 sec)

 MySQL  localhost:3306  evaluacion2  SQL > select * from tablaa a
                                       ... full outer join
                                       ... select * from tablab;
ERROR: 1064 (42000): You have an error in your SQL syntax; check the manual that corresponds to your MySQL server version for the right syntax to use near 'full outer join
select * from tablab' at line 2

 MySQL  localhost:3306  evaluacion2  SQL > select * from tablaa
                                       ... left join tablab on a.id = b.id
                                       ... union all
                                       ... select * from tablaa
                                       ... right join tablab on a.id=b.id;
ERROR: 1054 (42S22): Unknown column 'a.id' in 'on clause'

 MySQL  localhost:3306  evaluacion2  SQL > select * from tablaa a left join tablab on a.id = b.id union all select * from tablaa right join tablab on a.id=b.id;
ERROR: 1054 (42S22): Unknown column 'b.id' in 'on clause'

 MySQL  localhost:3306  evaluacion2  SQL > select * from tablaa a left join tablab b on a.id = b.id union all select * from tablaa right join tablab on a.id=b.id;
ERROR: 1054 (42S22): Unknown column 'a.id' in 'on clause'

 MySQL  localhost:3306  evaluacion2  SQL > select * from tablaa a left join tablab b on a.id = b.id union all select * from tablaa a right join tablab b on a.id=b.id;
+----+--------+----+--------+
| id | nombre | id | nombre |
+----+--------+----+--------+
|  1 | A      |  1 | A      |
|  2 | B      |  2 | B      |
|  3 | C      |  3 | X      |
|  4 | D      |  4 | Y      |
|  5 | E      |  5 | Z      |
|  1 | A      |  1 | A      |
|  2 | B      |  2 | B      |
|  3 | C      |  3 | X      |
|  4 | D      |  4 | Y      |
|  5 | E      |  5 | Z      |
+----+--------+----+--------+
10 rows in set (0.0176 sec)

 MySQL  localhost:3306  evaluacion2  SQL > select * from tablaa a
                                       ... inner join  tablab b on a.nombre=b.nombre
                                       ... where b.nombre is null;
Empty set (0.0239 sec)

 MySQL  localhost:3306  evaluacion2  SQL > select * from tablaa a roght join  tablab b on a.nombre=b.nombre where b.nombre is null;
ERROR: 1064 (42000): You have an error in your SQL syntax; check the manual that corresponds to your MySQL server version for the right syntax to use near 'roght join  tablab b on a.nombre=b.nombre where b.nombre is null' at line 1

 MySQL  localhost:3306  evaluacion2  SQL > select * from tablaa a right join tablab b in a.nombre= b.nombre;
ERROR: 1064 (42000): You have an error in your SQL syntax; check the manual that corresponds to your MySQL server version for the right syntax to use near 'in a.nombre= b.nombre' at line 1

 MySQL  localhost:3306  evaluacion2  SQL > select * from tablaa a right join tablab b in a.nombre = b.nombre;
ERROR: 1064 (42000): You have an error in your SQL syntax; check the manual that corresponds to your MySQL server version for the right syntax to use near 'in a.nombre = b.nombre' at line 1

 MySQL  localhost:3306  evaluacion2  SQL > select * from tab
                                       ... laa a
                                       ... right join tablab b on a.nombre=b.nombre
                                       ... union all
                                       ... select * from tablaa a
                                       ... left join tablab b on a.nombre=b.nombre
                                       ... where b.nombre is null;
ERROR: 1064 (42000): You have an error in your SQL syntax; check the manual that corresponds to your MySQL server version for the right syntax to use near 'a
right join tablab b on a.nombre=b.nombre
union all
select * from tablaa a
left' at line 2

 MySQL  localhost:3306  evaluacion2  SQL > select * from tablaa a right join tablab b on a.nombre=b.nombre union all select * from tablaa a left join tablab b on a.nombre=b.nombre where b.nombre is null;
+------+--------+------+--------+
| id   | nombre | id   | nombre |
+------+--------+------+--------+
|    1 | A      |    1 | A      |
|    2 | B      |    2 | B      |
| NULL | NULL   |    3 | X      |
| NULL | NULL   |    4 | Y      |
| NULL | NULL   |    5 | Z      |
|    3 | C      | NULL | NULL   |
|    4 | D      | NULL | NULL   |
|    5 | E      | NULL | NULL   |
+------+--------+------+--------+
8 rows in set (0.0006 sec)

 MySQL  localhost:3306  evaluacion2  SQL > \use northwind
Default schema set to `northwind`.
Fetching table and column names from `northwind` for auto-completion... Press ^C to stop.

 MySQL  localhost:3306  northwind  SQL > show tables;
+----------------------+
| Tables_in_northwind  |
+----------------------+
| account              |
| categories           |
| customercustomerdemo |
| customerdemographics |
| customers            |
| empleados            |
| employees            |
| employeeterritories  |
| lista_empleados      |
| lista_empleados_a    |
| mi_rfc               |
| nombre_cliente       |
| orderdetails         |
| orders               |
| pagos_empleados      |
| personas             |
| products             |
| prueba2              |
| region               |
| rfc_gringos          |
| shippers             |
| suppliers            |
| territories          |
| ventas_producto      |
+----------------------+
24 rows in set (0.0006 sec)

 MySQL  localhost:3306  northwind  SQL > desc orderdetails
                                     ... ;
+-----------+---------------+------+-----+---------+-------+
| Field     | Type          | Null | Key | Default | Extra |
+-----------+---------------+------+-----+---------+-------+
| OrderID   | int(11)       | NO   | PRI | NULL    |       |
| ProductID | int(11)       | NO   | PRI | NULL    |       |
| UnitPrice | decimal(10,4) | NO   |     | 0.0000  |       |
| Quantity  | smallint(2)   | NO   |     | 1       |       |
| Discount  | double(8,0)   | NO   |     | 0       |       |
+-----------+---------------+------+-----+---------+-------+
5 rows in set (0.0055 sec)

 MySQL  localhost:3306  northwind  SQL > select * from orderdetails a
                                     ... ;
+---------+-----------+-----------+----------+----------+
| OrderID | ProductID | UnitPrice | Quantity | Discount |
+---------+-----------+-----------+----------+----------+
|   10248 |        11 |   14.0000 |       12 |        0 |
|   10248 |        42 |    9.8000 |       10 |        0 |
|   10248 |        72 |   34.8000 |        5 |        0 |
|   10249 |        14 |   18.6000 |        9 |        0 |
|   10249 |        51 |   42.4000 |       40 |        0 |
|   10250 |        41 |    7.7000 |       10 |        0 |
|   10250 |        51 |   42.4000 |       35 |        0 |
|   10250 |        65 |   16.8000 |       15 |        0 |
|   10251 |        22 |   16.8000 |        6 |        0 |
|   10251 |        57 |   15.6000 |       15 |        0 |
|   10251 |        65 |   16.8000 |       20 |        0 |
|   10252 |        20 |   64.8000 |       40 |        0 |
|   10252 |        33 |    2.0000 |       25 |        0 |
|   10252 |        60 |   27.2000 |       40 |        0 |
|   10253 |        31 |   10.0000 |       20 |        0 |
|   10253 |        39 |   14.4000 |       42 |        0 |
|   10253 |        49 |   16.0000 |       40 |        0 |
|   10254 |        24 |    3.6000 |       15 |        0 |
|   10254 |        55 |   19.2000 |       21 |        0 |
|   10254 |        74 |    8.0000 |       21 |        0 |
|   10255 |         2 |   15.2000 |       20 |        0 |
|   10255 |        16 |   13.9000 |       35 |        0 |
|   10255 |        36 |   15.2000 |       25 |        0 |
|   10255 |        59 |   44.0000 |       30 |        0 |
|   10256 |        53 |   26.2000 |       15 |        0 |
|   10256 |        77 |   10.4000 |       12 |        0 |
|   10257 |        27 |   35.1000 |       25 |        0 |
|   10257 |        39 |   14.4000 |        6 |        0 |
|   10257 |        77 |   10.4000 |       15 |        0 |
|   10258 |         2 |   15.2000 |       50 |        0 |
|   10258 |         5 |   17.0000 |       65 |        0 |
|   10258 |        32 |   25.6000 |        6 |        0 |
|   10259 |        21 |    8.0000 |       10 |        0 |
|   10259 |        37 |   20.8000 |        1 |        0 |
|   10260 |        41 |    7.7000 |       16 |        0 |
|   10260 |        57 |   15.6000 |       50 |        0 |
|   10260 |        62 |   39.4000 |       15 |        0 |
|   10260 |        70 |   12.0000 |       21 |        0 |
|   10261 |        21 |    8.0000 |       20 |        0 |
|   10261 |        35 |   14.4000 |       20 |        0 |
|   10262 |         5 |   17.0000 |       12 |        0 |
|   10262 |         7 |   24.0000 |       15 |        0 |
|   10262 |        56 |   30.4000 |        2 |        0 |
|   10263 |        16 |   13.9000 |       60 |        0 |
|   10263 |        24 |    3.6000 |       28 |        0 |
|   10263 |        30 |   20.7000 |       60 |        0 |
|   10263 |        74 |    8.0000 |       36 |        0 |
|   10264 |         2 |   15.2000 |       35 |        0 |
|   10264 |        41 |    7.7000 |       25 |        0 |
|   10265 |        17 |   31.2000 |       30 |        0 |
|   10265 |        70 |   12.0000 |       20 |        0 |
|   10266 |        12 |   30.4000 |       12 |        0 |
|   10267 |        40 |   14.7000 |       50 |        0 |
|   10267 |        59 |   44.0000 |       70 |        0 |
|   10267 |        76 |   14.4000 |       15 |        0 |
|   10268 |        29 |   99.0000 |       10 |        0 |
|   10268 |        72 |   27.8000 |        4 |        0 |
|   10269 |        33 |    2.0000 |       60 |        0 |
|   10269 |        72 |   27.8000 |       20 |        0 |
|   10270 |        36 |   15.2000 |       30 |        0 |
|   10270 |        43 |   36.8000 |       25 |        0 |
|   10271 |        33 |    2.0000 |       24 |        0 |
|   10272 |        20 |   64.8000 |        6 |        0 |
|   10272 |        31 |   10.0000 |       40 |        0 |
|   10272 |        72 |   27.8000 |       24 |        0 |
|   10273 |        10 |   24.8000 |       24 |        0 |
|   10273 |        31 |   10.0000 |       15 |        0 |
|   10273 |        33 |    2.0000 |       20 |        0 |
|   10273 |        40 |   14.7000 |       60 |        0 |
|   10273 |        76 |   14.4000 |       33 |        0 |
|   10274 |        71 |   17.2000 |       20 |        0 |
|   10274 |        72 |   27.8000 |        7 |        0 |
|   10275 |        24 |    3.6000 |       12 |        0 |
|   10275 |        59 |   44.0000 |        6 |        0 |
|   10276 |        10 |   24.8000 |       15 |        0 |
|   10276 |        13 |    4.8000 |       10 |        0 |
|   10277 |        28 |   36.4000 |       20 |        0 |
|   10277 |        62 |   39.4000 |       12 |        0 |
|   10278 |        44 |   15.5000 |       16 |        0 |
|   10278 |        59 |   44.0000 |       15 |        0 |
|   10278 |        63 |   35.1000 |        8 |        0 |
|   10278 |        73 |   12.0000 |       25 |        0 |
|   10279 |        17 |   31.2000 |       15 |        0 |
|   10280 |        24 |    3.6000 |       12 |        0 |
|   10280 |        55 |   19.2000 |       20 |        0 |
|   10280 |        75 |    6.2000 |       30 |        0 |
|   10281 |        19 |    7.3000 |        1 |        0 |
|   10281 |        24 |    3.6000 |        6 |        0 |
|   10281 |        35 |   14.4000 |        4 |        0 |
|   10282 |        30 |   20.7000 |        6 |        0 |
|   10282 |        57 |   15.6000 |        2 |        0 |
|   10283 |        15 |   12.4000 |       20 |        0 |
|   10283 |        19 |    7.3000 |       18 |        0 |
|   10283 |        60 |   27.2000 |       35 |        0 |
|   10283 |        72 |   27.8000 |        3 |        0 |
|   10284 |        27 |   35.1000 |       15 |        0 |
|   10284 |        44 |   15.5000 |       21 |        0 |
|   10284 |        60 |   27.2000 |       20 |        0 |
|   10284 |        67 |   11.2000 |        5 |        0 |
|   10285 |         1 |   14.4000 |       45 |        0 |
|   10285 |        40 |   14.7000 |       40 |        0 |
|   10285 |        53 |   26.2000 |       36 |        0 |
|   10286 |        35 |   14.4000 |      100 |        0 |
|   10286 |        62 |   39.4000 |       40 |        0 |
|   10287 |        16 |   13.9000 |       40 |        0 |
|   10287 |        34 |   11.2000 |       20 |        0 |
|   10287 |        46 |    9.6000 |       15 |        0 |
|   10288 |        54 |    5.9000 |       10 |        0 |
|   10288 |        68 |   10.0000 |        3 |        0 |
|   10289 |         3 |    8.0000 |       30 |        0 |
|   10289 |        64 |   26.6000 |        9 |        0 |
|   10290 |         5 |   17.0000 |       20 |        0 |
|   10290 |        29 |   99.0000 |       15 |        0 |
|   10290 |        49 |   16.0000 |       15 |        0 |
|   10290 |        77 |   10.4000 |       10 |        0 |
|   10291 |        13 |    4.8000 |       20 |        0 |
|   10291 |        44 |   15.5000 |       24 |        0 |
|   10291 |        51 |   42.4000 |        2 |        0 |
|   10292 |        20 |   64.8000 |       20 |        0 |
|   10293 |        18 |   50.0000 |       12 |        0 |
|   10293 |        24 |    3.6000 |       10 |        0 |
|   10293 |        63 |   35.1000 |        5 |        0 |
|   10293 |        75 |    6.2000 |        6 |        0 |
|   10294 |         1 |   14.4000 |       18 |        0 |
|   10294 |        17 |   31.2000 |       15 |        0 |
|   10294 |        43 |   36.8000 |       15 |        0 |
|   10294 |        60 |   27.2000 |       21 |        0 |
|   10294 |        75 |    6.2000 |        6 |        0 |
|   10295 |        56 |   30.4000 |        4 |        0 |
|   10296 |        11 |   16.8000 |       12 |        0 |
|   10296 |        16 |   13.9000 |       30 |        0 |
|   10296 |        69 |   28.8000 |       15 |        0 |
|   10297 |        39 |   14.4000 |       60 |        0 |
|   10297 |        72 |   27.8000 |       20 |        0 |
|   10298 |         2 |   15.2000 |       40 |        0 |
|   10298 |        36 |   15.2000 |       40 |        0 |
|   10298 |        59 |   44.0000 |       30 |        0 |
|   10298 |        62 |   39.4000 |       15 |        0 |
|   10299 |        19 |    7.3000 |       15 |        0 |
|   10299 |        70 |   12.0000 |       20 |        0 |
|   10300 |        66 |   13.6000 |       30 |        0 |
|   10300 |        68 |   10.0000 |       20 |        0 |
|   10301 |        40 |   14.7000 |       10 |        0 |
|   10301 |        56 |   30.4000 |       20 |        0 |
|   10302 |        17 |   31.2000 |       40 |        0 |
|   10302 |        28 |   36.4000 |       28 |        0 |
|   10302 |        43 |   36.8000 |       12 |        0 |
|   10303 |        40 |   14.7000 |       40 |        0 |
|   10303 |        65 |   16.8000 |       30 |        0 |
|   10303 |        68 |   10.0000 |       15 |        0 |
|   10304 |        49 |   16.0000 |       30 |        0 |
|   10304 |        59 |   44.0000 |       10 |        0 |
|   10304 |        71 |   17.2000 |        2 |        0 |
|   10305 |        18 |   50.0000 |       25 |        0 |
|   10305 |        29 |   99.0000 |       25 |        0 |
|   10305 |        39 |   14.4000 |       30 |        0 |
|   10306 |        30 |   20.7000 |       10 |        0 |
|   10306 |        53 |   26.2000 |       10 |        0 |
|   10306 |        54 |    5.9000 |        5 |        0 |
|   10307 |        62 |   39.4000 |       10 |        0 |
|   10307 |        68 |   10.0000 |        3 |        0 |
|   10308 |        69 |   28.8000 |        1 |        0 |
|   10308 |        70 |   12.0000 |        5 |        0 |
|   10309 |         4 |   17.6000 |       20 |        0 |
|   10309 |         6 |   20.0000 |       30 |        0 |
|   10309 |        42 |   11.2000 |        2 |        0 |
|   10309 |        43 |   36.8000 |       20 |        0 |
|   10309 |        71 |   17.2000 |        3 |        0 |
|   10310 |        16 |   13.9000 |       10 |        0 |
|   10310 |        62 |   39.4000 |        5 |        0 |
|   10311 |        42 |   11.2000 |        6 |        0 |
|   10311 |        69 |   28.8000 |        7 |        0 |
|   10312 |        28 |   36.4000 |        4 |        0 |
|   10312 |        43 |   36.8000 |       24 |        0 |
|   10312 |        53 |   26.2000 |       20 |        0 |
|   10312 |        75 |    6.2000 |       10 |        0 |
|   10313 |        36 |   15.2000 |       12 |        0 |
|   10314 |        32 |   25.6000 |       40 |        0 |
|   10314 |        58 |   10.6000 |       30 |        0 |
|   10314 |        62 |   39.4000 |       25 |        0 |
|   10315 |        34 |   11.2000 |       14 |        0 |
|   10315 |        70 |   12.0000 |       30 |        0 |
|   10316 |        41 |    7.7000 |       10 |        0 |
|   10316 |        62 |   39.4000 |       70 |        0 |
|   10317 |         1 |   14.4000 |       20 |        0 |
|   10318 |        41 |    7.7000 |       20 |        0 |
|   10318 |        76 |   14.4000 |        6 |        0 |
|   10319 |        17 |   31.2000 |        8 |        0 |
|   10319 |        28 |   36.4000 |       14 |        0 |
|   10319 |        76 |   14.4000 |       30 |        0 |
|   10320 |        71 |   17.2000 |       30 |        0 |
|   10321 |        35 |   14.4000 |       10 |        0 |
|   10322 |        52 |    5.6000 |       20 |        0 |
|   10323 |        15 |   12.4000 |        5 |        0 |
|   10323 |        25 |   11.2000 |        4 |        0 |
|   10323 |        39 |   14.4000 |        4 |        0 |
|   10324 |        16 |   13.9000 |       21 |        0 |
|   10324 |        35 |   14.4000 |       70 |        0 |
|   10324 |        46 |    9.6000 |       30 |        0 |
|   10324 |        59 |   44.0000 |       40 |        0 |
|   10324 |        63 |   35.1000 |       80 |        0 |
|   10325 |         6 |   20.0000 |        6 |        0 |
|   10325 |        13 |    4.8000 |       12 |        0 |
|   10325 |        14 |   18.6000 |        9 |        0 |
|   10325 |        31 |   10.0000 |        4 |        0 |
|   10325 |        72 |   27.8000 |       40 |        0 |
|   10326 |         4 |   17.6000 |       24 |        0 |
|   10326 |        57 |   15.6000 |       16 |        0 |
|   10326 |        75 |    6.2000 |       50 |        0 |
|   10327 |         2 |   15.2000 |       25 |        0 |
|   10327 |        11 |   16.8000 |       50 |        0 |
|   10327 |        30 |   20.7000 |       35 |        0 |
|   10327 |        58 |   10.6000 |       30 |        0 |
|   10328 |        59 |   44.0000 |        9 |        0 |
|   10328 |        65 |   16.8000 |       40 |        0 |
|   10328 |        68 |   10.0000 |       10 |        0 |
|   10329 |        19 |    7.3000 |       10 |        0 |
|   10329 |        30 |   20.7000 |        8 |        0 |
|   10329 |        38 |  210.8000 |       20 |        0 |
|   10329 |        56 |   30.4000 |       12 |        0 |
|   10330 |        26 |   24.9000 |       50 |        0 |
|   10330 |        72 |   27.8000 |       25 |        0 |
|   10331 |        54 |    5.9000 |       15 |        0 |
|   10332 |        18 |   50.0000 |       40 |        0 |
|   10332 |        42 |   11.2000 |       10 |        0 |
|   10332 |        47 |    7.6000 |       16 |        0 |
|   10333 |        14 |   18.6000 |       10 |        0 |
|   10333 |        21 |    8.0000 |       10 |        0 |
|   10333 |        71 |   17.2000 |       40 |        0 |
|   10334 |        52 |    5.6000 |        8 |        0 |
|   10334 |        68 |   10.0000 |       10 |        0 |
|   10335 |         2 |   15.2000 |        7 |        0 |
|   10335 |        31 |   10.0000 |       25 |        0 |
|   10335 |        32 |   25.6000 |        6 |        0 |
|   10335 |        51 |   42.4000 |       48 |        0 |
|   10336 |         4 |   17.6000 |       18 |        0 |
|   10337 |        23 |    7.2000 |       40 |        0 |
|   10337 |        26 |   24.9000 |       24 |        0 |
|   10337 |        36 |   15.2000 |       20 |        0 |
|   10337 |        37 |   20.8000 |       28 |        0 |
|   10337 |        72 |   27.8000 |       25 |        0 |
|   10338 |        17 |   31.2000 |       20 |        0 |
|   10338 |        30 |   20.7000 |       15 |        0 |
|   10339 |         4 |   17.6000 |       10 |        0 |
|   10339 |        17 |   31.2000 |       70 |        0 |
|   10339 |        62 |   39.4000 |       28 |        0 |
|   10340 |        18 |   50.0000 |       20 |        0 |
|   10340 |        41 |    7.7000 |       12 |        0 |
|   10340 |        43 |   36.8000 |       40 |        0 |
|   10341 |        33 |    2.0000 |        8 |        0 |
|   10341 |        59 |   44.0000 |        9 |        0 |
|   10342 |         2 |   15.2000 |       24 |        0 |
|   10342 |        31 |   10.0000 |       56 |        0 |
|   10342 |        36 |   15.2000 |       40 |        0 |
|   10342 |        55 |   19.2000 |       40 |        0 |
|   10343 |        64 |   26.6000 |       50 |        0 |
|   10343 |        68 |   10.0000 |        4 |        0 |
|   10343 |        76 |   14.4000 |       15 |        0 |
|   10344 |         4 |   17.6000 |       35 |        0 |
|   10344 |         8 |   32.0000 |       70 |        0 |
|   10345 |         8 |   32.0000 |       70 |        0 |
|   10345 |        19 |    7.3000 |       80 |        0 |
|   10345 |        42 |   11.2000 |        9 |        0 |
|   10346 |        17 |   31.2000 |       36 |        0 |
|   10346 |        56 |   30.4000 |       20 |        0 |
|   10347 |        25 |   11.2000 |       10 |        0 |
|   10347 |        39 |   14.4000 |       50 |        0 |
|   10347 |        40 |   14.7000 |        4 |        0 |
|   10347 |        75 |    6.2000 |        6 |        0 |
|   10348 |         1 |   14.4000 |       15 |        0 |
|   10348 |        23 |    7.2000 |       25 |        0 |
|   10349 |        54 |    5.9000 |       24 |        0 |
|   10350 |        50 |   13.0000 |       15 |        0 |
|   10350 |        69 |   28.8000 |       18 |        0 |
|   10351 |        38 |  210.8000 |       20 |        0 |
|   10351 |        41 |    7.7000 |       13 |        0 |
|   10351 |        44 |   15.5000 |       77 |        0 |
|   10351 |        65 |   16.8000 |       10 |        0 |
|   10352 |        24 |    3.6000 |       10 |        0 |
|   10352 |        54 |    5.9000 |       20 |        0 |
|   10353 |        11 |   16.8000 |       12 |        0 |
|   10353 |        38 |  210.8000 |       50 |        0 |
|   10354 |         1 |   14.4000 |       12 |        0 |
|   10354 |        29 |   99.0000 |        4 |        0 |
|   10355 |        24 |    3.6000 |       25 |        0 |
|   10355 |        57 |   15.6000 |       25 |        0 |
|   10356 |        31 |   10.0000 |       30 |        0 |
|   10356 |        55 |   19.2000 |       12 |        0 |
|   10356 |        69 |   28.8000 |       20 |        0 |
|   10357 |        10 |   24.8000 |       30 |        0 |
|   10357 |        26 |   24.9000 |       16 |        0 |
|   10357 |        60 |   27.2000 |        8 |        0 |
|   10358 |        24 |    3.6000 |       10 |        0 |
|   10358 |        34 |   11.2000 |       10 |        0 |
|   10358 |        36 |   15.2000 |       20 |        0 |
|   10359 |        16 |   13.9000 |       56 |        0 |
|   10359 |        31 |   10.0000 |       70 |        0 |
|   10359 |        60 |   27.2000 |       80 |        0 |
|   10360 |        28 |   36.4000 |       30 |        0 |
|   10360 |        29 |   99.0000 |       35 |        0 |
|   10360 |        38 |  210.8000 |       10 |        0 |
|   10360 |        49 |   16.0000 |       35 |        0 |
|   10360 |        54 |    5.9000 |       28 |        0 |
|   10361 |        39 |   14.4000 |       54 |        0 |
|   10361 |        60 |   27.2000 |       55 |        0 |
|   10362 |        25 |   11.2000 |       50 |        0 |
|   10362 |        51 |   42.4000 |       20 |        0 |
|   10362 |        54 |    5.9000 |       24 |        0 |
|   10363 |        31 |   10.0000 |       20 |        0 |
|   10363 |        75 |    6.2000 |       12 |        0 |
|   10363 |        76 |   14.4000 |       12 |        0 |
|   10364 |        69 |   28.8000 |       30 |        0 |
|   10364 |        71 |   17.2000 |        5 |        0 |
|   10365 |        11 |   16.8000 |       24 |        0 |
|   10366 |        65 |   16.8000 |        5 |        0 |
|   10366 |        77 |   10.4000 |        5 |        0 |
|   10367 |        34 |   11.2000 |       36 |        0 |
|   10367 |        54 |    5.9000 |       18 |        0 |
|   10367 |        65 |   16.8000 |       15 |        0 |
|   10367 |        77 |   10.4000 |        7 |        0 |
|   10368 |        21 |    8.0000 |        5 |        0 |
|   10368 |        28 |   36.4000 |       13 |        0 |
|   10368 |        57 |   15.6000 |       25 |        0 |
|   10368 |        64 |   26.6000 |       35 |        0 |
|   10369 |        29 |   99.0000 |       20 |        0 |
|   10369 |        56 |   30.4000 |       18 |        0 |
|   10370 |         1 |   14.4000 |       15 |        0 |
|   10370 |        64 |   26.6000 |       30 |        0 |
|   10370 |        74 |    8.0000 |       20 |        0 |
|   10371 |        36 |   15.2000 |        6 |        0 |
|   10372 |        20 |   64.8000 |       12 |        0 |
|   10372 |        38 |  210.8000 |       40 |        0 |
|   10372 |        60 |   27.2000 |       70 |        0 |
|   10372 |        72 |   27.8000 |       42 |        0 |
|   10373 |        58 |   10.6000 |       80 |        0 |
|   10373 |        71 |   17.2000 |       50 |        0 |
|   10374 |        31 |   10.0000 |       30 |        0 |
|   10374 |        58 |   10.6000 |       15 |        0 |
|   10375 |        14 |   18.6000 |       15 |        0 |
|   10375 |        54 |    5.9000 |       10 |        0 |
|   10376 |        31 |   10.0000 |       42 |        0 |
|   10377 |        28 |   36.4000 |       20 |        0 |
|   10377 |        39 |   14.4000 |       20 |        0 |
|   10378 |        71 |   17.2000 |        6 |        0 |
|   10379 |        41 |    7.7000 |        8 |        0 |
|   10379 |        63 |   35.1000 |       16 |        0 |
|   10379 |        65 |   16.8000 |       20 |        0 |
|   10380 |        30 |   20.7000 |       18 |        0 |
|   10380 |        53 |   26.2000 |       20 |        0 |
|   10380 |        60 |   27.2000 |        6 |        0 |
|   10380 |        70 |   12.0000 |       30 |        0 |
|   10381 |        74 |    8.0000 |       14 |        0 |
|   10382 |         5 |   17.0000 |       32 |        0 |
|   10382 |        18 |   50.0000 |        9 |        0 |
|   10382 |        29 |   99.0000 |       14 |        0 |
|   10382 |        33 |    2.0000 |       60 |        0 |
|   10382 |        74 |    8.0000 |       50 |        0 |
|   10383 |        13 |    4.8000 |       20 |        0 |
|   10383 |        50 |   13.0000 |       15 |        0 |
|   10383 |        56 |   30.4000 |       20 |        0 |
|   10384 |        20 |   64.8000 |       28 |        0 |
|   10384 |        60 |   27.2000 |       15 |        0 |
|   10385 |         7 |   24.0000 |       10 |        0 |
|   10385 |        60 |   27.2000 |       20 |        0 |
|   10385 |        68 |   10.0000 |        8 |        0 |
|   10386 |        24 |    3.6000 |       15 |        0 |
|   10386 |        34 |   11.2000 |       10 |        0 |
|   10387 |        24 |    3.6000 |       15 |        0 |
|   10387 |        28 |   36.4000 |        6 |        0 |
|   10387 |        59 |   44.0000 |       12 |        0 |
|   10387 |        71 |   17.2000 |       15 |        0 |
|   10388 |        45 |    7.6000 |       15 |        0 |
|   10388 |        52 |    5.6000 |       20 |        0 |
|   10388 |        53 |   26.2000 |       40 |        0 |
|   10389 |        10 |   24.8000 |       16 |        0 |
|   10389 |        55 |   19.2000 |       15 |        0 |
|   10389 |        62 |   39.4000 |       20 |        0 |
|   10389 |        70 |   12.0000 |       30 |        0 |
|   10390 |        31 |   10.0000 |       60 |        0 |
|   10390 |        35 |   14.4000 |       40 |        0 |
|   10390 |        46 |    9.6000 |       45 |        0 |
|   10390 |        72 |   27.8000 |       24 |        0 |
|   10391 |        13 |    4.8000 |       18 |        0 |
|   10392 |        69 |   28.8000 |       50 |        0 |
|   10393 |         2 |   15.2000 |       25 |        0 |
|   10393 |        14 |   18.6000 |       42 |        0 |
|   10393 |        25 |   11.2000 |        7 |        0 |
|   10393 |        26 |   24.9000 |       70 |        0 |
|   10393 |        31 |   10.0000 |       32 |        0 |
|   10394 |        13 |    4.8000 |       10 |        0 |
|   10394 |        62 |   39.4000 |       10 |        0 |
|   10395 |        46 |    9.6000 |       28 |        0 |
|   10395 |        53 |   26.2000 |       70 |        0 |
|   10395 |        69 |   28.8000 |        8 |        0 |
|   10396 |        23 |    7.2000 |       40 |        0 |
|   10396 |        71 |   17.2000 |       60 |        0 |
|   10396 |        72 |   27.8000 |       21 |        0 |
|   10397 |        21 |    8.0000 |       10 |        0 |
|   10397 |        51 |   42.4000 |       18 |        0 |
|   10398 |        35 |   14.4000 |       30 |        0 |
|   10398 |        55 |   19.2000 |      120 |        0 |
|   10399 |        68 |   10.0000 |       60 |        0 |
|   10399 |        71 |   17.2000 |       30 |        0 |
|   10399 |        76 |   14.4000 |       35 |        0 |
|   10399 |        77 |   10.4000 |       14 |        0 |
|   10400 |        29 |   99.0000 |       21 |        0 |
|   10400 |        35 |   14.4000 |       35 |        0 |
|   10400 |        49 |   16.0000 |       30 |        0 |
|   10401 |        30 |   20.7000 |       18 |        0 |
|   10401 |        56 |   30.4000 |       70 |        0 |
|   10401 |        65 |   16.8000 |       20 |        0 |
|   10401 |        71 |   17.2000 |       60 |        0 |
|   10402 |        23 |    7.2000 |       60 |        0 |
|   10402 |        63 |   35.1000 |       65 |        0 |
|   10403 |        16 |   13.9000 |       21 |        0 |
|   10403 |        48 |   10.2000 |       70 |        0 |
|   10404 |        26 |   24.9000 |       30 |        0 |
|   10404 |        42 |   11.2000 |       40 |        0 |
|   10404 |        49 |   16.0000 |       30 |        0 |
|   10405 |         3 |    8.0000 |       50 |        0 |
|   10406 |         1 |   14.4000 |       10 |        0 |
|   10406 |        21 |    8.0000 |       30 |        0 |
|   10406 |        28 |   36.4000 |       42 |        0 |
|   10406 |        36 |   15.2000 |        5 |        0 |
|   10406 |        40 |   14.7000 |        2 |        0 |
|   10407 |        11 |   16.8000 |       30 |        0 |
|   10407 |        69 |   28.8000 |       15 |        0 |
|   10407 |        71 |   17.2000 |       15 |        0 |
|   10408 |        37 |   20.8000 |       10 |        0 |
|   10408 |        54 |    5.9000 |        6 |        0 |
|   10408 |        62 |   39.4000 |       35 |        0 |
|   10409 |        14 |   18.6000 |       12 |        0 |
|   10409 |        21 |    8.0000 |       12 |        0 |
|   10410 |        33 |    2.0000 |       49 |        0 |
|   10410 |        59 |   44.0000 |       16 |        0 |
|   10411 |        41 |    7.7000 |       25 |        0 |
|   10411 |        44 |   15.5000 |       40 |        0 |
|   10411 |        59 |   44.0000 |        9 |        0 |
|   10412 |        14 |   18.6000 |       20 |        0 |
|   10413 |         1 |   14.4000 |       24 |        0 |
|   10413 |        62 |   39.4000 |       40 |        0 |
|   10413 |        76 |   14.4000 |       14 |        0 |
|   10414 |        19 |    7.3000 |       18 |        0 |
|   10414 |        33 |    2.0000 |       50 |        0 |
|   10415 |        17 |   31.2000 |        2 |        0 |
|   10415 |        33 |    2.0000 |       20 |        0 |
|   10416 |        19 |    7.3000 |       20 |        0 |
|   10416 |        53 |   26.2000 |       10 |        0 |
|   10416 |        57 |   15.6000 |       20 |        0 |
|   10417 |        38 |  210.8000 |       50 |        0 |
|   10417 |        46 |    9.6000 |        2 |        0 |
|   10417 |        68 |   10.0000 |       36 |        0 |
|   10417 |        77 |   10.4000 |       35 |        0 |
|   10418 |         2 |   15.2000 |       60 |        0 |
|   10418 |        47 |    7.6000 |       55 |        0 |
|   10418 |        61 |   22.8000 |       16 |        0 |
|   10418 |        74 |    8.0000 |       15 |        0 |
|   10419 |        60 |   27.2000 |       60 |        0 |
|   10419 |        69 |   28.8000 |       20 |        0 |
|   10420 |         9 |   77.6000 |       20 |        0 |
|   10420 |        13 |    4.8000 |        2 |        0 |
|   10420 |        70 |   12.0000 |        8 |        0 |
|   10420 |        73 |   12.0000 |       20 |        0 |
|   10421 |        19 |    7.3000 |        4 |        0 |
|   10421 |        26 |   24.9000 |       30 |        0 |
|   10421 |        53 |   26.2000 |       15 |        0 |
|   10421 |        77 |   10.4000 |       10 |        0 |
|   10422 |        26 |   24.9000 |        2 |        0 |
|   10423 |        31 |   10.0000 |       14 |        0 |
|   10423 |        59 |   44.0000 |       20 |        0 |
|   10424 |        35 |   14.4000 |       60 |        0 |
|   10424 |        38 |  210.8000 |       49 |        0 |
|   10424 |        68 |   10.0000 |       30 |        0 |
|   10425 |        55 |   19.2000 |       10 |        0 |
|   10425 |        76 |   14.4000 |       20 |        0 |
|   10426 |        56 |   30.4000 |        5 |        0 |
|   10426 |        64 |   26.6000 |        7 |        0 |
|   10427 |        14 |   18.6000 |       35 |        0 |
|   10428 |        46 |    9.6000 |       20 |        0 |
|   10429 |        50 |   13.0000 |       40 |        0 |
|   10429 |        63 |   35.1000 |       35 |        0 |
|   10430 |        17 |   31.2000 |       45 |        0 |
|   10430 |        21 |    8.0000 |       50 |        0 |
|   10430 |        56 |   30.4000 |       30 |        0 |
|   10430 |        59 |   44.0000 |       70 |        0 |
|   10431 |        17 |   31.2000 |       50 |        0 |
|   10431 |        40 |   14.7000 |       50 |        0 |
|   10431 |        47 |    7.6000 |       30 |        0 |
|   10432 |        26 |   24.9000 |       10 |        0 |
|   10432 |        54 |    5.9000 |       40 |        0 |
|   10433 |        56 |   30.4000 |       28 |        0 |
|   10434 |        11 |   16.8000 |        6 |        0 |
|   10434 |        76 |   14.4000 |       18 |        0 |
|   10435 |         2 |   15.2000 |       10 |        0 |
|   10435 |        22 |   16.8000 |       12 |        0 |
|   10435 |        72 |   27.8000 |       10 |        0 |
|   10436 |        46 |    9.6000 |        5 |        0 |
|   10436 |        56 |   30.4000 |       40 |        0 |
|   10436 |        64 |   26.6000 |       30 |        0 |
|   10436 |        75 |    6.2000 |       24 |        0 |
|   10437 |        53 |   26.2000 |       15 |        0 |
|   10438 |        19 |    7.3000 |       15 |        0 |
|   10438 |        34 |   11.2000 |       20 |        0 |
|   10438 |        57 |   15.6000 |       15 |        0 |
|   10439 |        12 |   30.4000 |       15 |        0 |
|   10439 |        16 |   13.9000 |       16 |        0 |
|   10439 |        64 |   26.6000 |        6 |        0 |
|   10439 |        74 |    8.0000 |       30 |        0 |
|   10440 |         2 |   15.2000 |       45 |        0 |
|   10440 |        16 |   13.9000 |       49 |        0 |
|   10440 |        29 |   99.0000 |       24 |        0 |
|   10440 |        61 |   22.8000 |       90 |        0 |
|   10441 |        27 |   35.1000 |       50 |        0 |
|   10442 |        11 |   16.8000 |       30 |        0 |
|   10442 |        54 |    5.9000 |       80 |        0 |
|   10442 |        66 |   13.6000 |       60 |        0 |
|   10443 |        11 |   16.8000 |        6 |        0 |
|   10443 |        28 |   36.4000 |       12 |        0 |
|   10444 |        17 |   31.2000 |       10 |        0 |
|   10444 |        26 |   24.9000 |       15 |        0 |
|   10444 |        35 |   14.4000 |        8 |        0 |
|   10444 |        41 |    7.7000 |       30 |        0 |
|   10445 |        39 |   14.4000 |        6 |        0 |
|   10445 |        54 |    5.9000 |       15 |        0 |
|   10446 |        19 |    7.3000 |       12 |        0 |
|   10446 |        24 |    3.6000 |       20 |        0 |
|   10446 |        31 |   10.0000 |        3 |        0 |
|   10446 |        52 |    5.6000 |       15 |        0 |
|   10447 |        19 |    7.3000 |       40 |        0 |
|   10447 |        65 |   16.8000 |       35 |        0 |
|   10447 |        71 |   17.2000 |        2 |        0 |
|   10448 |        26 |   24.9000 |        6 |        0 |
|   10448 |        40 |   14.7000 |       20 |        0 |
|   10449 |        10 |   24.8000 |       14 |        0 |
|   10449 |        52 |    5.6000 |       20 |        0 |
|   10449 |        62 |   39.4000 |       35 |        0 |
|   10450 |        10 |   24.8000 |       20 |        0 |
|   10450 |        54 |    5.9000 |        6 |        0 |
|   10451 |        55 |   19.2000 |      120 |        0 |
|   10451 |        64 |   26.6000 |       35 |        0 |
|   10451 |        65 |   16.8000 |       28 |        0 |
|   10451 |        77 |   10.4000 |       55 |        0 |
|   10452 |        28 |   36.4000 |       15 |        0 |
|   10452 |        44 |   15.5000 |      100 |        0 |
|   10453 |        48 |   10.2000 |       15 |        0 |
|   10453 |        70 |   12.0000 |       25 |        0 |
|   10454 |        16 |   13.9000 |       20 |        0 |
|   10454 |        33 |    2.0000 |       20 |        0 |
|   10454 |        46 |    9.6000 |       10 |        0 |
|   10455 |        39 |   14.4000 |       20 |        0 |
|   10455 |        53 |   26.2000 |       50 |        0 |
|   10455 |        61 |   22.8000 |       25 |        0 |
|   10455 |        71 |   17.2000 |       30 |        0 |
|   10456 |        21 |    8.0000 |       40 |        0 |
|   10456 |        49 |   16.0000 |       21 |        0 |
|   10457 |        59 |   44.0000 |       36 |        0 |
|   10458 |        26 |   24.9000 |       30 |        0 |
|   10458 |        28 |   36.4000 |       30 |        0 |
|   10458 |        43 |   36.8000 |       20 |        0 |
|   10458 |        56 |   30.4000 |       15 |        0 |
|   10458 |        71 |   17.2000 |       50 |        0 |
|   10459 |         7 |   24.0000 |       16 |        0 |
|   10459 |        46 |    9.6000 |       20 |        0 |
|   10459 |        72 |   27.8000 |       40 |        0 |
|   10460 |        68 |   10.0000 |       21 |        0 |
|   10460 |        75 |    6.2000 |        4 |        0 |
|   10461 |        21 |    8.0000 |       40 |        0 |
|   10461 |        30 |   20.7000 |       28 |        0 |
|   10461 |        55 |   19.2000 |       60 |        0 |
|   10462 |        13 |    4.8000 |        1 |        0 |
|   10462 |        23 |    7.2000 |       21 |        0 |
|   10463 |        19 |    7.3000 |       21 |        0 |
|   10463 |        42 |   11.2000 |       50 |        0 |
|   10464 |         4 |   17.6000 |       16 |        0 |
|   10464 |        43 |   36.8000 |        3 |        0 |
|   10464 |        56 |   30.4000 |       30 |        0 |
|   10464 |        60 |   27.2000 |       20 |        0 |
|   10465 |        24 |    3.6000 |       25 |        0 |
|   10465 |        29 |   99.0000 |       18 |        0 |
|   10465 |        40 |   14.7000 |       20 |        0 |
|   10465 |        45 |    7.6000 |       30 |        0 |
|   10465 |        50 |   13.0000 |       25 |        0 |
|   10466 |        11 |   16.8000 |       10 |        0 |
|   10466 |        46 |    9.6000 |        5 |        0 |
|   10467 |        24 |    3.6000 |       28 |        0 |
|   10467 |        25 |   11.2000 |       12 |        0 |
|   10468 |        30 |   20.7000 |        8 |        0 |
|   10468 |        43 |   36.8000 |       15 |        0 |
|   10469 |         2 |   15.2000 |       40 |        0 |
|   10469 |        16 |   13.9000 |       35 |        0 |
|   10469 |        44 |   15.5000 |        2 |        0 |
|   10470 |        18 |   50.0000 |       30 |        0 |
|   10470 |        23 |    7.2000 |       15 |        0 |
|   10470 |        64 |   26.6000 |        8 |        0 |
|   10471 |         7 |   24.0000 |       30 |        0 |
|   10471 |        56 |   30.4000 |       20 |        0 |
|   10472 |        24 |    3.6000 |       80 |        0 |
|   10472 |        51 |   42.4000 |       18 |        0 |
|   10473 |        33 |    2.0000 |       12 |        0 |
|   10473 |        71 |   17.2000 |       12 |        0 |
|   10474 |        14 |   18.6000 |       12 |        0 |
|   10474 |        28 |   36.4000 |       18 |        0 |
|   10474 |        40 |   14.7000 |       21 |        0 |
|   10474 |        75 |    6.2000 |       10 |        0 |
|   10475 |        31 |   10.0000 |       35 |        0 |
|   10475 |        66 |   13.6000 |       60 |        0 |
|   10475 |        76 |   14.4000 |       42 |        0 |
|   10476 |        55 |   19.2000 |        2 |        0 |
|   10476 |        70 |   12.0000 |       12 |        0 |
|   10477 |         1 |   14.4000 |       15 |        0 |
|   10477 |        21 |    8.0000 |       21 |        0 |
|   10477 |        39 |   14.4000 |       20 |        0 |
|   10478 |        10 |   24.8000 |       20 |        0 |
|   10479 |        38 |  210.8000 |       30 |        0 |
|   10479 |        53 |   26.2000 |       28 |        0 |
|   10479 |        59 |   44.0000 |       60 |        0 |
|   10479 |        64 |   26.6000 |       30 |        0 |
|   10480 |        47 |    7.6000 |       30 |        0 |
|   10480 |        59 |   44.0000 |       12 |        0 |
|   10481 |        49 |   16.0000 |       24 |        0 |
|   10481 |        60 |   27.2000 |       40 |        0 |
|   10482 |        40 |   14.7000 |       10 |        0 |
|   10483 |        34 |   11.2000 |       35 |        0 |
|   10483 |        77 |   10.4000 |       30 |        0 |
|   10484 |        21 |    8.0000 |       14 |        0 |
|   10484 |        40 |   14.7000 |       10 |        0 |
|   10484 |        51 |   42.4000 |        3 |        0 |
|   10485 |         2 |   15.2000 |       20 |        0 |
|   10485 |         3 |    8.0000 |       20 |        0 |
|   10485 |        55 |   19.2000 |       30 |        0 |
|   10485 |        70 |   12.0000 |       60 |        0 |
|   10486 |        11 |   16.8000 |        5 |        0 |
|   10486 |        51 |   42.4000 |       25 |        0 |
|   10486 |        74 |    8.0000 |       16 |        0 |
|   10487 |        19 |    7.3000 |        5 |        0 |
|   10487 |        26 |   24.9000 |       30 |        0 |
|   10487 |        54 |    5.9000 |       24 |        0 |
|   10488 |        59 |   44.0000 |       30 |        0 |
|   10488 |        73 |   12.0000 |       20 |        0 |
|   10489 |        11 |   16.8000 |       15 |        0 |
|   10489 |        16 |   13.9000 |       18 |        0 |
|   10490 |        59 |   44.0000 |       60 |        0 |
|   10490 |        68 |   10.0000 |       30 |        0 |
|   10490 |        75 |    6.2000 |       36 |        0 |
|   10491 |        44 |   15.5000 |       15 |        0 |
|   10491 |        77 |   10.4000 |        7 |        0 |
|   10492 |        25 |   11.2000 |       60 |        0 |
|   10492 |        42 |   11.2000 |       20 |        0 |
|   10493 |        65 |   16.8000 |       15 |        0 |
|   10493 |        66 |   13.6000 |       10 |        0 |
|   10493 |        69 |   28.8000 |       10 |        0 |
|   10494 |        56 |   30.4000 |       30 |        0 |
|   10495 |        23 |    7.2000 |       10 |        0 |
|   10495 |        41 |    7.7000 |       20 |        0 |
|   10495 |        77 |   10.4000 |        5 |        0 |
|   10496 |        31 |   10.0000 |       20 |        0 |
|   10497 |        56 |   30.4000 |       14 |        0 |
|   10497 |        72 |   27.8000 |       25 |        0 |
|   10497 |        77 |   10.4000 |       25 |        0 |
|   10498 |        24 |    4.5000 |       14 |        0 |
|   10498 |        40 |   18.4000 |        5 |        0 |
|   10498 |        42 |   14.0000 |       30 |        0 |
|   10499 |        28 |   45.6000 |       20 |        0 |
|   10499 |        49 |   20.0000 |       25 |        0 |
|   10500 |        15 |   15.5000 |       12 |        0 |
|   10500 |        28 |   45.6000 |        8 |        0 |
|   10501 |        54 |    7.4500 |       20 |        0 |
|   10502 |        45 |    9.5000 |       21 |        0 |
|   10502 |        53 |   32.8000 |        6 |        0 |
|   10502 |        67 |   14.0000 |       30 |        0 |
|   10503 |        14 |   23.2500 |       70 |        0 |
|   10503 |        65 |   21.0500 |       20 |        0 |
|   10504 |         2 |   19.0000 |       12 |        0 |
|   10504 |        21 |   10.0000 |       12 |        0 |
|   10504 |        53 |   32.8000 |       10 |        0 |
|   10504 |        61 |   28.5000 |       25 |        0 |
|   10505 |        62 |   49.3000 |        3 |        0 |
|   10506 |        25 |   14.0000 |       18 |        0 |
|   10506 |        70 |   15.0000 |       14 |        0 |
|   10507 |        43 |   46.0000 |       15 |        0 |
|   10507 |        48 |   12.7500 |       15 |        0 |
|   10508 |        13 |    6.0000 |       10 |        0 |
|   10508 |        39 |   18.0000 |       10 |        0 |
|   10509 |        28 |   45.6000 |        3 |        0 |
|   10510 |        29 |  123.7900 |       36 |        0 |
|   10510 |        75 |    7.7500 |       36 |        0 |
|   10511 |         4 |   22.0000 |       50 |        0 |
|   10511 |         7 |   30.0000 |       50 |        0 |
|   10511 |         8 |   40.0000 |       10 |        0 |
|   10512 |        24 |    4.5000 |       10 |        0 |
|   10512 |        46 |   12.0000 |        9 |        0 |
|   10512 |        47 |    9.5000 |        6 |        0 |
|   10512 |        60 |   34.0000 |       12 |        0 |
|   10513 |        21 |   10.0000 |       40 |        0 |
|   10513 |        32 |   32.0000 |       50 |        0 |
|   10513 |        61 |   28.5000 |       15 |        0 |
|   10514 |        20 |   81.0000 |       39 |        0 |
|   10514 |        28 |   45.6000 |       35 |        0 |
|   10514 |        56 |   38.0000 |       70 |        0 |
|   10514 |        65 |   21.0500 |       39 |        0 |
|   10514 |        75 |    7.7500 |       50 |        0 |
|   10515 |         9 |   97.0000 |       16 |        0 |
|   10515 |        16 |   17.4500 |       50 |        0 |
|   10515 |        27 |   43.9000 |      120 |        0 |
|   10515 |        33 |    2.5000 |       16 |        0 |
|   10515 |        60 |   34.0000 |       84 |        0 |
|   10516 |        18 |   62.5000 |       25 |        0 |
|   10516 |        41 |    9.6500 |       80 |        0 |
|   10516 |        42 |   14.0000 |       20 |        0 |
|   10517 |        52 |    7.0000 |        6 |        0 |
|   10517 |        59 |   55.0000 |        4 |        0 |
|   10517 |        70 |   15.0000 |        6 |        0 |
|   10518 |        24 |    4.5000 |        5 |        0 |
|   10518 |        38 |  263.5000 |       15 |        0 |
|   10518 |        44 |   19.4500 |        9 |        0 |
|   10519 |        10 |   31.0000 |       16 |        0 |
|   10519 |        56 |   38.0000 |       40 |        0 |
|   10519 |        60 |   34.0000 |       10 |        0 |
|   10520 |        24 |    4.5000 |        8 |        0 |
|   10520 |        53 |   32.8000 |        5 |        0 |
|   10521 |        35 |   18.0000 |        3 |        0 |
|   10521 |        41 |    9.6500 |       10 |        0 |
|   10521 |        68 |   12.5000 |        6 |        0 |
|   10522 |         1 |   18.0000 |       40 |        0 |
|   10522 |         8 |   40.0000 |       24 |        0 |
|   10522 |        30 |   25.8900 |       20 |        0 |
|   10522 |        40 |   18.4000 |       25 |        0 |
|   10523 |        17 |   39.0000 |       25 |        0 |
|   10523 |        20 |   81.0000 |       15 |        0 |
|   10523 |        37 |   26.0000 |       18 |        0 |
|   10523 |        41 |    9.6500 |        6 |        0 |
|   10524 |        10 |   31.0000 |        2 |        0 |
|   10524 |        30 |   25.8900 |       10 |        0 |
|   10524 |        43 |   46.0000 |       60 |        0 |
|   10524 |        54 |    7.4500 |       15 |        0 |
|   10525 |        36 |   19.0000 |       30 |        0 |
|   10525 |        40 |   18.4000 |       15 |        0 |
|   10526 |         1 |   18.0000 |        8 |        0 |
|   10526 |        13 |    6.0000 |       10 |        0 |
|   10526 |        56 |   38.0000 |       30 |        0 |
|   10527 |         4 |   22.0000 |       50 |        0 |
|   10527 |        36 |   19.0000 |       30 |        0 |
|   10528 |        11 |   21.0000 |        3 |        0 |
|   10528 |        33 |    2.5000 |        8 |        0 |
|   10528 |        72 |   34.8000 |        9 |        0 |
|   10529 |        55 |   24.0000 |       14 |        0 |
|   10529 |        68 |   12.5000 |       20 |        0 |
|   10529 |        69 |   36.0000 |       10 |        0 |
|   10530 |        17 |   39.0000 |       40 |        0 |
|   10530 |        43 |   46.0000 |       25 |        0 |
|   10530 |        61 |   28.5000 |       20 |        0 |
|   10530 |        76 |   18.0000 |       50 |        0 |
|   10531 |        59 |   55.0000 |        2 |        0 |
|   10532 |        30 |   25.8900 |       15 |        0 |
|   10532 |        66 |   17.0000 |       24 |        0 |
|   10533 |         4 |   22.0000 |       50 |        0 |
|   10533 |        72 |   34.8000 |       24 |        0 |
|   10533 |        73 |   15.0000 |       24 |        0 |
|   10534 |        30 |   25.8900 |       10 |        0 |
|   10534 |        40 |   18.4000 |       10 |        0 |
|   10534 |        54 |    7.4500 |       10 |        0 |
|   10535 |        11 |   21.0000 |       50 |        0 |
|   10535 |        40 |   18.4000 |       10 |        0 |
|   10535 |        57 |   19.5000 |        5 |        0 |
|   10535 |        59 |   55.0000 |       15 |        0 |
|   10536 |        12 |   38.0000 |       15 |        0 |
|   10536 |        31 |   12.5000 |       20 |        0 |
|   10536 |        33 |    2.5000 |       30 |        0 |
|   10536 |        60 |   34.0000 |       35 |        0 |
|   10537 |        31 |   12.5000 |       30 |        0 |
|   10537 |        51 |   53.0000 |        6 |        0 |
|   10537 |        58 |   13.2500 |       20 |        0 |
|   10537 |        72 |   34.8000 |       21 |        0 |
|   10537 |        73 |   15.0000 |        9 |        0 |
|   10538 |        70 |   15.0000 |        7 |        0 |
|   10538 |        72 |   34.8000 |        1 |        0 |
|   10539 |        13 |    6.0000 |        8 |        0 |
|   10539 |        21 |   10.0000 |       15 |        0 |
|   10539 |        33 |    2.5000 |       15 |        0 |
|   10539 |        49 |   20.0000 |        6 |        0 |
|   10540 |         3 |   10.0000 |       60 |        0 |
|   10540 |        26 |   31.2300 |       40 |        0 |
|   10540 |        38 |  263.5000 |       30 |        0 |
|   10540 |        68 |   12.5000 |       35 |        0 |
|   10541 |        24 |    4.5000 |       35 |        0 |
|   10541 |        38 |  263.5000 |        4 |        0 |
|   10541 |        65 |   21.0500 |       36 |        0 |
|   10541 |        71 |   21.5000 |        9 |        0 |
|   10542 |        11 |   21.0000 |       15 |        0 |
|   10542 |        54 |    7.4500 |       24 |        0 |
|   10543 |        12 |   38.0000 |       30 |        0 |
|   10543 |        23 |    9.0000 |       70 |        0 |
|   10544 |        28 |   45.6000 |        7 |        0 |
|   10544 |        67 |   14.0000 |        7 |        0 |
|   10545 |        11 |   21.0000 |       10 |        0 |
|   10546 |         7 |   30.0000 |       10 |        0 |
|   10546 |        35 |   18.0000 |       30 |        0 |
|   10546 |        62 |   49.3000 |       40 |        0 |
|   10547 |        32 |   32.0000 |       24 |        0 |
|   10547 |        36 |   19.0000 |       60 |        0 |
|   10548 |        34 |   14.0000 |       10 |        0 |
|   10548 |        41 |    9.6500 |       14 |        0 |
|   10549 |        31 |   12.5000 |       55 |        0 |
|   10549 |        45 |    9.5000 |      100 |        0 |
|   10549 |        51 |   53.0000 |       48 |        0 |
|   10550 |        17 |   39.0000 |        8 |        0 |
|   10550 |        19 |    9.2000 |       10 |        0 |
|   10550 |        21 |   10.0000 |        6 |        0 |
|   10550 |        61 |   28.5000 |       10 |        0 |
|   10551 |        16 |   17.4500 |       40 |        0 |
|   10551 |        35 |   18.0000 |       20 |        0 |
|   10551 |        44 |   19.4500 |       40 |        0 |
|   10552 |        69 |   36.0000 |       18 |        0 |
|   10552 |        75 |    7.7500 |       30 |        0 |
|   10553 |        11 |   21.0000 |       15 |        0 |
|   10553 |        16 |   17.4500 |       14 |        0 |
|   10553 |        22 |   21.0000 |       24 |        0 |
|   10553 |        31 |   12.5000 |       30 |        0 |
|   10553 |        35 |   18.0000 |        6 |        0 |
|   10554 |        16 |   17.4500 |       30 |        0 |
|   10554 |        23 |    9.0000 |       20 |        0 |
|   10554 |        62 |   49.3000 |       20 |        0 |
|   10554 |        77 |   13.0000 |       10 |        0 |
|   10555 |        14 |   23.2500 |       30 |        0 |
|   10555 |        19 |    9.2000 |       35 |        0 |
|   10555 |        24 |    4.5000 |       18 |        0 |
|   10555 |        51 |   53.0000 |       20 |        0 |
|   10555 |        56 |   38.0000 |       40 |        0 |
|   10556 |        72 |   34.8000 |       24 |        0 |
|   10557 |        64 |   33.2500 |       30 |        0 |
|   10557 |        75 |    7.7500 |       20 |        0 |
|   10558 |        47 |    9.5000 |       25 |        0 |
|   10558 |        51 |   53.0000 |       20 |        0 |
|   10558 |        52 |    7.0000 |       30 |        0 |
|   10558 |        53 |   32.8000 |       18 |        0 |
|   10558 |        73 |   15.0000 |        3 |        0 |
|   10559 |        41 |    9.6500 |       12 |        0 |
|   10559 |        55 |   24.0000 |       18 |        0 |
|   10560 |        30 |   25.8900 |       20 |        0 |
|   10560 |        62 |   49.3000 |       15 |        0 |
|   10561 |        44 |   19.4500 |       10 |        0 |
|   10561 |        51 |   53.0000 |       50 |        0 |
|   10562 |        33 |    2.5000 |       20 |        0 |
|   10562 |        62 |   49.3000 |       10 |        0 |
|   10563 |        36 |   19.0000 |       25 |        0 |
|   10563 |        52 |    7.0000 |       70 |        0 |
|   10564 |        17 |   39.0000 |       16 |        0 |
|   10564 |        31 |   12.5000 |        6 |        0 |
|   10564 |        55 |   24.0000 |       25 |        0 |
|   10565 |        24 |    4.5000 |       25 |        0 |
|   10565 |        64 |   33.2500 |       18 |        0 |
|   10566 |        11 |   21.0000 |       35 |        0 |
|   10566 |        18 |   62.5000 |       18 |        0 |
|   10566 |        76 |   18.0000 |       10 |        0 |
|   10567 |        31 |   12.5000 |       60 |        0 |
|   10567 |        51 |   53.0000 |        3 |        0 |
|   10567 |        59 |   55.0000 |       40 |        0 |
|   10568 |        10 |   31.0000 |        5 |        0 |
|   10569 |        31 |   12.5000 |       35 |        0 |
|   10569 |        76 |   18.0000 |       30 |        0 |
|   10570 |        11 |   21.0000 |       15 |        0 |
|   10570 |        56 |   38.0000 |       60 |        0 |
|   10571 |        14 |   23.2500 |       11 |        0 |
|   10571 |        42 |   14.0000 |       28 |        0 |
|   10572 |        16 |   17.4500 |       12 |        0 |
|   10572 |        32 |   32.0000 |       10 |        0 |
|   10572 |        40 |   18.4000 |       50 |        0 |
|   10572 |        75 |    7.7500 |       15 |        0 |
|   10573 |        17 |   39.0000 |       18 |        0 |
|   10573 |        34 |   14.0000 |       40 |        0 |
|   10573 |        53 |   32.8000 |       25 |        0 |
|   10574 |        33 |    2.5000 |       14 |        0 |
|   10574 |        40 |   18.4000 |        2 |        0 |
|   10574 |        62 |   49.3000 |       10 |        0 |
|   10574 |        64 |   33.2500 |        6 |        0 |
|   10575 |        59 |   55.0000 |       12 |        0 |
|   10575 |        63 |   43.9000 |        6 |        0 |
|   10575 |        72 |   34.8000 |       30 |        0 |
|   10575 |        76 |   18.0000 |       10 |        0 |
|   10576 |         1 |   18.0000 |       10 |        0 |
|   10576 |        31 |   12.5000 |       20 |        0 |
|   10576 |        44 |   19.4500 |       21 |        0 |
|   10577 |        39 |   18.0000 |       10 |        0 |
|   10577 |        75 |    7.7500 |       20 |        0 |
|   10577 |        77 |   13.0000 |       18 |        0 |
|   10578 |        35 |   18.0000 |       20 |        0 |
|   10578 |        57 |   19.5000 |        6 |        0 |
|   10579 |        15 |   15.5000 |       10 |        0 |
|   10579 |        75 |    7.7500 |       21 |        0 |
|   10580 |        14 |   23.2500 |       15 |        0 |
|   10580 |        41 |    9.6500 |        9 |        0 |
|   10580 |        65 |   21.0500 |       30 |        0 |
|   10581 |        75 |    7.7500 |       50 |        0 |
|   10582 |        57 |   19.5000 |        4 |        0 |
|   10582 |        76 |   18.0000 |       14 |        0 |
|   10583 |        29 |  123.7900 |       10 |        0 |
|   10583 |        60 |   34.0000 |       24 |        0 |
|   10583 |        69 |   36.0000 |       10 |        0 |
|   10584 |        31 |   12.5000 |       50 |        0 |
|   10585 |        47 |    9.5000 |       15 |        0 |
|   10586 |        52 |    7.0000 |        4 |        0 |
|   10587 |        26 |   31.2300 |        6 |        0 |
|   10587 |        35 |   18.0000 |       20 |        0 |
|   10587 |        77 |   13.0000 |       20 |        0 |
|   10588 |        18 |   62.5000 |       40 |        0 |
|   10588 |        42 |   14.0000 |      100 |        0 |
|   10589 |        35 |   18.0000 |        4 |        0 |
|   10590 |         1 |   18.0000 |       20 |        0 |
|   10590 |        77 |   13.0000 |       60 |        0 |
|   10591 |         3 |   10.0000 |       14 |        0 |
|   10591 |         7 |   30.0000 |       10 |        0 |
|   10591 |        54 |    7.4500 |       50 |        0 |
|   10592 |        15 |   15.5000 |       25 |        0 |
|   10592 |        26 |   31.2300 |        5 |        0 |
|   10593 |        20 |   81.0000 |       21 |        0 |
|   10593 |        69 |   36.0000 |       20 |        0 |
|   10593 |        76 |   18.0000 |        4 |        0 |
|   10594 |        52 |    7.0000 |       24 |        0 |
|   10594 |        58 |   13.2500 |       30 |        0 |
|   10595 |        35 |   18.0000 |       30 |        0 |
|   10595 |        61 |   28.5000 |      120 |        0 |
|   10595 |        69 |   36.0000 |       65 |        0 |
|   10596 |        56 |   38.0000 |        5 |        0 |
|   10596 |        63 |   43.9000 |       24 |        0 |
|   10596 |        75 |    7.7500 |       30 |        0 |
|   10597 |        24 |    4.5000 |       35 |        0 |
|   10597 |        57 |   19.5000 |       20 |        0 |
|   10597 |        65 |   21.0500 |       12 |        0 |
|   10598 |        27 |   43.9000 |       50 |        0 |
|   10598 |        71 |   21.5000 |        9 |        0 |
|   10599 |        62 |   49.3000 |       10 |        0 |
|   10600 |        54 |    7.4500 |        4 |        0 |
|   10600 |        73 |   15.0000 |       30 |        0 |
|   10601 |        13 |    6.0000 |       60 |        0 |
|   10601 |        59 |   55.0000 |       35 |        0 |
|   10602 |        77 |   13.0000 |        5 |        0 |
|   10603 |        22 |   21.0000 |       48 |        0 |
|   10603 |        49 |   20.0000 |       25 |        0 |
|   10604 |        48 |   12.7500 |        6 |        0 |
|   10604 |        76 |   18.0000 |       10 |        0 |
|   10605 |        16 |   17.4500 |       30 |        0 |
|   10605 |        59 |   55.0000 |       20 |        0 |
|   10605 |        60 |   34.0000 |       70 |        0 |
|   10605 |        71 |   21.5000 |       15 |        0 |
|   10606 |         4 |   22.0000 |       20 |        0 |
|   10606 |        55 |   24.0000 |       20 |        0 |
|   10606 |        62 |   49.3000 |       10 |        0 |
|   10607 |         7 |   30.0000 |       45 |        0 |
|   10607 |        17 |   39.0000 |      100 |        0 |
|   10607 |        33 |    2.5000 |       14 |        0 |
|   10607 |        40 |   18.4000 |       42 |        0 |
|   10607 |        72 |   34.8000 |       12 |        0 |
|   10608 |        56 |   38.0000 |       28 |        0 |
|   10609 |         1 |   18.0000 |        3 |        0 |
|   10609 |        10 |   31.0000 |       10 |        0 |
|   10609 |        21 |   10.0000 |        6 |        0 |
|   10610 |        36 |   19.0000 |       21 |        0 |
|   10611 |         1 |   18.0000 |        6 |        0 |
|   10611 |         2 |   19.0000 |       10 |        0 |
|   10611 |        60 |   34.0000 |       15 |        0 |
|   10612 |        10 |   31.0000 |       70 |        0 |
|   10612 |        36 |   19.0000 |       55 |        0 |
|   10612 |        49 |   20.0000 |       18 |        0 |
|   10612 |        60 |   34.0000 |       40 |        0 |
|   10612 |        76 |   18.0000 |       80 |        0 |
|   10613 |        13 |    6.0000 |        8 |        0 |
|   10613 |        75 |    7.7500 |       40 |        0 |
|   10614 |        11 |   21.0000 |       14 |        0 |
|   10614 |        21 |   10.0000 |        8 |        0 |
|   10614 |        39 |   18.0000 |        5 |        0 |
|   10615 |        55 |   24.0000 |        5 |        0 |
|   10616 |        38 |  263.5000 |       15 |        0 |
|   10616 |        56 |   38.0000 |       14 |        0 |
|   10616 |        70 |   15.0000 |       15 |        0 |
|   10616 |        71 |   21.5000 |       15 |        0 |
|   10617 |        59 |   55.0000 |       30 |        0 |
|   10618 |         6 |   25.0000 |       70 |        0 |
|   10618 |        56 |   38.0000 |       20 |        0 |
|   10618 |        68 |   12.5000 |       15 |        0 |
|   10619 |        21 |   10.0000 |       42 |        0 |
|   10619 |        22 |   21.0000 |       40 |        0 |
|   10620 |        24 |    4.5000 |        5 |        0 |
|   10620 |        52 |    7.0000 |        5 |        0 |
|   10621 |        19 |    9.2000 |        5 |        0 |
|   10621 |        23 |    9.0000 |       10 |        0 |
|   10621 |        70 |   15.0000 |       20 |        0 |
|   10621 |        71 |   21.5000 |       15 |        0 |
|   10622 |         2 |   19.0000 |       20 |        0 |
|   10622 |        68 |   12.5000 |       18 |        0 |
|   10623 |        14 |   23.2500 |       21 |        0 |
|   10623 |        19 |    9.2000 |       15 |        0 |
|   10623 |        21 |   10.0000 |       25 |        0 |
|   10623 |        24 |    4.5000 |        3 |        0 |
|   10623 |        35 |   18.0000 |       30 |        0 |
|   10624 |        28 |   45.6000 |       10 |        0 |
|   10624 |        29 |  123.7900 |        6 |        0 |
|   10624 |        44 |   19.4500 |       10 |        0 |
|   10625 |        14 |   23.2500 |        3 |        0 |
|   10625 |        42 |   14.0000 |        5 |        0 |
|   10625 |        60 |   34.0000 |       10 |        0 |
|   10626 |        53 |   32.8000 |       12 |        0 |
|   10626 |        60 |   34.0000 |       20 |        0 |
|   10626 |        71 |   21.5000 |       20 |        0 |
|   10627 |        62 |   49.3000 |       15 |        0 |
|   10627 |        73 |   15.0000 |       35 |        0 |
|   10628 |         1 |   18.0000 |       25 |        0 |
|   10629 |        29 |  123.7900 |       20 |        0 |
|   10629 |        64 |   33.2500 |        9 |        0 |
|   10630 |        55 |   24.0000 |       12 |        0 |
|   10630 |        76 |   18.0000 |       35 |        0 |
|   10631 |        75 |    7.7500 |        8 |        0 |
|   10632 |         2 |   19.0000 |       30 |        0 |
|   10632 |        33 |    2.5000 |       20 |        0 |
|   10633 |        12 |   38.0000 |       36 |        0 |
|   10633 |        13 |    6.0000 |       13 |        0 |
|   10633 |        26 |   31.2300 |       35 |        0 |
|   10633 |        62 |   49.3000 |       80 |        0 |
|   10634 |         7 |   30.0000 |       35 |        0 |
|   10634 |        18 |   62.5000 |       50 |        0 |
|   10634 |        51 |   53.0000 |       15 |        0 |
|   10634 |        75 |    7.7500 |        2 |        0 |
|   10635 |         4 |   22.0000 |       10 |        0 |
|   10635 |         5 |   21.3500 |       15 |        0 |
|   10635 |        22 |   21.0000 |       40 |        0 |
|   10636 |         4 |   22.0000 |       25 |        0 |
|   10636 |        58 |   13.2500 |        6 |        0 |
|   10637 |        11 |   21.0000 |       10 |        0 |
|   10637 |        50 |   16.2500 |       25 |        0 |
|   10637 |        56 |   38.0000 |       60 |        0 |
|   10638 |        45 |    9.5000 |       20 |        0 |
|   10638 |        65 |   21.0500 |       21 |        0 |
|   10638 |        72 |   34.8000 |       60 |        0 |
|   10639 |        18 |   62.5000 |        8 |        0 |
|   10640 |        69 |   36.0000 |       20 |        0 |
|   10640 |        70 |   15.0000 |       15 |        0 |
|   10641 |         2 |   19.0000 |       50 |        0 |
|   10641 |        40 |   18.4000 |       60 |        0 |
|   10642 |        21 |   10.0000 |       30 |        0 |
|   10642 |        61 |   28.5000 |       20 |        0 |
|   10643 |        28 |   45.6000 |       15 |        0 |
|   10643 |        39 |   18.0000 |       21 |        0 |
|   10643 |        46 |   12.0000 |        2 |        0 |
|   10644 |        18 |   62.5000 |        4 |        0 |
|   10644 |        43 |   46.0000 |       20 |        0 |
|   10644 |        46 |   12.0000 |       21 |        0 |
|   10645 |        18 |   62.5000 |       20 |        0 |
|   10645 |        36 |   19.0000 |       15 |        0 |
|   10646 |         1 |   18.0000 |       15 |        0 |
|   10646 |        10 |   31.0000 |       18 |        0 |
|   10646 |        71 |   21.5000 |       30 |        0 |
|   10646 |        77 |   13.0000 |       35 |        0 |
|   10647 |        19 |    9.2000 |       30 |        0 |
|   10647 |        39 |   18.0000 |       20 |        0 |
|   10648 |        22 |   21.0000 |       15 |        0 |
|   10648 |        24 |    4.5000 |       15 |        0 |
|   10649 |        28 |   45.6000 |       20 |        0 |
|   10649 |        72 |   34.8000 |       15 |        0 |
|   10650 |        30 |   25.8900 |       30 |        0 |
|   10650 |        53 |   32.8000 |       25 |        0 |
|   10650 |        54 |    7.4500 |       30 |        0 |
|   10651 |        19 |    9.2000 |       12 |        0 |
|   10651 |        22 |   21.0000 |       20 |        0 |
|   10652 |        30 |   25.8900 |        2 |        0 |
|   10652 |        42 |   14.0000 |       20 |        0 |
|   10653 |        16 |   17.4500 |       30 |        0 |
|   10653 |        60 |   34.0000 |       20 |        0 |
|   10654 |         4 |   22.0000 |       12 |        0 |
|   10654 |        39 |   18.0000 |       20 |        0 |
|   10654 |        54 |    7.4500 |        6 |        0 |
|   10655 |        41 |    9.6500 |       20 |        0 |
|   10656 |        14 |   23.2500 |        3 |        0 |
|   10656 |        44 |   19.4500 |       28 |        0 |
|   10656 |        47 |    9.5000 |        6 |        0 |
|   10657 |        15 |   15.5000 |       50 |        0 |
|   10657 |        41 |    9.6500 |       24 |        0 |
|   10657 |        46 |   12.0000 |       45 |        0 |
|   10657 |        47 |    9.5000 |       10 |        0 |
|   10657 |        56 |   38.0000 |       45 |        0 |
|   10657 |        60 |   34.0000 |       30 |        0 |
|   10658 |        21 |   10.0000 |       60 |        0 |
|   10658 |        40 |   18.4000 |       70 |        0 |
|   10658 |        60 |   34.0000 |       55 |        0 |
|   10658 |        77 |   13.0000 |       70 |        0 |
|   10659 |        31 |   12.5000 |       20 |        0 |
|   10659 |        40 |   18.4000 |       24 |        0 |
|   10659 |        70 |   15.0000 |       40 |        0 |
|   10660 |        20 |   81.0000 |       21 |        0 |
|   10661 |        39 |   18.0000 |        3 |        0 |
|   10661 |        58 |   13.2500 |       49 |        0 |
|   10662 |        68 |   12.5000 |       10 |        0 |
|   10663 |        40 |   18.4000 |       30 |        0 |
|   10663 |        42 |   14.0000 |       30 |        0 |
|   10663 |        51 |   53.0000 |       20 |        0 |
|   10664 |        10 |   31.0000 |       24 |        0 |
|   10664 |        56 |   38.0000 |       12 |        0 |
|   10664 |        65 |   21.0500 |       15 |        0 |
|   10665 |        51 |   53.0000 |       20 |        0 |
|   10665 |        59 |   55.0000 |        1 |        0 |
|   10665 |        76 |   18.0000 |       10 |        0 |
|   10666 |        29 |  123.7900 |       36 |        0 |
|   10666 |        65 |   21.0500 |       10 |        0 |
|   10667 |        69 |   36.0000 |       45 |        0 |
|   10667 |        71 |   21.5000 |       14 |        0 |
|   10668 |        31 |   12.5000 |        8 |        0 |
|   10668 |        55 |   24.0000 |        4 |        0 |
|   10668 |        64 |   33.2500 |       15 |        0 |
|   10669 |        36 |   19.0000 |       30 |        0 |
|   10670 |        23 |    9.0000 |       32 |        0 |
|   10670 |        46 |   12.0000 |       60 |        0 |
|   10670 |        67 |   14.0000 |       25 |        0 |
|   10670 |        73 |   15.0000 |       50 |        0 |
|   10670 |        75 |    7.7500 |       25 |        0 |
|   10671 |        16 |   17.4500 |       10 |        0 |
|   10671 |        62 |   49.3000 |       10 |        0 |
|   10671 |        65 |   21.0500 |       12 |        0 |
|   10672 |        38 |  263.5000 |       15 |        0 |
|   10672 |        71 |   21.5000 |       12 |        0 |
|   10673 |        16 |   17.4500 |        3 |        0 |
|   10673 |        42 |   14.0000 |        6 |        0 |
|   10673 |        43 |   46.0000 |        6 |        0 |
|   10674 |        23 |    9.0000 |        5 |        0 |
|   10675 |        14 |   23.2500 |       30 |        0 |
|   10675 |        53 |   32.8000 |       10 |        0 |
|   10675 |        58 |   13.2500 |       30 |        0 |
|   10676 |        10 |   31.0000 |        2 |        0 |
|   10676 |        19 |    9.2000 |        7 |        0 |
|   10676 |        44 |   19.4500 |       21 |        0 |
|   10677 |        26 |   31.2300 |       30 |        0 |
|   10677 |        33 |    2.5000 |        8 |        0 |
|   10678 |        12 |   38.0000 |      100 |        0 |
|   10678 |        33 |    2.5000 |       30 |        0 |
|   10678 |        41 |    9.6500 |      120 |        0 |
|   10678 |        54 |    7.4500 |       30 |        0 |
|   10679 |        59 |   55.0000 |       12 |        0 |
|   10680 |        16 |   17.4500 |       50 |        0 |
|   10680 |        31 |   12.5000 |       20 |        0 |
|   10680 |        42 |   14.0000 |       40 |        0 |
|   10681 |        19 |    9.2000 |       30 |        0 |
|   10681 |        21 |   10.0000 |       12 |        0 |
|   10681 |        64 |   33.2500 |       28 |        0 |
|   10682 |        33 |    2.5000 |       30 |        0 |
|   10682 |        66 |   17.0000 |        4 |        0 |
|   10682 |        75 |    7.7500 |       30 |        0 |
|   10683 |        52 |    7.0000 |        9 |        0 |
|   10684 |        40 |   18.4000 |       20 |        0 |
|   10684 |        47 |    9.5000 |       40 |        0 |
|   10684 |        60 |   34.0000 |       30 |        0 |
|   10685 |        10 |   31.0000 |       20 |        0 |
|   10685 |        41 |    9.6500 |        4 |        0 |
|   10685 |        47 |    9.5000 |       15 |        0 |
|   10686 |        17 |   39.0000 |       30 |        0 |
|   10686 |        26 |   31.2300 |       15 |        0 |
|   10687 |         9 |   97.0000 |       50 |        0 |
|   10687 |        29 |  123.7900 |       10 |        0 |
|   10687 |        36 |   19.0000 |        6 |        0 |
|   10688 |        10 |   31.0000 |       18 |        0 |
|   10688 |        28 |   45.6000 |       60 |        0 |
|   10688 |        34 |   14.0000 |       14 |        0 |
|   10689 |         1 |   18.0000 |       35 |        0 |
|   10690 |        56 |   38.0000 |       20 |        0 |
|   10690 |        77 |   13.0000 |       30 |        0 |
|   10691 |         1 |   18.0000 |       30 |        0 |
|   10691 |        29 |  123.7900 |       40 |        0 |
|   10691 |        43 |   46.0000 |       40 |        0 |
|   10691 |        44 |   19.4500 |       24 |        0 |
|   10691 |        62 |   49.3000 |       48 |        0 |
|   10692 |        63 |   43.9000 |       20 |        0 |
|   10693 |         9 |   97.0000 |        6 |        0 |
|   10693 |        54 |    7.4500 |       60 |        0 |
|   10693 |        69 |   36.0000 |       30 |        0 |
|   10693 |        73 |   15.0000 |       15 |        0 |
|   10694 |         7 |   30.0000 |       90 |        0 |
|   10694 |        59 |   55.0000 |       25 |        0 |
|   10694 |        70 |   15.0000 |       50 |        0 |
|   10695 |         8 |   40.0000 |       10 |        0 |
|   10695 |        12 |   38.0000 |        4 |        0 |
|   10695 |        24 |    4.5000 |       20 |        0 |
|   10696 |        17 |   39.0000 |       20 |        0 |
|   10696 |        46 |   12.0000 |       18 |        0 |
|   10697 |        19 |    9.2000 |        7 |        0 |
|   10697 |        35 |   18.0000 |        9 |        0 |
|   10697 |        58 |   13.2500 |       30 |        0 |
|   10697 |        70 |   15.0000 |       30 |        0 |
|   10698 |        11 |   21.0000 |       15 |        0 |
|   10698 |        17 |   39.0000 |        8 |        0 |
|   10698 |        29 |  123.7900 |       12 |        0 |
|   10698 |        65 |   21.0500 |       65 |        0 |
|   10698 |        70 |   15.0000 |        8 |        0 |
|   10699 |        47 |    9.5000 |       12 |        0 |
|   10700 |         1 |   18.0000 |        5 |        0 |
|   10700 |        34 |   14.0000 |       12 |        0 |
|   10700 |        68 |   12.5000 |       40 |        0 |
|   10700 |        71 |   21.5000 |       60 |        0 |
|   10701 |        59 |   55.0000 |       42 |        0 |
|   10701 |        71 |   21.5000 |       20 |        0 |
|   10701 |        76 |   18.0000 |       35 |        0 |
|   10702 |         3 |   10.0000 |        6 |        0 |
|   10702 |        76 |   18.0000 |       15 |        0 |
|   10703 |         2 |   19.0000 |        5 |        0 |
|   10703 |        59 |   55.0000 |       35 |        0 |
|   10703 |        73 |   15.0000 |       35 |        0 |
|   10704 |         4 |   22.0000 |        6 |        0 |
|   10704 |        24 |    4.5000 |       35 |        0 |
|   10704 |        48 |   12.7500 |       24 |        0 |
|   10705 |        31 |   12.5000 |       20 |        0 |
|   10705 |        32 |   32.0000 |        4 |        0 |
|   10706 |        16 |   17.4500 |       20 |        0 |
|   10706 |        43 |   46.0000 |       24 |        0 |
|   10706 |        59 |   55.0000 |        8 |        0 |
|   10707 |        55 |   24.0000 |       21 |        0 |
|   10707 |        57 |   19.5000 |       40 |        0 |
|   10707 |        70 |   15.0000 |       28 |        0 |
|   10708 |         5 |   21.3500 |        4 |        0 |
|   10708 |        36 |   19.0000 |        5 |        0 |
|   10709 |         8 |   40.0000 |       40 |        0 |
|   10709 |        51 |   53.0000 |       28 |        0 |
|   10709 |        60 |   34.0000 |       10 |        0 |
|   10710 |        19 |    9.2000 |        5 |        0 |
|   10710 |        47 |    9.5000 |        5 |        0 |
|   10711 |        19 |    9.2000 |       12 |        0 |
|   10711 |        41 |    9.6500 |       42 |        0 |
|   10711 |        53 |   32.8000 |      120 |        0 |
|   10712 |        53 |   32.8000 |        3 |        0 |
|   10712 |        56 |   38.0000 |       30 |        0 |
|   10713 |        10 |   31.0000 |       18 |        0 |
|   10713 |        26 |   31.2300 |       30 |        0 |
|   10713 |        45 |    9.5000 |      110 |        0 |
|   10713 |        46 |   12.0000 |       24 |        0 |
|   10714 |         2 |   19.0000 |       30 |        0 |
|   10714 |        17 |   39.0000 |       27 |        0 |
|   10714 |        47 |    9.5000 |       50 |        0 |
|   10714 |        56 |   38.0000 |       18 |        0 |
|   10714 |        58 |   13.2500 |       12 |        0 |
|   10715 |        10 |   31.0000 |       21 |        0 |
|   10715 |        71 |   21.5000 |       30 |        0 |
|   10716 |        21 |   10.0000 |        5 |        0 |
|   10716 |        51 |   53.0000 |        7 |        0 |
|   10716 |        61 |   28.5000 |       10 |        0 |
|   10717 |        21 |   10.0000 |       32 |        0 |
|   10717 |        54 |    7.4500 |       15 |        0 |
|   10717 |        69 |   36.0000 |       25 |        0 |
|   10718 |        12 |   38.0000 |       36 |        0 |
|   10718 |        16 |   17.4500 |       20 |        0 |
|   10718 |        36 |   19.0000 |       40 |        0 |
|   10718 |        62 |   49.3000 |       20 |        0 |
|   10719 |        18 |   62.5000 |       12 |        0 |
|   10719 |        30 |   25.8900 |        3 |        0 |
|   10719 |        54 |    7.4500 |       40 |        0 |
|   10720 |        35 |   18.0000 |       21 |        0 |
|   10720 |        71 |   21.5000 |        8 |        0 |
|   10721 |        44 |   19.4500 |       50 |        0 |
|   10722 |         2 |   19.0000 |        3 |        0 |
|   10722 |        31 |   12.5000 |       50 |        0 |
|   10722 |        68 |   12.5000 |       45 |        0 |
|   10722 |        75 |    7.7500 |       42 |        0 |
|   10723 |        26 |   31.2300 |       15 |        0 |
|   10724 |        10 |   31.0000 |       16 |        0 |
|   10724 |        61 |   28.5000 |        5 |        0 |
|   10725 |        41 |    9.6500 |       12 |        0 |
|   10725 |        52 |    7.0000 |        4 |        0 |
|   10725 |        55 |   24.0000 |        6 |        0 |
|   10726 |         4 |   22.0000 |       25 |        0 |
|   10726 |        11 |   21.0000 |        5 |        0 |
|   10727 |        17 |   39.0000 |       20 |        0 |
|   10727 |        56 |   38.0000 |       10 |        0 |
|   10727 |        59 |   55.0000 |       10 |        0 |
|   10728 |        30 |   25.8900 |       15 |        0 |
|   10728 |        40 |   18.4000 |        6 |        0 |
|   10728 |        55 |   24.0000 |       12 |        0 |
|   10728 |        60 |   34.0000 |       15 |        0 |
|   10729 |         1 |   18.0000 |       50 |        0 |
|   10729 |        21 |   10.0000 |       30 |        0 |
|   10729 |        50 |   16.2500 |       40 |        0 |
|   10730 |        16 |   17.4500 |       15 |        0 |
|   10730 |        31 |   12.5000 |        3 |        0 |
|   10730 |        65 |   21.0500 |       10 |        0 |
|   10731 |        21 |   10.0000 |       40 |        0 |
|   10731 |        51 |   53.0000 |       30 |        0 |
|   10732 |        76 |   18.0000 |       20 |        0 |
|   10733 |        14 |   23.2500 |       16 |        0 |
|   10733 |        28 |   45.6000 |       20 |        0 |
|   10733 |        52 |    7.0000 |       25 |        0 |
|   10734 |         6 |   25.0000 |       30 |        0 |
|   10734 |        30 |   25.8900 |       15 |        0 |
|   10734 |        76 |   18.0000 |       20 |        0 |
|   10735 |        61 |   28.5000 |       20 |        0 |
|   10735 |        77 |   13.0000 |        2 |        0 |
|   10736 |        65 |   21.0500 |       40 |        0 |
|   10736 |        75 |    7.7500 |       20 |        0 |
|   10737 |        13 |    6.0000 |        4 |        0 |
|   10737 |        41 |    9.6500 |       12 |        0 |
|   10738 |        16 |   17.4500 |        3 |        0 |
|   10739 |        36 |   19.0000 |        6 |        0 |
|   10739 |        52 |    7.0000 |       18 |        0 |
|   10740 |        28 |   45.6000 |        5 |        0 |
|   10740 |        35 |   18.0000 |       35 |        0 |
|   10740 |        45 |    9.5000 |       40 |        0 |
|   10740 |        56 |   38.0000 |       14 |        0 |
|   10741 |         2 |   19.0000 |       15 |        0 |
|   10742 |         3 |   10.0000 |       20 |        0 |
|   10742 |        60 |   34.0000 |       50 |        0 |
|   10742 |        72 |   34.8000 |       35 |        0 |
|   10743 |        46 |   12.0000 |       28 |        0 |
|   10744 |        40 |   18.4000 |       50 |        0 |
|   10745 |        18 |   62.5000 |       24 |        0 |
|   10745 |        44 |   19.4500 |       16 |        0 |
|   10745 |        59 |   55.0000 |       45 |        0 |
|   10745 |        72 |   34.8000 |        7 |        0 |
|   10746 |        13 |    6.0000 |        6 |        0 |
|   10746 |        42 |   14.0000 |       28 |        0 |
|   10746 |        62 |   49.3000 |        9 |        0 |
|   10746 |        69 |   36.0000 |       40 |        0 |
|   10747 |        31 |   12.5000 |        8 |        0 |
|   10747 |        41 |    9.6500 |       35 |        0 |
|   10747 |        63 |   43.9000 |        9 |        0 |
|   10747 |        69 |   36.0000 |       30 |        0 |
|   10748 |        23 |    9.0000 |       44 |        0 |
|   10748 |        40 |   18.4000 |       40 |        0 |
|   10748 |        56 |   38.0000 |       28 |        0 |
|   10749 |        56 |   38.0000 |       15 |        0 |
|   10749 |        59 |   55.0000 |        6 |        0 |
|   10749 |        76 |   18.0000 |       10 |        0 |
|   10750 |        14 |   23.2500 |        5 |        0 |
|   10750 |        45 |    9.5000 |       40 |        0 |
|   10750 |        59 |   55.0000 |       25 |        0 |
|   10751 |        26 |   31.2300 |       12 |        0 |
|   10751 |        30 |   25.8900 |       30 |        0 |
|   10751 |        50 |   16.2500 |       20 |        0 |
|   10751 |        73 |   15.0000 |       15 |        0 |
|   10752 |         1 |   18.0000 |        8 |        0 |
|   10752 |        69 |   36.0000 |        3 |        0 |
|   10753 |        45 |    9.5000 |        4 |        0 |
|   10753 |        74 |   10.0000 |        5 |        0 |
|   10754 |        40 |   18.4000 |        3 |        0 |
|   10755 |        47 |    9.5000 |       30 |        0 |
|   10755 |        56 |   38.0000 |       30 |        0 |
|   10755 |        57 |   19.5000 |       14 |        0 |
|   10755 |        69 |   36.0000 |       25 |        0 |
|   10756 |        18 |   62.5000 |       21 |        0 |
|   10756 |        36 |   19.0000 |       20 |        0 |
|   10756 |        68 |   12.5000 |        6 |        0 |
|   10756 |        69 |   36.0000 |       20 |        0 |
|   10757 |        34 |   14.0000 |       30 |        0 |
|   10757 |        59 |   55.0000 |        7 |        0 |
|   10757 |        62 |   49.3000 |       30 |        0 |
|   10757 |        64 |   33.2500 |       24 |        0 |
|   10758 |        26 |   31.2300 |       20 |        0 |
|   10758 |        52 |    7.0000 |       60 |        0 |
|   10758 |        70 |   15.0000 |       40 |        0 |
|   10759 |        32 |   32.0000 |       10 |        0 |
|   10760 |        25 |   14.0000 |       12 |        0 |
|   10760 |        27 |   43.9000 |       40 |        0 |
|   10760 |        43 |   46.0000 |       30 |        0 |
|   10761 |        25 |   14.0000 |       35 |        0 |
|   10761 |        75 |    7.7500 |       18 |        0 |
|   10762 |        39 |   18.0000 |       16 |        0 |
|   10762 |        47 |    9.5000 |       30 |        0 |
|   10762 |        51 |   53.0000 |       28 |        0 |
|   10762 |        56 |   38.0000 |       60 |        0 |
|   10763 |        21 |   10.0000 |       40 |        0 |
|   10763 |        22 |   21.0000 |        6 |        0 |
|   10763 |        24 |    4.5000 |       20 |        0 |
|   10764 |         3 |   10.0000 |       20 |        0 |
|   10764 |        39 |   18.0000 |      130 |        0 |
|   10765 |        65 |   21.0500 |       80 |        0 |
|   10766 |         2 |   19.0000 |       40 |        0 |
|   10766 |         7 |   30.0000 |       35 |        0 |
|   10766 |        68 |   12.5000 |       40 |        0 |
|   10767 |        42 |   14.0000 |        2 |        0 |
|   10768 |        22 |   21.0000 |        4 |        0 |
|   10768 |        31 |   12.5000 |       50 |        0 |
|   10768 |        60 |   34.0000 |       15 |        0 |
|   10768 |        71 |   21.5000 |       12 |        0 |
|   10769 |        41 |    9.6500 |       30 |        0 |
|   10769 |        52 |    7.0000 |       15 |        0 |
|   10769 |        61 |   28.5000 |       20 |        0 |
|   10769 |        62 |   49.3000 |       15 |        0 |
|   10770 |        11 |   21.0000 |       15 |        0 |
|   10771 |        71 |   21.5000 |       16 |        0 |
|   10772 |        29 |  123.7900 |       18 |        0 |
|   10772 |        59 |   55.0000 |       25 |        0 |
|   10773 |        17 |   39.0000 |       33 |        0 |
|   10773 |        31 |   12.5000 |       70 |        0 |
|   10773 |        75 |    7.7500 |        7 |        0 |
|   10774 |        31 |   12.5000 |        2 |        0 |
|   10774 |        66 |   17.0000 |       50 |        0 |
|   10775 |        10 |   31.0000 |        6 |        0 |
|   10775 |        67 |   14.0000 |        3 |        0 |
|   10776 |        31 |   12.5000 |       16 |        0 |
|   10776 |        42 |   14.0000 |       12 |        0 |
|   10776 |        45 |    9.5000 |       27 |        0 |
|   10776 |        51 |   53.0000 |      120 |        0 |
|   10777 |        42 |   14.0000 |       20 |        0 |
|   10778 |        41 |    9.6500 |       10 |        0 |
|   10779 |        16 |   17.4500 |       20 |        0 |
|   10779 |        62 |   49.3000 |       20 |        0 |
|   10780 |        70 |   15.0000 |       35 |        0 |
|   10780 |        77 |   13.0000 |       15 |        0 |
|   10781 |        54 |    7.4500 |        3 |        0 |
|   10781 |        56 |   38.0000 |       20 |        0 |
|   10781 |        74 |   10.0000 |       35 |        0 |
|   10782 |        31 |   12.5000 |        1 |        0 |
|   10783 |        31 |   12.5000 |       10 |        0 |
|   10783 |        38 |  263.5000 |        5 |        0 |
|   10784 |        36 |   19.0000 |       30 |        0 |
|   10784 |        39 |   18.0000 |        2 |        0 |
|   10784 |        72 |   34.8000 |       30 |        0 |
|   10785 |        10 |   31.0000 |       10 |        0 |
|   10785 |        75 |    7.7500 |       10 |        0 |
|   10786 |         8 |   40.0000 |       30 |        0 |
|   10786 |        30 |   25.8900 |       15 |        0 |
|   10786 |        75 |    7.7500 |       42 |        0 |
|   10787 |         2 |   19.0000 |       15 |        0 |
|   10787 |        29 |  123.7900 |       20 |        0 |
|   10788 |        19 |    9.2000 |       50 |        0 |
|   10788 |        75 |    7.7500 |       40 |        0 |
|   10789 |        18 |   62.5000 |       30 |        0 |
|   10789 |        35 |   18.0000 |       15 |        0 |
|   10789 |        63 |   43.9000 |       30 |        0 |
|   10789 |        68 |   12.5000 |       18 |        0 |
|   10790 |         7 |   30.0000 |        3 |        0 |
|   10790 |        56 |   38.0000 |       20 |        0 |
|   10791 |        29 |  123.7900 |       14 |        0 |
|   10791 |        41 |    9.6500 |       20 |        0 |
|   10792 |         2 |   19.0000 |       10 |        0 |
|   10792 |        54 |    7.4500 |        3 |        0 |
|   10792 |        68 |   12.5000 |       15 |        0 |
|   10793 |        41 |    9.6500 |       14 |        0 |
|   10793 |        52 |    7.0000 |        8 |        0 |
|   10794 |        14 |   23.2500 |       15 |        0 |
|   10794 |        54 |    7.4500 |        6 |        0 |
|   10795 |        16 |   17.4500 |       65 |        0 |
|   10795 |        17 |   39.0000 |       35 |        0 |
|   10796 |        26 |   31.2300 |       21 |        0 |
|   10796 |        44 |   19.4500 |       10 |        0 |
|   10796 |        64 |   33.2500 |       35 |        0 |
|   10796 |        69 |   36.0000 |       24 |        0 |
|   10797 |        11 |   21.0000 |       20 |        0 |
|   10798 |        62 |   49.3000 |        2 |        0 |
|   10798 |        72 |   34.8000 |       10 |        0 |
|   10799 |        13 |    6.0000 |       20 |        0 |
|   10799 |        24 |    4.5000 |       20 |        0 |
|   10799 |        59 |   55.0000 |       25 |        0 |
|   10800 |        11 |   21.0000 |       50 |        0 |
|   10800 |        51 |   53.0000 |       10 |        0 |
|   10800 |        54 |    7.4500 |        7 |        0 |
|   10801 |        17 |   39.0000 |       40 |        0 |
|   10801 |        29 |  123.7900 |       20 |        0 |
|   10802 |        30 |   25.8900 |       25 |        0 |
|   10802 |        51 |   53.0000 |       30 |        0 |
|   10802 |        55 |   24.0000 |       60 |        0 |
|   10802 |        62 |   49.3000 |        5 |        0 |
|   10803 |        19 |    9.2000 |       24 |        0 |
|   10803 |        25 |   14.0000 |       15 |        0 |
|   10803 |        59 |   55.0000 |       15 |        0 |
|   10804 |        10 |   31.0000 |       36 |        0 |
|   10804 |        28 |   45.6000 |       24 |        0 |
|   10804 |        49 |   20.0000 |        4 |        0 |
|   10805 |        34 |   14.0000 |       10 |        0 |
|   10805 |        38 |  263.5000 |       10 |        0 |
|   10806 |         2 |   19.0000 |       20 |        0 |
|   10806 |        65 |   21.0500 |        2 |        0 |
|   10806 |        74 |   10.0000 |       15 |        0 |
|   10807 |        40 |   18.4000 |        1 |        0 |
|   10808 |        56 |   38.0000 |       20 |        0 |
|   10808 |        76 |   18.0000 |       50 |        0 |
|   10809 |        52 |    7.0000 |       20 |        0 |
|   10810 |        13 |    6.0000 |        7 |        0 |
|   10810 |        25 |   14.0000 |        5 |        0 |
|   10810 |        70 |   15.0000 |        5 |        0 |
|   10811 |        19 |    9.2000 |       15 |        0 |
|   10811 |        23 |    9.0000 |       18 |        0 |
|   10811 |        40 |   18.4000 |       30 |        0 |
|   10812 |        31 |   12.5000 |       16 |        0 |
|   10812 |        72 |   34.8000 |       40 |        0 |
|   10812 |        77 |   13.0000 |       20 |        0 |
|   10813 |         2 |   19.0000 |       12 |        0 |
|   10813 |        46 |   12.0000 |       35 |        0 |
|   10814 |        41 |    9.6500 |       20 |        0 |
|   10814 |        43 |   46.0000 |       20 |        0 |
|   10814 |        48 |   12.7500 |        8 |        0 |
|   10814 |        61 |   28.5000 |       30 |        0 |
|   10815 |        33 |    2.5000 |       16 |        0 |
|   10816 |        38 |  263.5000 |       30 |        0 |
|   10816 |        62 |   49.3000 |       20 |        0 |
|   10817 |        26 |   31.2300 |       40 |        0 |
|   10817 |        38 |  263.5000 |       30 |        0 |
|   10817 |        40 |   18.4000 |       60 |        0 |
|   10817 |        62 |   49.3000 |       25 |        0 |
|   10818 |        32 |   32.0000 |       20 |        0 |
|   10818 |        41 |    9.6500 |       20 |        0 |
|   10819 |        43 |   46.0000 |        7 |        0 |
|   10819 |        75 |    7.7500 |       20 |        0 |
|   10820 |        56 |   38.0000 |       30 |        0 |
|   10821 |        35 |   18.0000 |       20 |        0 |
|   10821 |        51 |   53.0000 |        6 |        0 |
|   10822 |        62 |   49.3000 |        3 |        0 |
|   10822 |        70 |   15.0000 |        6 |        0 |
|   10823 |        11 |   21.0000 |       20 |        0 |
|   10823 |        57 |   19.5000 |       15 |        0 |
|   10823 |        59 |   55.0000 |       40 |        0 |
|   10823 |        77 |   13.0000 |       15 |        0 |
|   10824 |        41 |    9.6500 |       12 |        0 |
|   10824 |        70 |   15.0000 |        9 |        0 |
|   10825 |        26 |   31.2300 |       12 |        0 |
|   10825 |        53 |   32.8000 |       20 |        0 |
|   10826 |        31 |   12.5000 |       35 |        0 |
|   10826 |        57 |   19.5000 |       15 |        0 |
|   10827 |        10 |   31.0000 |       15 |        0 |
|   10827 |        39 |   18.0000 |       21 |        0 |
|   10828 |        20 |   81.0000 |        5 |        0 |
|   10828 |        38 |  263.5000 |        2 |        0 |
|   10829 |         2 |   19.0000 |       10 |        0 |
|   10829 |         8 |   40.0000 |       20 |        0 |
|   10829 |        13 |    6.0000 |       10 |        0 |
|   10829 |        60 |   34.0000 |       21 |        0 |
|   10830 |         6 |   25.0000 |        6 |        0 |
|   10830 |        39 |   18.0000 |       28 |        0 |
|   10830 |        60 |   34.0000 |       30 |        0 |
|   10830 |        68 |   12.5000 |       24 |        0 |
|   10831 |        19 |    9.2000 |        2 |        0 |
|   10831 |        35 |   18.0000 |        8 |        0 |
|   10831 |        38 |  263.5000 |        8 |        0 |
|   10831 |        43 |   46.0000 |        9 |        0 |
|   10832 |        13 |    6.0000 |        3 |        0 |
|   10832 |        25 |   14.0000 |       10 |        0 |
|   10832 |        44 |   19.4500 |       16 |        0 |
|   10832 |        64 |   33.2500 |        3 |        0 |
|   10833 |         7 |   30.0000 |       20 |        0 |
|   10833 |        31 |   12.5000 |        9 |        0 |
|   10833 |        53 |   32.8000 |        9 |        0 |
|   10834 |        29 |  123.7900 |        8 |        0 |
|   10834 |        30 |   25.8900 |       20 |        0 |
|   10835 |        59 |   55.0000 |       15 |        0 |
|   10835 |        77 |   13.0000 |        2 |        0 |
|   10836 |        22 |   21.0000 |       52 |        0 |
|   10836 |        35 |   18.0000 |        6 |        0 |
|   10836 |        57 |   19.5000 |       24 |        0 |
|   10836 |        60 |   34.0000 |       60 |        0 |
|   10836 |        64 |   33.2500 |       30 |        0 |
|   10837 |        13 |    6.0000 |        6 |        0 |
|   10837 |        40 |   18.4000 |       25 |        0 |
|   10837 |        47 |    9.5000 |       40 |        0 |
|   10837 |        76 |   18.0000 |       21 |        0 |
|   10838 |         1 |   18.0000 |        4 |        0 |
|   10838 |        18 |   62.5000 |       25 |        0 |
|   10838 |        36 |   19.0000 |       50 |        0 |
|   10839 |        58 |   13.2500 |       30 |        0 |
|   10839 |        72 |   34.8000 |       15 |        0 |
|   10840 |        25 |   14.0000 |        6 |        0 |
|   10840 |        39 |   18.0000 |       10 |        0 |
|   10841 |        10 |   31.0000 |       16 |        0 |
|   10841 |        56 |   38.0000 |       30 |        0 |
|   10841 |        59 |   55.0000 |       50 |        0 |
|   10841 |        77 |   13.0000 |       15 |        0 |
|   10842 |        11 |   21.0000 |       15 |        0 |
|   10842 |        43 |   46.0000 |        5 |        0 |
|   10842 |        68 |   12.5000 |       20 |        0 |
|   10842 |        70 |   15.0000 |       12 |        0 |
|   10843 |        51 |   53.0000 |        4 |        0 |
|   10844 |        22 |   21.0000 |       35 |        0 |
|   10845 |        23 |    9.0000 |       70 |        0 |
|   10845 |        35 |   18.0000 |       25 |        0 |
|   10845 |        42 |   14.0000 |       42 |        0 |
|   10845 |        58 |   13.2500 |       60 |        0 |
|   10845 |        64 |   33.2500 |       48 |        0 |
|   10846 |         4 |   22.0000 |       21 |        0 |
|   10846 |        70 |   15.0000 |       30 |        0 |
|   10846 |        74 |   10.0000 |       20 |        0 |
|   10847 |         1 |   18.0000 |       80 |        0 |
|   10847 |        19 |    9.2000 |       12 |        0 |
|   10847 |        37 |   26.0000 |       60 |        0 |
|   10847 |        45 |    9.5000 |       36 |        0 |
|   10847 |        60 |   34.0000 |       45 |        0 |
|   10847 |        71 |   21.5000 |       55 |        0 |
|   10848 |         5 |   21.3500 |       30 |        0 |
|   10848 |         9 |   97.0000 |        3 |        0 |
|   10849 |         3 |   10.0000 |       49 |        0 |
|   10849 |        26 |   31.2300 |       18 |        0 |
|   10850 |        25 |   14.0000 |       20 |        0 |
|   10850 |        33 |    2.5000 |        4 |        0 |
|   10850 |        70 |   15.0000 |       30 |        0 |
|   10851 |         2 |   19.0000 |        5 |        0 |
|   10851 |        25 |   14.0000 |       10 |        0 |
|   10851 |        57 |   19.5000 |       10 |        0 |
|   10851 |        59 |   55.0000 |       42 |        0 |
|   10852 |         2 |   19.0000 |       15 |        0 |
|   10852 |        17 |   39.0000 |        6 |        0 |
|   10852 |        62 |   49.3000 |       50 |        0 |
|   10853 |        18 |   62.5000 |       10 |        0 |
|   10854 |        10 |   31.0000 |      100 |        0 |
|   10854 |        13 |    6.0000 |       65 |        0 |
|   10855 |        16 |   17.4500 |       50 |        0 |
|   10855 |        31 |   12.5000 |       14 |        0 |
|   10855 |        56 |   38.0000 |       24 |        0 |
|   10855 |        65 |   21.0500 |       15 |        0 |
|   10856 |         2 |   19.0000 |       20 |        0 |
|   10856 |        42 |   14.0000 |       20 |        0 |
|   10857 |         3 |   10.0000 |       30 |        0 |
|   10857 |        26 |   31.2300 |       35 |        0 |
|   10857 |        29 |  123.7900 |       10 |        0 |
|   10858 |         7 |   30.0000 |        5 |        0 |
|   10858 |        27 |   43.9000 |       10 |        0 |
|   10858 |        70 |   15.0000 |        4 |        0 |
|   10859 |        24 |    4.5000 |       40 |        0 |
|   10859 |        54 |    7.4500 |       35 |        0 |
|   10859 |        64 |   33.2500 |       30 |        0 |
|   10860 |        51 |   53.0000 |        3 |        0 |
|   10860 |        76 |   18.0000 |       20 |        0 |
|   10861 |        17 |   39.0000 |       42 |        0 |
|   10861 |        18 |   62.5000 |       20 |        0 |
|   10861 |        21 |   10.0000 |       40 |        0 |
|   10861 |        33 |    2.5000 |       35 |        0 |
|   10861 |        62 |   49.3000 |        3 |        0 |
|   10862 |        11 |   21.0000 |       25 |        0 |
|   10862 |        52 |    7.0000 |        8 |        0 |
|   10863 |         1 |   18.0000 |       20 |        0 |
|   10863 |        58 |   13.2500 |       12 |        0 |
|   10864 |        35 |   18.0000 |        4 |        0 |
|   10864 |        67 |   14.0000 |       15 |        0 |
|   10865 |        38 |  263.5000 |       60 |        0 |
|   10865 |        39 |   18.0000 |       80 |        0 |
|   10866 |         2 |   19.0000 |       21 |        0 |
|   10866 |        24 |    4.5000 |        6 |        0 |
|   10866 |        30 |   25.8900 |       40 |        0 |
|   10867 |        53 |   32.8000 |        3 |        0 |
|   10868 |        26 |   31.2300 |       20 |        0 |
|   10868 |        35 |   18.0000 |       30 |        0 |
|   10868 |        49 |   20.0000 |       42 |        0 |
|   10869 |         1 |   18.0000 |       40 |        0 |
|   10869 |        11 |   21.0000 |       10 |        0 |
|   10869 |        23 |    9.0000 |       50 |        0 |
|   10869 |        68 |   12.5000 |       20 |        0 |
|   10870 |        35 |   18.0000 |        3 |        0 |
|   10870 |        51 |   53.0000 |        2 |        0 |
|   10871 |         6 |   25.0000 |       50 |        0 |
|   10871 |        16 |   17.4500 |       12 |        0 |
|   10871 |        17 |   39.0000 |       16 |        0 |
|   10872 |        55 |   24.0000 |       10 |        0 |
|   10872 |        62 |   49.3000 |       20 |        0 |
|   10872 |        64 |   33.2500 |       15 |        0 |
|   10872 |        65 |   21.0500 |       21 |        0 |
|   10873 |        21 |   10.0000 |       20 |        0 |
|   10873 |        28 |   45.6000 |        3 |        0 |
|   10874 |        10 |   31.0000 |       10 |        0 |
|   10875 |        19 |    9.2000 |       25 |        0 |
|   10875 |        47 |    9.5000 |       21 |        0 |
|   10875 |        49 |   20.0000 |       15 |        0 |
|   10876 |        46 |   12.0000 |       21 |        0 |
|   10876 |        64 |   33.2500 |       20 |        0 |
|   10877 |        16 |   17.4500 |       30 |        0 |
|   10877 |        18 |   62.5000 |       25 |        0 |
|   10878 |        20 |   81.0000 |       20 |        0 |
|   10879 |        40 |   18.4000 |       12 |        0 |
|   10879 |        65 |   21.0500 |       10 |        0 |
|   10879 |        76 |   18.0000 |       10 |        0 |
|   10880 |        23 |    9.0000 |       30 |        0 |
|   10880 |        61 |   28.5000 |       30 |        0 |
|   10880 |        70 |   15.0000 |       50 |        0 |
|   10881 |        73 |   15.0000 |       10 |        0 |
|   10882 |        42 |   14.0000 |       25 |        0 |
|   10882 |        49 |   20.0000 |       20 |        0 |
|   10882 |        54 |    7.4500 |       32 |        0 |
|   10883 |        24 |    4.5000 |        8 |        0 |
|   10884 |        21 |   10.0000 |       40 |        0 |
|   10884 |        56 |   38.0000 |       21 |        0 |
|   10884 |        65 |   21.0500 |       12 |        0 |
|   10885 |         2 |   19.0000 |       20 |        0 |
|   10885 |        24 |    4.5000 |       12 |        0 |
|   10885 |        70 |   15.0000 |       30 |        0 |
|   10885 |        77 |   13.0000 |       25 |        0 |
|   10886 |        10 |   31.0000 |       70 |        0 |
|   10886 |        31 |   12.5000 |       35 |        0 |
|   10886 |        77 |   13.0000 |       40 |        0 |
|   10887 |        25 |   14.0000 |        5 |        0 |
|   10888 |         2 |   19.0000 |       20 |        0 |
|   10888 |        68 |   12.5000 |       18 |        0 |
|   10889 |        11 |   21.0000 |       40 |        0 |
|   10889 |        38 |  263.5000 |       40 |        0 |
|   10890 |        17 |   39.0000 |       15 |        0 |
|   10890 |        34 |   14.0000 |       10 |        0 |
|   10890 |        41 |    9.6500 |       14 |        0 |
|   10891 |        30 |   25.8900 |       15 |        0 |
|   10892 |        59 |   55.0000 |       40 |        0 |
|   10893 |         8 |   40.0000 |       30 |        0 |
|   10893 |        24 |    4.5000 |       10 |        0 |
|   10893 |        29 |  123.7900 |       24 |        0 |
|   10893 |        30 |   25.8900 |       35 |        0 |
|   10893 |        36 |   19.0000 |       20 |        0 |
|   10894 |        13 |    6.0000 |       28 |        0 |
|   10894 |        69 |   36.0000 |       50 |        0 |
|   10894 |        75 |    7.7500 |      120 |        0 |
|   10895 |        24 |    4.5000 |      110 |        0 |
|   10895 |        39 |   18.0000 |       45 |        0 |
|   10895 |        40 |   18.4000 |       91 |        0 |
|   10895 |        60 |   34.0000 |      100 |        0 |
|   10896 |        45 |    9.5000 |       15 |        0 |
|   10896 |        56 |   38.0000 |       16 |        0 |
|   10897 |        29 |  123.7900 |       80 |        0 |
|   10897 |        30 |   25.8900 |       36 |        0 |
|   10898 |        13 |    6.0000 |        5 |        0 |
|   10899 |        39 |   18.0000 |        8 |        0 |
|   10900 |        70 |   15.0000 |        3 |        0 |
|   10901 |        41 |    9.6500 |       30 |        0 |
|   10901 |        71 |   21.5000 |       30 |        0 |
|   10902 |        55 |   24.0000 |       30 |        0 |
|   10902 |        62 |   49.3000 |        6 |        0 |
|   10903 |        13 |    6.0000 |       40 |        0 |
|   10903 |        65 |   21.0500 |       21 |        0 |
|   10903 |        68 |   12.5000 |       20 |        0 |
|   10904 |        58 |   13.2500 |       15 |        0 |
|   10904 |        62 |   49.3000 |       35 |        0 |
|   10905 |         1 |   18.0000 |       20 |        0 |
|   10906 |        61 |   28.5000 |       15 |        0 |
|   10907 |        75 |    7.7500 |       14 |        0 |
|   10908 |         7 |   30.0000 |       20 |        0 |
|   10908 |        52 |    7.0000 |       14 |        0 |
|   10909 |         7 |   30.0000 |       12 |        0 |
|   10909 |        16 |   17.4500 |       15 |        0 |
|   10909 |        41 |    9.6500 |        5 |        0 |
|   10910 |        19 |    9.2000 |       12 |        0 |
|   10910 |        49 |   20.0000 |       10 |        0 |
|   10910 |        61 |   28.5000 |        5 |        0 |
|   10911 |         1 |   18.0000 |       10 |        0 |
|   10911 |        17 |   39.0000 |       12 |        0 |
|   10911 |        67 |   14.0000 |       15 |        0 |
|   10912 |        11 |   21.0000 |       40 |        0 |
|   10912 |        29 |  123.7900 |       60 |        0 |
|   10913 |         4 |   22.0000 |       30 |        0 |
|   10913 |        33 |    2.5000 |       40 |        0 |
|   10913 |        58 |   13.2500 |       15 |        0 |
|   10914 |        71 |   21.5000 |       25 |        0 |
|   10915 |        17 |   39.0000 |       10 |        0 |
|   10915 |        33 |    2.5000 |       30 |        0 |
|   10915 |        54 |    7.4500 |       10 |        0 |
|   10916 |        16 |   17.4500 |        6 |        0 |
|   10916 |        32 |   32.0000 |        6 |        0 |
|   10916 |        57 |   19.5000 |       20 |        0 |
|   10917 |        30 |   25.8900 |        1 |        0 |
|   10917 |        60 |   34.0000 |       10 |        0 |
|   10918 |         1 |   18.0000 |       60 |        0 |
|   10918 |        60 |   34.0000 |       25 |        0 |
|   10919 |        16 |   17.4500 |       24 |        0 |
|   10919 |        25 |   14.0000 |       24 |        0 |
|   10919 |        40 |   18.4000 |       20 |        0 |
|   10920 |        50 |   16.2500 |       24 |        0 |
|   10921 |        35 |   18.0000 |       10 |        0 |
|   10921 |        63 |   43.9000 |       40 |        0 |
|   10922 |        17 |   39.0000 |       15 |        0 |
|   10922 |        24 |    4.5000 |       35 |        0 |
|   10923 |        42 |   14.0000 |       10 |        0 |
|   10923 |        43 |   46.0000 |       10 |        0 |
|   10923 |        67 |   14.0000 |       24 |        0 |
|   10924 |        10 |   31.0000 |       20 |        0 |
|   10924 |        28 |   45.6000 |       30 |        0 |
|   10924 |        75 |    7.7500 |        6 |        0 |
|   10925 |        36 |   19.0000 |       25 |        0 |
|   10925 |        52 |    7.0000 |       12 |        0 |
|   10926 |        11 |   21.0000 |        2 |        0 |
|   10926 |        13 |    6.0000 |       10 |        0 |
|   10926 |        19 |    9.2000 |        7 |        0 |
|   10926 |        72 |   34.8000 |       10 |        0 |
|   10927 |        20 |   81.0000 |        5 |        0 |
|   10927 |        52 |    7.0000 |        5 |        0 |
|   10927 |        76 |   18.0000 |       20 |        0 |
|   10928 |        47 |    9.5000 |        5 |        0 |
|   10928 |        76 |   18.0000 |        5 |        0 |
|   10929 |        21 |   10.0000 |       60 |        0 |
|   10929 |        75 |    7.7500 |       49 |        0 |
|   10929 |        77 |   13.0000 |       15 |        0 |
|   10930 |        21 |   10.0000 |       36 |        0 |
|   10930 |        27 |   43.9000 |       25 |        0 |
|   10930 |        55 |   24.0000 |       25 |        0 |
|   10930 |        58 |   13.2500 |       30 |        0 |
|   10931 |        13 |    6.0000 |       42 |        0 |
|   10931 |        57 |   19.5000 |       30 |        0 |
|   10932 |        16 |   17.4500 |       30 |        0 |
|   10932 |        62 |   49.3000 |       14 |        0 |
|   10932 |        72 |   34.8000 |       16 |        0 |
|   10932 |        75 |    7.7500 |       20 |        0 |
|   10933 |        53 |   32.8000 |        2 |        0 |
|   10933 |        61 |   28.5000 |       30 |        0 |
|   10934 |         6 |   25.0000 |       20 |        0 |
|   10935 |         1 |   18.0000 |       21 |        0 |
|   10935 |        18 |   62.5000 |        4 |        0 |
|   10935 |        23 |    9.0000 |        8 |        0 |
|   10936 |        36 |   19.0000 |       30 |        0 |
|   10937 |        28 |   45.6000 |        8 |        0 |
|   10937 |        34 |   14.0000 |       20 |        0 |
|   10938 |        13 |    6.0000 |       20 |        0 |
|   10938 |        43 |   46.0000 |       24 |        0 |
|   10938 |        60 |   34.0000 |       49 |        0 |
|   10938 |        71 |   21.5000 |       35 |        0 |
|   10939 |         2 |   19.0000 |       10 |        0 |
|   10939 |        67 |   14.0000 |       40 |        0 |
|   10940 |         7 |   30.0000 |        8 |        0 |
|   10940 |        13 |    6.0000 |       20 |        0 |
|   10941 |        31 |   12.5000 |       44 |        0 |
|   10941 |        62 |   49.3000 |       30 |        0 |
|   10941 |        68 |   12.5000 |       80 |        0 |
|   10941 |        72 |   34.8000 |       50 |        0 |
|   10942 |        49 |   20.0000 |       28 |        0 |
|   10943 |        13 |    6.0000 |       15 |        0 |
|   10943 |        22 |   21.0000 |       21 |        0 |
|   10943 |        46 |   12.0000 |       15 |        0 |
|   10944 |        11 |   21.0000 |        5 |        0 |
|   10944 |        44 |   19.4500 |       18 |        0 |
|   10944 |        56 |   38.0000 |       18 |        0 |
|   10945 |        13 |    6.0000 |       20 |        0 |
|   10945 |        31 |   12.5000 |       10 |        0 |
|   10946 |        10 |   31.0000 |       25 |        0 |
|   10946 |        24 |    4.5000 |       25 |        0 |
|   10946 |        77 |   13.0000 |       40 |        0 |
|   10947 |        59 |   55.0000 |        4 |        0 |
|   10948 |        50 |   16.2500 |        9 |        0 |
|   10948 |        51 |   53.0000 |       40 |        0 |
|   10948 |        55 |   24.0000 |        4 |        0 |
|   10949 |         6 |   25.0000 |       12 |        0 |
|   10949 |        10 |   31.0000 |       30 |        0 |
|   10949 |        17 |   39.0000 |        6 |        0 |
|   10949 |        62 |   49.3000 |       60 |        0 |
|   10950 |         4 |   22.0000 |        5 |        0 |
|   10951 |        33 |    2.5000 |       15 |        0 |
|   10951 |        41 |    9.6500 |        6 |        0 |
|   10951 |        75 |    7.7500 |       50 |        0 |
|   10952 |         6 |   25.0000 |       16 |        0 |
|   10952 |        28 |   45.6000 |        2 |        0 |
|   10953 |        20 |   81.0000 |       50 |        0 |
|   10953 |        31 |   12.5000 |       50 |        0 |
|   10954 |        16 |   17.4500 |       28 |        0 |
|   10954 |        31 |   12.5000 |       25 |        0 |
|   10954 |        45 |    9.5000 |       30 |        0 |
|   10954 |        60 |   34.0000 |       24 |        0 |
|   10955 |        75 |    7.7500 |       12 |        0 |
|   10956 |        21 |   10.0000 |       12 |        0 |
|   10956 |        47 |    9.5000 |       14 |        0 |
|   10956 |        51 |   53.0000 |        8 |        0 |
|   10957 |        30 |   25.8900 |       30 |        0 |
|   10957 |        35 |   18.0000 |       40 |        0 |
|   10957 |        64 |   33.2500 |        8 |        0 |
|   10958 |         5 |   21.3500 |       20 |        0 |
|   10958 |         7 |   30.0000 |        6 |        0 |
|   10958 |        72 |   34.8000 |        5 |        0 |
|   10959 |        75 |    7.7500 |       20 |        0 |
|   10960 |        24 |    4.5000 |       10 |        0 |
|   10960 |        41 |    9.6500 |       24 |        0 |
|   10961 |        52 |    7.0000 |        6 |        0 |
|   10961 |        76 |   18.0000 |       60 |        0 |
|   10962 |         7 |   30.0000 |       45 |        0 |
|   10962 |        13 |    6.0000 |       77 |        0 |
|   10962 |        53 |   32.8000 |       20 |        0 |
|   10962 |        69 |   36.0000 |        9 |        0 |
|   10962 |        76 |   18.0000 |       44 |        0 |
|   10963 |        60 |   34.0000 |        2 |        0 |
|   10964 |        18 |   62.5000 |        6 |        0 |
|   10964 |        38 |  263.5000 |        5 |        0 |
|   10964 |        69 |   36.0000 |       10 |        0 |
|   10965 |        51 |   53.0000 |       16 |        0 |
|   10966 |        37 |   26.0000 |        8 |        0 |
|   10966 |        56 |   38.0000 |       12 |        0 |
|   10966 |        62 |   49.3000 |       12 |        0 |
|   10967 |        19 |    9.2000 |       12 |        0 |
|   10967 |        49 |   20.0000 |       40 |        0 |
|   10968 |        12 |   38.0000 |       30 |        0 |
|   10968 |        24 |    4.5000 |       30 |        0 |
|   10968 |        64 |   33.2500 |        4 |        0 |
|   10969 |        46 |   12.0000 |        9 |        0 |
|   10970 |        52 |    7.0000 |       40 |        0 |
|   10971 |        29 |  123.7900 |       14 |        0 |
|   10972 |        17 |   39.0000 |        6 |        0 |
|   10972 |        33 |    2.5000 |        7 |        0 |
|   10973 |        26 |   31.2300 |        5 |        0 |
|   10973 |        41 |    9.6500 |        6 |        0 |
|   10973 |        75 |    7.7500 |       10 |        0 |
|   10974 |        63 |   43.9000 |       10 |        0 |
|   10975 |         8 |   40.0000 |       16 |        0 |
|   10975 |        75 |    7.7500 |       10 |        0 |
|   10976 |        28 |   45.6000 |       20 |        0 |
|   10977 |        39 |   18.0000 |       30 |        0 |
|   10977 |        47 |    9.5000 |       30 |        0 |
|   10977 |        51 |   53.0000 |       10 |        0 |
|   10977 |        63 |   43.9000 |       20 |        0 |
|   10978 |         8 |   40.0000 |       20 |        0 |
|   10978 |        21 |   10.0000 |       40 |        0 |
|   10978 |        40 |   18.4000 |       10 |        0 |
|   10978 |        44 |   19.4500 |        6 |        0 |
|   10979 |         7 |   30.0000 |       18 |        0 |
|   10979 |        12 |   38.0000 |       20 |        0 |
|   10979 |        24 |    4.5000 |       80 |        0 |
|   10979 |        27 |   43.9000 |       30 |        0 |
|   10979 |        31 |   12.5000 |       24 |        0 |
|   10979 |        63 |   43.9000 |       35 |        0 |
|   10980 |        75 |    7.7500 |       40 |        0 |
|   10981 |        38 |  263.5000 |       60 |        0 |
|   10982 |         7 |   30.0000 |       20 |        0 |
|   10982 |        43 |   46.0000 |        9 |        0 |
|   10983 |        13 |    6.0000 |       84 |        0 |
|   10983 |        57 |   19.5000 |       15 |        0 |
|   10984 |        16 |   17.4500 |       55 |        0 |
|   10984 |        24 |    4.5000 |       20 |        0 |
|   10984 |        36 |   19.0000 |       40 |        0 |
|   10985 |        16 |   17.4500 |       36 |        0 |
|   10985 |        18 |   62.5000 |        8 |        0 |
|   10985 |        32 |   32.0000 |       35 |        0 |
|   10986 |        11 |   21.0000 |       30 |        0 |
|   10986 |        20 |   81.0000 |       15 |        0 |
|   10986 |        76 |   18.0000 |       10 |        0 |
|   10986 |        77 |   13.0000 |       15 |        0 |
|   10987 |         7 |   30.0000 |       60 |        0 |
|   10987 |        43 |   46.0000 |        6 |        0 |
|   10987 |        72 |   34.8000 |       20 |        0 |
|   10988 |         7 |   30.0000 |       60 |        0 |
|   10988 |        62 |   49.3000 |       40 |        0 |
|   10989 |         6 |   25.0000 |       40 |        0 |
|   10989 |        11 |   21.0000 |       15 |        0 |
|   10989 |        41 |    9.6500 |        4 |        0 |
|   10990 |        21 |   10.0000 |       65 |        0 |
|   10990 |        34 |   14.0000 |       60 |        0 |
|   10990 |        55 |   24.0000 |       65 |        0 |
|   10990 |        61 |   28.5000 |       66 |        0 |
|   10991 |         2 |   19.0000 |       50 |        0 |
|   10991 |        70 |   15.0000 |       20 |        0 |
|   10991 |        76 |   18.0000 |       90 |        0 |
|   10992 |        72 |   34.8000 |        2 |        0 |
|   10993 |        29 |  123.7900 |       50 |        0 |
|   10993 |        41 |    9.6500 |       35 |        0 |
|   10994 |        59 |   55.0000 |       18 |        0 |
|   10995 |        51 |   53.0000 |       20 |        0 |
|   10995 |        60 |   34.0000 |        4 |        0 |
|   10996 |        42 |   14.0000 |       40 |        0 |
|   10997 |        32 |   32.0000 |       50 |        0 |
|   10997 |        46 |   12.0000 |       20 |        0 |
|   10997 |        52 |    7.0000 |       20 |        0 |
|   10998 |        24 |    4.5000 |       12 |        0 |
|   10998 |        61 |   28.5000 |        7 |        0 |
|   10998 |        74 |   10.0000 |       20 |        0 |
|   10998 |        75 |    7.7500 |       30 |        0 |
|   10999 |        41 |    9.6500 |       20 |        0 |
|   10999 |        51 |   53.0000 |       15 |        0 |
|   10999 |        77 |   13.0000 |       21 |        0 |
|   11000 |         4 |   22.0000 |       25 |        0 |
|   11000 |        24 |    4.5000 |       30 |        0 |
|   11000 |        77 |   13.0000 |       30 |        0 |
|   11001 |         7 |   30.0000 |       60 |        0 |
|   11001 |        22 |   21.0000 |       25 |        0 |
|   11001 |        46 |   12.0000 |       25 |        0 |
|   11001 |        55 |   24.0000 |        6 |        0 |
|   11002 |        13 |    6.0000 |       56 |        0 |
|   11002 |        35 |   18.0000 |       15 |        0 |
|   11002 |        42 |   14.0000 |       24 |        0 |
|   11002 |        55 |   24.0000 |       40 |        0 |
|   11003 |         1 |   18.0000 |        4 |        0 |
|   11003 |        40 |   18.4000 |       10 |        0 |
|   11003 |        52 |    7.0000 |       10 |        0 |
|   11004 |        26 |   31.2300 |        6 |        0 |
|   11004 |        76 |   18.0000 |        6 |        0 |
|   11005 |         1 |   18.0000 |        2 |        0 |
|   11005 |        59 |   55.0000 |       10 |        0 |
|   11006 |         1 |   18.0000 |        8 |        0 |
|   11006 |        29 |  123.7900 |        2 |        0 |
|   11007 |         8 |   40.0000 |       30 |        0 |
|   11007 |        29 |  123.7900 |       10 |        0 |
|   11007 |        42 |   14.0000 |       14 |        0 |
|   11008 |        28 |   45.6000 |       70 |        0 |
|   11008 |        34 |   14.0000 |       90 |        0 |
|   11008 |        71 |   21.5000 |       21 |        0 |
|   11009 |        24 |    4.5000 |       12 |        0 |
|   11009 |        36 |   19.0000 |       18 |        0 |
|   11009 |        60 |   34.0000 |        9 |        0 |
|   11010 |         7 |   30.0000 |       20 |        0 |
|   11010 |        24 |    4.5000 |       10 |        0 |
|   11011 |        58 |   13.2500 |       40 |        0 |
|   11011 |        71 |   21.5000 |       20 |        0 |
|   11012 |        19 |    9.2000 |       50 |        0 |
|   11012 |        60 |   34.0000 |       36 |        0 |
|   11012 |        71 |   21.5000 |       60 |        0 |
|   11013 |        23 |    9.0000 |       10 |        0 |
|   11013 |        42 |   14.0000 |        4 |        0 |
|   11013 |        45 |    9.5000 |       20 |        0 |
|   11013 |        68 |   12.5000 |        2 |        0 |
|   11014 |        41 |    9.6500 |       28 |        0 |
|   11015 |        30 |   25.8900 |       15 |        0 |
|   11015 |        77 |   13.0000 |       18 |        0 |
|   11016 |        31 |   12.5000 |       15 |        0 |
|   11016 |        36 |   19.0000 |       16 |        0 |
|   11017 |         3 |   10.0000 |       25 |        0 |
|   11017 |        59 |   55.0000 |      110 |        0 |
|   11017 |        70 |   15.0000 |       30 |        0 |
|   11018 |        12 |   38.0000 |       20 |        0 |
|   11018 |        18 |   62.5000 |       10 |        0 |
|   11018 |        56 |   38.0000 |        5 |        0 |
|   11019 |        46 |   12.0000 |        3 |        0 |
|   11019 |        49 |   20.0000 |        2 |        0 |
|   11020 |        10 |   31.0000 |       24 |        0 |
|   11021 |         2 |   19.0000 |       11 |        0 |
|   11021 |        20 |   81.0000 |       15 |        0 |
|   11021 |        26 |   31.2300 |       63 |        0 |
|   11021 |        51 |   53.0000 |       44 |        0 |
|   11021 |        72 |   34.8000 |       35 |        0 |
|   11022 |        19 |    9.2000 |       35 |        0 |
|   11022 |        69 |   36.0000 |       30 |        0 |
|   11023 |         7 |   30.0000 |        4 |        0 |
|   11023 |        43 |   46.0000 |       30 |        0 |
|   11024 |        26 |   31.2300 |       12 |        0 |
|   11024 |        33 |    2.5000 |       30 |        0 |
|   11024 |        65 |   21.0500 |       21 |        0 |
|   11024 |        71 |   21.5000 |       50 |        0 |
|   11025 |         1 |   18.0000 |       10 |        0 |
|   11025 |        13 |    6.0000 |       20 |        0 |
|   11026 |        18 |   62.5000 |        8 |        0 |
|   11026 |        51 |   53.0000 |       10 |        0 |
|   11027 |        24 |    4.5000 |       30 |        0 |
|   11027 |        62 |   49.3000 |       21 |        0 |
|   11028 |        55 |   24.0000 |       35 |        0 |
|   11028 |        59 |   55.0000 |       24 |        0 |
|   11029 |        56 |   38.0000 |       20 |        0 |
|   11029 |        63 |   43.9000 |       12 |        0 |
|   11030 |         2 |   19.0000 |      100 |        0 |
|   11030 |         5 |   21.3500 |       70 |        0 |
|   11030 |        29 |  123.7900 |       60 |        0 |
|   11030 |        59 |   55.0000 |      100 |        0 |
|   11031 |         1 |   18.0000 |       45 |        0 |
|   11031 |        13 |    6.0000 |       80 |        0 |
|   11031 |        24 |    4.5000 |       21 |        0 |
|   11031 |        64 |   33.2500 |       20 |        0 |
|   11031 |        71 |   21.5000 |       16 |        0 |
|   11032 |        36 |   19.0000 |       35 |        0 |
|   11032 |        38 |  263.5000 |       25 |        0 |
|   11032 |        59 |   55.0000 |       30 |        0 |
|   11033 |        53 |   32.8000 |       70 |        0 |
|   11033 |        69 |   36.0000 |       36 |        0 |
|   11034 |        21 |   10.0000 |       15 |        0 |
|   11034 |        44 |   19.4500 |       12 |        0 |
|   11034 |        61 |   28.5000 |        6 |        0 |
|   11035 |         1 |   18.0000 |       10 |        0 |
|   11035 |        35 |   18.0000 |       60 |        0 |
|   11035 |        42 |   14.0000 |       30 |        0 |
|   11035 |        54 |    7.4500 |       10 |        0 |
|   11036 |        13 |    6.0000 |        7 |        0 |
|   11036 |        59 |   55.0000 |       30 |        0 |
|   11037 |        70 |   15.0000 |        4 |        0 |
|   11038 |        40 |   18.4000 |        5 |        0 |
|   11038 |        52 |    7.0000 |        2 |        0 |
|   11038 |        71 |   21.5000 |       30 |        0 |
|   11039 |        28 |   45.6000 |       20 |        0 |
|   11039 |        35 |   18.0000 |       24 |        0 |
|   11039 |        49 |   20.0000 |       60 |        0 |
|   11039 |        57 |   19.5000 |       28 |        0 |
|   11040 |        21 |   10.0000 |       20 |        0 |
|   11041 |         2 |   19.0000 |       30 |        0 |
|   11041 |        63 |   43.9000 |       30 |        0 |
|   11042 |        44 |   19.4500 |       15 |        0 |
|   11042 |        61 |   28.5000 |        4 |        0 |
|   11043 |        11 |   21.0000 |       10 |        0 |
|   11044 |        62 |   49.3000 |       12 |        0 |
|   11045 |        33 |    2.5000 |       15 |        0 |
|   11045 |        51 |   53.0000 |       24 |        0 |
|   11046 |        12 |   38.0000 |       20 |        0 |
|   11046 |        32 |   32.0000 |       15 |        0 |
|   11046 |        35 |   18.0000 |       18 |        0 |
|   11047 |         1 |   18.0000 |       25 |        0 |
|   11047 |         5 |   21.3500 |       30 |        0 |
|   11048 |        68 |   12.5000 |       42 |        0 |
|   11049 |         2 |   19.0000 |       10 |        0 |
|   11049 |        12 |   38.0000 |        4 |        0 |
|   11050 |        76 |   18.0000 |       50 |        0 |
|   11051 |        24 |    4.5000 |       10 |        0 |
|   11052 |        43 |   46.0000 |       30 |        0 |
|   11052 |        61 |   28.5000 |       10 |        0 |
|   11053 |        18 |   62.5000 |       35 |        0 |
|   11053 |        32 |   32.0000 |       20 |        0 |
|   11053 |        64 |   33.2500 |       25 |        0 |
|   11054 |        33 |    2.5000 |       10 |        0 |
|   11054 |        67 |   14.0000 |       20 |        0 |
|   11055 |        24 |    4.5000 |       15 |        0 |
|   11055 |        25 |   14.0000 |       15 |        0 |
|   11055 |        51 |   53.0000 |       20 |        0 |
|   11055 |        57 |   19.5000 |       20 |        0 |
|   11056 |         7 |   30.0000 |       40 |        0 |
|   11056 |        55 |   24.0000 |       35 |        0 |
|   11056 |        60 |   34.0000 |       50 |        0 |
|   11057 |        70 |   15.0000 |        3 |        0 |
|   11058 |        21 |   10.0000 |        3 |        0 |
|   11058 |        60 |   34.0000 |       21 |        0 |
|   11058 |        61 |   28.5000 |        4 |        0 |
|   11059 |        13 |    6.0000 |       30 |        0 |
|   11059 |        17 |   39.0000 |       12 |        0 |
|   11059 |        60 |   34.0000 |       35 |        0 |
|   11060 |        60 |   34.0000 |        4 |        0 |
|   11060 |        77 |   13.0000 |       10 |        0 |
|   11061 |        60 |   34.0000 |       15 |        0 |
|   11062 |        53 |   32.8000 |       10 |        0 |
|   11062 |        70 |   15.0000 |       12 |        0 |
|   11063 |        34 |   14.0000 |       30 |        0 |
|   11063 |        40 |   18.4000 |       40 |        0 |
|   11063 |        41 |    9.6500 |       30 |        0 |
|   11064 |        17 |   39.0000 |       77 |        0 |
|   11064 |        41 |    9.6500 |       12 |        0 |
|   11064 |        53 |   32.8000 |       25 |        0 |
|   11064 |        55 |   24.0000 |        4 |        0 |
|   11064 |        68 |   12.5000 |       55 |        0 |
|   11065 |        30 |   25.8900 |        4 |        0 |
|   11065 |        54 |    7.4500 |       20 |        0 |
|   11066 |        16 |   17.4500 |        3 |        0 |
|   11066 |        19 |    9.2000 |       42 |        0 |
|   11066 |        34 |   14.0000 |       35 |        0 |
|   11067 |        41 |    9.6500 |        9 |        0 |
|   11068 |        28 |   45.6000 |        8 |        0 |
|   11068 |        43 |   46.0000 |       36 |        0 |
|   11068 |        77 |   13.0000 |       28 |        0 |
|   11069 |        39 |   18.0000 |       20 |        0 |
|   11070 |         1 |   18.0000 |       40 |        0 |
|   11070 |         2 |   19.0000 |       20 |        0 |
|   11070 |        16 |   17.4500 |       30 |        0 |
|   11070 |        31 |   12.5000 |       20 |        0 |
|   11071 |         7 |   30.0000 |       15 |        0 |
|   11071 |        13 |    6.0000 |       10 |        0 |
|   11072 |         2 |   19.0000 |        8 |        0 |
|   11072 |        41 |    9.6500 |       40 |        0 |
|   11072 |        50 |   16.2500 |       22 |        0 |
|   11072 |        64 |   33.2500 |      130 |        0 |
|   11073 |        11 |   21.0000 |       10 |        0 |
|   11073 |        24 |    4.5000 |       20 |        0 |
|   11074 |        16 |   17.4500 |       14 |        0 |
|   11075 |         2 |   19.0000 |       10 |        0 |
|   11075 |        46 |   12.0000 |       30 |        0 |
|   11075 |        76 |   18.0000 |        2 |        0 |
|   11076 |         6 |   25.0000 |       20 |        0 |
|   11076 |        14 |   23.2500 |       20 |        0 |
|   11076 |        19 |    9.2000 |       10 |        0 |
|   11077 |         2 |   19.0000 |       24 |        0 |
|   11077 |         3 |   10.0000 |        4 |        0 |
|   11077 |         4 |   22.0000 |        1 |        0 |
|   11077 |         6 |   25.0000 |        1 |        0 |
|   11077 |         7 |   30.0000 |        1 |        0 |
|   11077 |         8 |   40.0000 |        2 |        0 |
|   11077 |        10 |   31.0000 |        1 |        0 |
|   11077 |        12 |   38.0000 |        2 |        0 |
|   11077 |        13 |    6.0000 |        4 |        0 |
|   11077 |        14 |   23.2500 |        1 |        0 |
|   11077 |        16 |   17.4500 |        2 |        0 |
|   11077 |        20 |   81.0000 |        1 |        0 |
|   11077 |        23 |    9.0000 |        2 |        0 |
|   11077 |        32 |   32.0000 |        1 |        0 |
|   11077 |        39 |   18.0000 |        2 |        0 |
|   11077 |        41 |    9.6500 |        3 |        0 |
|   11077 |        46 |   12.0000 |        3 |        0 |
|   11077 |        52 |    7.0000 |        2 |        0 |
|   11077 |        55 |   24.0000 |        2 |        0 |
|   11077 |        60 |   34.0000 |        2 |        0 |
|   11077 |        64 |   33.2500 |        2 |        0 |
|   11077 |        66 |   17.0000 |        1 |        0 |
|   11077 |        73 |   15.0000 |        2 |        0 |
|   11077 |        75 |    7.7500 |        4 |        0 |
|   11077 |        77 |   13.0000 |        2 |        0 |
+---------+-----------+-----------+----------+----------+
2155 rows in set (0.0008 sec)

 MySQL  localhost:3306  northwind  SQL > desc customers;
+--------------+-------------+------+-----+---------+-------+
| Field        | Type        | Null | Key | Default | Extra |
+--------------+-------------+------+-----+---------+-------+
| CustomerID   | varchar(5)  | NO   | PRI | NULL    |       |
| CompanyName  | varchar(40) | NO   | MUL | NULL    |       |
| ContactName  | varchar(30) | YES  |     | NULL    |       |
| ContactTitle | varchar(30) | YES  |     | NULL    |       |
| Address      | varchar(60) | YES  |     | NULL    |       |
| City         | varchar(15) | YES  | MUL | NULL    |       |
| Region       | varchar(15) | YES  | MUL | NULL    |       |
| PostalCode   | varchar(10) | YES  | MUL | NULL    |       |
| Country      | varchar(15) | YES  |     | NULL    |       |
| Phone        | varchar(24) | YES  |     | NULL    |       |
| Fax          | varchar(24) | YES  |     | NULL    |       |
+--------------+-------------+------+-----+---------+-------+
11 rows in set (0.0147 sec)

 MySQL  localhost:3306  northwind  SQL > desc ordedetails;
ERROR: 1146 (42S02): Table 'northwind.ordedetails' doesn't exist

 MySQL  localhost:3306  northwind  SQL > desc orderdetails;
+-----------+---------------+------+-----+---------+-------+
| Field     | Type          | Null | Key | Default | Extra |
+-----------+---------------+------+-----+---------+-------+
| OrderID   | int(11)       | NO   | PRI | NULL    |       |
| ProductID | int(11)       | NO   | PRI | NULL    |       |
| UnitPrice | decimal(10,4) | NO   |     | 0.0000  |       |
| Quantity  | smallint(2)   | NO   |     | 1       |       |
| Discount  | double(8,0)   | NO   |     | 0       |       |
+-----------+---------------+------+-----+---------+-------+
5 rows in set (0.0058 sec)

 MySQL  localhost:3306  northwind  SQL > desc companyname;
ERROR: 1146 (42S02): Table 'northwind.companyname' doesn't exist

 MySQL  localhost:3306  northwind  SQL > show tables;
+----------------------+
| Tables_in_northwind  |
+----------------------+
| account              |
| categories           |
| customercustomerdemo |
| customerdemographics |
| customers            |
| empleados            |
| employees            |
| employeeterritories  |
| lista_empleados      |
| lista_empleados_a    |
| mi_rfc               |
| nombre_cliente       |
| orderdetails         |
| orders               |
| pagos_empleados      |
| personas             |
| products             |
| prueba2              |
| region               |
| rfc_gringos          |
| shippers             |
| suppliers            |
| territories          |
| ventas_producto      |
+----------------------+
24 rows in set (0.0006 sec)

 MySQL  localhost:3306  northwind  SQL > desc orders;
+----------------+---------------+------+-----+---------+----------------+
| Field          | Type          | Null | Key | Default | Extra          |
+----------------+---------------+------+-----+---------+----------------+
| OrderID        | int(11)       | NO   | PRI | NULL    | auto_increment |
| CustomerID     | varchar(5)    | YES  | MUL | NULL    |                |
| EmployeeID     | int(11)       | YES  | MUL | NULL    |                |
| OrderDate      | datetime      | YES  | MUL | NULL    |                |
| RequiredDate   | datetime      | YES  |     | NULL    |                |
| ShippedDate    | datetime      | YES  | MUL | NULL    |                |
| ShipVia        | int(11)       | YES  | MUL | NULL    |                |
| Freight        | decimal(10,4) | YES  |     | 0.0000  |                |
| ShipName       | varchar(40)   | YES  |     | NULL    |                |
| ShipAddress    | varchar(60)   | YES  |     | NULL    |                |
| ShipCity       | varchar(15)   | YES  |     | NULL    |                |
| ShipRegion     | varchar(15)   | YES  |     | NULL    |                |
| ShipPostalCode | varchar(10)   | YES  | MUL | NULL    |                |
| ShipCountry    | varchar(15)   | YES  |     | NULL    |                |
+----------------+---------------+------+-----+---------+----------------+
14 rows in set (0.0061 sec)

 MySQL  localhost:3306  northwind  SQL > select * from orderdetails a
                                     ... right join orders b on a.assdasdsad;
ERROR: 1054 (42S22): Unknown column 'a.assdasdsad' in 'on clause'

 MySQL  localhost:3306  northwind  SQL > select a.orderid, b.customerid, b.companyname from orders a
                                     ... left join customers b on a.customerid=b.customerid
                                     ... union all
                                     ... select a.orderid, b.customerid, b.companyname from orders a
                                     ... right join customers b on a.customerid = b.customerid;
+---------+------------+--------------------------------------+
| orderid | customerid | companyname                          |
+---------+------------+--------------------------------------+
|   10268 | NULL       | NULL                                 |
|   10270 | NULL       | NULL                                 |
|   10643 | ALFKI      | Alfreds Futterkiste                  |
|   10692 | ALFKI      | Alfreds Futterkiste                  |
|   10702 | ALFKI      | Alfreds Futterkiste                  |
|   10835 | ALFKI      | Alfreds Futterkiste                  |
|   10952 | ALFKI      | Alfreds Futterkiste                  |
|   11011 | ALFKI      | Alfreds Futterkiste                  |
|   10308 | ANATR      | Ana Trujillo Emparedados y helados   |
|   10625 | ANATR      | Ana Trujillo Emparedados y helados   |
|   10759 | ANATR      | Ana Trujillo Emparedados y helados   |
|   10926 | ANATR      | Ana Trujillo Emparedados y helados   |
|   10365 | ANTON      | Antonio Moreno Taquera               |
|   10507 | ANTON      | Antonio Moreno Taquera               |
|   10535 | ANTON      | Antonio Moreno Taquera               |
|   10573 | ANTON      | Antonio Moreno Taquera               |
|   10677 | ANTON      | Antonio Moreno Taquera               |
|   10682 | ANTON      | Antonio Moreno Taquera               |
|   10856 | ANTON      | Antonio Moreno Taquera               |
|   10355 | AROUT      | Around the Horn                      |
|   10383 | AROUT      | Around the Horn                      |
|   10453 | AROUT      | Around the Horn                      |
|   10558 | AROUT      | Around the Horn                      |
|   10707 | AROUT      | Around the Horn                      |
|   10741 | AROUT      | Around the Horn                      |
|   10743 | AROUT      | Around the Horn                      |
|   10768 | AROUT      | Around the Horn                      |
|   10793 | AROUT      | Around the Horn                      |
|   10864 | AROUT      | Around the Horn                      |
|   10920 | AROUT      | Around the Horn                      |
|   10953 | AROUT      | Around the Horn                      |
|   11016 | AROUT      | Around the Horn                      |
|   10278 | BERGS      | Berglunds snabbkp                    |
|   10280 | BERGS      | Berglunds snabbkp                    |
|   10384 | BERGS      | Berglunds snabbkp                    |
|   10444 | BERGS      | Berglunds snabbkp                    |
|   10445 | BERGS      | Berglunds snabbkp                    |
|   10524 | BERGS      | Berglunds snabbkp                    |
|   10572 | BERGS      | Berglunds snabbkp                    |
|   10626 | BERGS      | Berglunds snabbkp                    |
|   10654 | BERGS      | Berglunds snabbkp                    |
|   10672 | BERGS      | Berglunds snabbkp                    |
|   10689 | BERGS      | Berglunds snabbkp                    |
|   10733 | BERGS      | Berglunds snabbkp                    |
|   10778 | BERGS      | Berglunds snabbkp                    |
|   10837 | BERGS      | Berglunds snabbkp                    |
|   10857 | BERGS      | Berglunds snabbkp                    |
|   10866 | BERGS      | Berglunds snabbkp                    |
|   10875 | BERGS      | Berglunds snabbkp                    |
|   10924 | BERGS      | Berglunds snabbkp                    |
|   10501 | BLAUS      | Blauer See Delikatessen              |
|   10509 | BLAUS      | Blauer See Delikatessen              |
|   10582 | BLAUS      | Blauer See Delikatessen              |
|   10614 | BLAUS      | Blauer See Delikatessen              |
|   10853 | BLAUS      | Blauer See Delikatessen              |
|   10956 | BLAUS      | Blauer See Delikatessen              |
|   11058 | BLAUS      | Blauer See Delikatessen              |
|   10265 | BLONP      | Blondesddsl pre et fils              |
|   10297 | BLONP      | Blondesddsl pre et fils              |
|   10360 | BLONP      | Blondesddsl pre et fils              |
|   10436 | BLONP      | Blondesddsl pre et fils              |
|   10449 | BLONP      | Blondesddsl pre et fils              |
|   10559 | BLONP      | Blondesddsl pre et fils              |
|   10566 | BLONP      | Blondesddsl pre et fils              |
|   10584 | BLONP      | Blondesddsl pre et fils              |
|   10628 | BLONP      | Blondesddsl pre et fils              |
|   10679 | BLONP      | Blondesddsl pre et fils              |
|   10826 | BLONP      | Blondesddsl pre et fils              |
|   10326 | BOLID      | Blido Comidas preparadas             |
|   10801 | BOLID      | Blido Comidas preparadas             |
|   10970 | BOLID      | Blido Comidas preparadas             |
|   10331 | BONAP      | Bon app'                             |
|   10340 | BONAP      | Bon app'                             |
|   10362 | BONAP      | Bon app'                             |
|   10470 | BONAP      | Bon app'                             |
|   10511 | BONAP      | Bon app'                             |
|   10525 | BONAP      | Bon app'                             |
|   10663 | BONAP      | Bon app'                             |
|   10715 | BONAP      | Bon app'                             |
|   10730 | BONAP      | Bon app'                             |
|   10732 | BONAP      | Bon app'                             |
|   10755 | BONAP      | Bon app'                             |
|   10827 | BONAP      | Bon app'                             |
|   10871 | BONAP      | Bon app'                             |
|   10876 | BONAP      | Bon app'                             |
|   10932 | BONAP      | Bon app'                             |
|   10940 | BONAP      | Bon app'                             |
|   11076 | BONAP      | Bon app'                             |
|   10389 | BOTTM      | Bottom-Dollar Markets                |
|   10410 | BOTTM      | Bottom-Dollar Markets                |
|   10411 | BOTTM      | Bottom-Dollar Markets                |
|   10431 | BOTTM      | Bottom-Dollar Markets                |
|   10492 | BOTTM      | Bottom-Dollar Markets                |
|   10742 | BOTTM      | Bottom-Dollar Markets                |
|   10918 | BOTTM      | Bottom-Dollar Markets                |
|   10944 | BOTTM      | Bottom-Dollar Markets                |
|   10949 | BOTTM      | Bottom-Dollar Markets                |
|   10975 | BOTTM      | Bottom-Dollar Markets                |
|   10982 | BOTTM      | Bottom-Dollar Markets                |
|   11027 | BOTTM      | Bottom-Dollar Markets                |
|   11045 | BOTTM      | Bottom-Dollar Markets                |
|   11048 | BOTTM      | Bottom-Dollar Markets                |
|   10289 | BSBEV      | B's Beverages                        |
|   10471 | BSBEV      | B's Beverages                        |
|   10484 | BSBEV      | B's Beverages                        |
|   10538 | BSBEV      | B's Beverages                        |
|   10539 | BSBEV      | B's Beverages                        |
|   10578 | BSBEV      | B's Beverages                        |
|   10599 | BSBEV      | B's Beverages                        |
|   10943 | BSBEV      | B's Beverages                        |
|   10947 | BSBEV      | B's Beverages                        |
|   11023 | BSBEV      | B's Beverages                        |
|   10521 | CACTU      | Cactus Comidas para llevar           |
|   10782 | CACTU      | Cactus Comidas para llevar           |
|   10819 | CACTU      | Cactus Comidas para llevar           |
|   10881 | CACTU      | Cactus Comidas para llevar           |
|   10937 | CACTU      | Cactus Comidas para llevar           |
|   11054 | CACTU      | Cactus Comidas para llevar           |
|   10259 | CENTC      | Centro comercial Moctezuma           |
|   10254 | CHOPS      | Chop-suey Chinese                    |
|   10370 | CHOPS      | Chop-suey Chinese                    |
|   10519 | CHOPS      | Chop-suey Chinese                    |
|   10731 | CHOPS      | Chop-suey Chinese                    |
|   10746 | CHOPS      | Chop-suey Chinese                    |
|   10966 | CHOPS      | Chop-suey Chinese                    |
|   11029 | CHOPS      | Chop-suey Chinese                    |
|   11041 | CHOPS      | Chop-suey Chinese                    |
|   10290 | COMMI      | Comrcio Mineiro                      |
|   10466 | COMMI      | Comrcio Mineiro                      |
|   10494 | COMMI      | Comrcio Mineiro                      |
|   10969 | COMMI      | Comrcio Mineiro                      |
|   11042 | COMMI      | Comrcio Mineiro                      |
|   10435 | CONSH      | Consolidated Holdings                |
|   10462 | CONSH      | Consolidated Holdings                |
|   10848 | CONSH      | Consolidated Holdings                |
|   10363 | DRACD      | Drachenblut Delikatessen             |
|   10391 | DRACD      | Drachenblut Delikatessen             |
|   10797 | DRACD      | Drachenblut Delikatessen             |
|   10825 | DRACD      | Drachenblut Delikatessen             |
|   11036 | DRACD      | Drachenblut Delikatessen             |
|   11067 | DRACD      | Drachenblut Delikatessen             |
|   10311 | DUMON      | Du monde entier                      |
|   10609 | DUMON      | Du monde entier                      |
|   10683 | DUMON      | Du monde entier                      |
|   10890 | DUMON      | Du monde entier                      |
|   10364 | EASTC      | Eastern Connection                   |
|   10400 | EASTC      | Eastern Connection                   |
|   10532 | EASTC      | Eastern Connection                   |
|   10726 | EASTC      | Eastern Connection                   |
|   10987 | EASTC      | Eastern Connection                   |
|   11024 | EASTC      | Eastern Connection                   |
|   11047 | EASTC      | Eastern Connection                   |
|   11056 | EASTC      | Eastern Connection                   |
|   10258 | ERNSH      | Ernst Handel                         |
|   10263 | ERNSH      | Ernst Handel                         |
|   10351 | ERNSH      | Ernst Handel                         |
|   10368 | ERNSH      | Ernst Handel                         |
|   10382 | ERNSH      | Ernst Handel                         |
|   10390 | ERNSH      | Ernst Handel                         |
|   10402 | ERNSH      | Ernst Handel                         |
|   10403 | ERNSH      | Ernst Handel                         |
|   10430 | ERNSH      | Ernst Handel                         |
|   10442 | ERNSH      | Ernst Handel                         |
|   10514 | ERNSH      | Ernst Handel                         |
|   10571 | ERNSH      | Ernst Handel                         |
|   10595 | ERNSH      | Ernst Handel                         |
|   10633 | ERNSH      | Ernst Handel                         |
|   10667 | ERNSH      | Ernst Handel                         |
|   10698 | ERNSH      | Ernst Handel                         |
|   10764 | ERNSH      | Ernst Handel                         |
|   10771 | ERNSH      | Ernst Handel                         |
|   10773 | ERNSH      | Ernst Handel                         |
|   10776 | ERNSH      | Ernst Handel                         |
|   10795 | ERNSH      | Ernst Handel                         |
|   10836 | ERNSH      | Ernst Handel                         |
|   10854 | ERNSH      | Ernst Handel                         |
|   10895 | ERNSH      | Ernst Handel                         |
|   10968 | ERNSH      | Ernst Handel                         |
|   10979 | ERNSH      | Ernst Handel                         |
|   10990 | ERNSH      | Ernst Handel                         |
|   11008 | ERNSH      | Ernst Handel                         |
|   11017 | ERNSH      | Ernst Handel                         |
|   11072 | ERNSH      | Ernst Handel                         |
|   10347 | FAMIA      | Familia Arquibaldo                   |
|   10386 | FAMIA      | Familia Arquibaldo                   |
|   10414 | FAMIA      | Familia Arquibaldo                   |
|   10512 | FAMIA      | Familia Arquibaldo                   |
|   10581 | FAMIA      | Familia Arquibaldo                   |
|   10650 | FAMIA      | Familia Arquibaldo                   |
|   10725 | FAMIA      | Familia Arquibaldo                   |
|   10408 | FOLIG      | Folies gourmandes                    |
|   10480 | FOLIG      | Folies gourmandes                    |
|   10634 | FOLIG      | Folies gourmandes                    |
|   10763 | FOLIG      | Folies gourmandes                    |
|   10789 | FOLIG      | Folies gourmandes                    |
|   10264 | FOLKO      | Folk och f HB                        |
|   10327 | FOLKO      | Folk och f HB                        |
|   10378 | FOLKO      | Folk och f HB                        |
|   10434 | FOLKO      | Folk och f HB                        |
|   10460 | FOLKO      | Folk och f HB                        |
|   10533 | FOLKO      | Folk och f HB                        |
|   10561 | FOLKO      | Folk och f HB                        |
|   10703 | FOLKO      | Folk och f HB                        |
|   10762 | FOLKO      | Folk och f HB                        |
|   10774 | FOLKO      | Folk och f HB                        |
|   10824 | FOLKO      | Folk och f HB                        |
|   10880 | FOLKO      | Folk och f HB                        |
|   10902 | FOLKO      | Folk och f HB                        |
|   10955 | FOLKO      | Folk och f HB                        |
|   10977 | FOLKO      | Folk och f HB                        |
|   10980 | FOLKO      | Folk och f HB                        |
|   10993 | FOLKO      | Folk och f HB                        |
|   11001 | FOLKO      | Folk och f HB                        |
|   11050 | FOLKO      | Folk och f HB                        |
|   10267 | FRANK      | Frankenversand                       |
|   10337 | FRANK      | Frankenversand                       |
|   10342 | FRANK      | Frankenversand                       |
|   10396 | FRANK      | Frankenversand                       |
|   10488 | FRANK      | Frankenversand                       |
|   10560 | FRANK      | Frankenversand                       |
|   10623 | FRANK      | Frankenversand                       |
|   10653 | FRANK      | Frankenversand                       |
|   10670 | FRANK      | Frankenversand                       |
|   10675 | FRANK      | Frankenversand                       |
|   10717 | FRANK      | Frankenversand                       |
|   10791 | FRANK      | Frankenversand                       |
|   10859 | FRANK      | Frankenversand                       |
|   10929 | FRANK      | Frankenversand                       |
|   11012 | FRANK      | Frankenversand                       |
|   10671 | FRANR      | France restauration                  |
|   10860 | FRANR      | France restauration                  |
|   10971 | FRANR      | France restauration                  |
|   10422 | FRANS      | Franchi S.p.A.                       |
|   10710 | FRANS      | Franchi S.p.A.                       |
|   10753 | FRANS      | Franchi S.p.A.                       |
|   10807 | FRANS      | Franchi S.p.A.                       |
|   11026 | FRANS      | Franchi S.p.A.                       |
|   11060 | FRANS      | Franchi S.p.A.                       |
|   10328 | FURIB      | Furia Bacalhau e Frutos do Mar       |
|   10352 | FURIB      | Furia Bacalhau e Frutos do Mar       |
|   10464 | FURIB      | Furia Bacalhau e Frutos do Mar       |
|   10491 | FURIB      | Furia Bacalhau e Frutos do Mar       |
|   10551 | FURIB      | Furia Bacalhau e Frutos do Mar       |
|   10604 | FURIB      | Furia Bacalhau e Frutos do Mar       |
|   10664 | FURIB      | Furia Bacalhau e Frutos do Mar       |
|   10963 | FURIB      | Furia Bacalhau e Frutos do Mar       |
|   10366 | GALED      | Galera del gastrnomo                 |
|   10426 | GALED      | Galera del gastrnomo                 |
|   10568 | GALED      | Galera del gastrnomo                 |
|   10887 | GALED      | Galera del gastrnomo                 |
|   10928 | GALED      | Galera del gastrnomo                 |
|   10303 | GODOS      | Godos Cocina Tpica                   |
|   10550 | GODOS      | Godos Cocina Tpica                   |
|   10629 | GODOS      | Godos Cocina Tpica                   |
|   10872 | GODOS      | Godos Cocina Tpica                   |
|   10874 | GODOS      | Godos Cocina Tpica                   |
|   10888 | GODOS      | Godos Cocina Tpica                   |
|   10911 | GODOS      | Godos Cocina Tpica                   |
|   10948 | GODOS      | Godos Cocina Tpica                   |
|   11009 | GODOS      | Godos Cocina Tpica                   |
|   11037 | GODOS      | Godos Cocina Tpica                   |
|   10423 | GOURL      | Gourmet Lanchonetes                  |
|   10652 | GOURL      | Gourmet Lanchonetes                  |
|   10685 | GOURL      | Gourmet Lanchonetes                  |
|   10709 | GOURL      | Gourmet Lanchonetes                  |
|   10734 | GOURL      | Gourmet Lanchonetes                  |
|   10777 | GOURL      | Gourmet Lanchonetes                  |
|   10790 | GOURL      | Gourmet Lanchonetes                  |
|   10959 | GOURL      | Gourmet Lanchonetes                  |
|   11049 | GOURL      | Gourmet Lanchonetes                  |
|   10528 | GREAL      | Great Lakes Food Market              |
|   10589 | GREAL      | Great Lakes Food Market              |
|   10616 | GREAL      | Great Lakes Food Market              |
|   10617 | GREAL      | Great Lakes Food Market              |
|   10656 | GREAL      | Great Lakes Food Market              |
|   10681 | GREAL      | Great Lakes Food Market              |
|   10816 | GREAL      | Great Lakes Food Market              |
|   10936 | GREAL      | Great Lakes Food Market              |
|   11006 | GREAL      | Great Lakes Food Market              |
|   11040 | GREAL      | Great Lakes Food Market              |
|   11061 | GREAL      | Great Lakes Food Market              |
|   10785 | GROSR      | GROSELLA-Restaurante                 |
|   10250 | HANAR      | Hanari Carnes                        |
|   10253 | HANAR      | Hanari Carnes                        |
|   10541 | HANAR      | Hanari Carnes                        |
|   10645 | HANAR      | Hanari Carnes                        |
|   10690 | HANAR      | Hanari Carnes                        |
|   10770 | HANAR      | Hanari Carnes                        |
|   10783 | HANAR      | Hanari Carnes                        |
|   10886 | HANAR      | Hanari Carnes                        |
|   10903 | HANAR      | Hanari Carnes                        |
|   10922 | HANAR      | Hanari Carnes                        |
|   10925 | HANAR      | Hanari Carnes                        |
|   10981 | HANAR      | Hanari Carnes                        |
|   11022 | HANAR      | Hanari Carnes                        |
|   11052 | HANAR      | Hanari Carnes                        |
|   10257 | HILAA      | HILARION-Abastos                     |
|   10395 | HILAA      | HILARION-Abastos                     |
|   10476 | HILAA      | HILARION-Abastos                     |
|   10486 | HILAA      | HILARION-Abastos                     |
|   10490 | HILAA      | HILARION-Abastos                     |
|   10498 | HILAA      | HILARION-Abastos                     |
|   10552 | HILAA      | HILARION-Abastos                     |
|   10601 | HILAA      | HILARION-Abastos                     |
|   10613 | HILAA      | HILARION-Abastos                     |
|   10641 | HILAA      | HILARION-Abastos                     |
|   10705 | HILAA      | HILARION-Abastos                     |
|   10796 | HILAA      | HILARION-Abastos                     |
|   10863 | HILAA      | HILARION-Abastos                     |
|   10901 | HILAA      | HILARION-Abastos                     |
|   10957 | HILAA      | HILARION-Abastos                     |
|   10960 | HILAA      | HILARION-Abastos                     |
|   10976 | HILAA      | HILARION-Abastos                     |
|   11055 | HILAA      | HILARION-Abastos                     |
|   10375 | HUNGC      | Hungry Coyote Import Store           |
|   10394 | HUNGC      | Hungry Coyote Import Store           |
|   10415 | HUNGC      | Hungry Coyote Import Store           |
|   10600 | HUNGC      | Hungry Coyote Import Store           |
|   10660 | HUNGC      | Hungry Coyote Import Store           |
|   10298 | HUNGO      | Hungry Owl All-Night Grocers         |
|   10309 | HUNGO      | Hungry Owl All-Night Grocers         |
|   10335 | HUNGO      | Hungry Owl All-Night Grocers         |
|   10373 | HUNGO      | Hungry Owl All-Night Grocers         |
|   10380 | HUNGO      | Hungry Owl All-Night Grocers         |
|   10429 | HUNGO      | Hungry Owl All-Night Grocers         |
|   10503 | HUNGO      | Hungry Owl All-Night Grocers         |
|   10516 | HUNGO      | Hungry Owl All-Night Grocers         |
|   10567 | HUNGO      | Hungry Owl All-Night Grocers         |
|   10646 | HUNGO      | Hungry Owl All-Night Grocers         |
|   10661 | HUNGO      | Hungry Owl All-Night Grocers         |
|   10687 | HUNGO      | Hungry Owl All-Night Grocers         |
|   10701 | HUNGO      | Hungry Owl All-Night Grocers         |
|   10712 | HUNGO      | Hungry Owl All-Night Grocers         |
|   10736 | HUNGO      | Hungry Owl All-Night Grocers         |
|   10897 | HUNGO      | Hungry Owl All-Night Grocers         |
|   10912 | HUNGO      | Hungry Owl All-Night Grocers         |
|   10985 | HUNGO      | Hungry Owl All-Night Grocers         |
|   11063 | HUNGO      | Hungry Owl All-Night Grocers         |
|   10315 | ISLAT      | Island Trading                       |
|   10318 | ISLAT      | Island Trading                       |
|   10321 | ISLAT      | Island Trading                       |
|   10473 | ISLAT      | Island Trading                       |
|   10621 | ISLAT      | Island Trading                       |
|   10674 | ISLAT      | Island Trading                       |
|   10749 | ISLAT      | Island Trading                       |
|   10798 | ISLAT      | Island Trading                       |
|   10829 | ISLAT      | Island Trading                       |
|   10933 | ISLAT      | Island Trading                       |
|   10323 | KOENE      | Kniglich Essen                       |
|   10325 | KOENE      | Kniglich Essen                       |
|   10456 | KOENE      | Kniglich Essen                       |
|   10457 | KOENE      | Kniglich Essen                       |
|   10468 | KOENE      | Kniglich Essen                       |
|   10506 | KOENE      | Kniglich Essen                       |
|   10542 | KOENE      | Kniglich Essen                       |
|   10630 | KOENE      | Kniglich Essen                       |
|   10718 | KOENE      | Kniglich Essen                       |
|   10799 | KOENE      | Kniglich Essen                       |
|   10817 | KOENE      | Kniglich Essen                       |
|   10849 | KOENE      | Kniglich Essen                       |
|   10893 | KOENE      | Kniglich Essen                       |
|   11028 | KOENE      | Kniglich Essen                       |
|   10858 | LACOR      | La corne d'abondance                 |
|   10927 | LACOR      | La corne d'abondance                 |
|   10972 | LACOR      | La corne d'abondance                 |
|   10973 | LACOR      | La corne d'abondance                 |
|   10350 | LAMAI      | La maison d'Asie                     |
|   10358 | LAMAI      | La maison d'Asie                     |
|   10371 | LAMAI      | La maison d'Asie                     |
|   10413 | LAMAI      | La maison d'Asie                     |
|   10425 | LAMAI      | La maison d'Asie                     |
|   10454 | LAMAI      | La maison d'Asie                     |
|   10493 | LAMAI      | La maison d'Asie                     |
|   10500 | LAMAI      | La maison d'Asie                     |
|   10610 | LAMAI      | La maison d'Asie                     |
|   10631 | LAMAI      | La maison d'Asie                     |
|   10787 | LAMAI      | La maison d'Asie                     |
|   10832 | LAMAI      | La maison d'Asie                     |
|   10923 | LAMAI      | La maison d'Asie                     |
|   11051 | LAMAI      | La maison d'Asie                     |
|   10495 | LAUGB      | Laughing Bacchus Wine Cellars        |
|   10620 | LAUGB      | Laughing Bacchus Wine Cellars        |
|   10810 | LAUGB      | Laughing Bacchus Wine Cellars        |
|   10482 | LAZYK      | Lazy K Kountry Store                 |
|   10545 | LAZYK      | Lazy K Kountry Store                 |
|   10279 | LEHMS      | Lehmanns Marktstand                  |
|   10284 | LEHMS      | Lehmanns Marktstand                  |
|   10343 | LEHMS      | Lehmanns Marktstand                  |
|   10497 | LEHMS      | Lehmanns Marktstand                  |
|   10522 | LEHMS      | Lehmanns Marktstand                  |
|   10534 | LEHMS      | Lehmanns Marktstand                  |
|   10536 | LEHMS      | Lehmanns Marktstand                  |
|   10557 | LEHMS      | Lehmanns Marktstand                  |
|   10592 | LEHMS      | Lehmanns Marktstand                  |
|   10593 | LEHMS      | Lehmanns Marktstand                  |
|   10772 | LEHMS      | Lehmanns Marktstand                  |
|   10862 | LEHMS      | Lehmanns Marktstand                  |
|   10891 | LEHMS      | Lehmanns Marktstand                  |
|   10934 | LEHMS      | Lehmanns Marktstand                  |
|   11070 | LEHMS      | Lehmanns Marktstand                  |
|   10579 | LETSS      | Let's Stop N Shop                    |
|   10719 | LETSS      | Let's Stop N Shop                    |
|   10735 | LETSS      | Let's Stop N Shop                    |
|   10884 | LETSS      | Let's Stop N Shop                    |
|   10283 | LILAS      | LILA-Supermercado                    |
|   10296 | LILAS      | LILA-Supermercado                    |
|   10330 | LILAS      | LILA-Supermercado                    |
|   10357 | LILAS      | LILA-Supermercado                    |
|   10381 | LILAS      | LILA-Supermercado                    |
|   10461 | LILAS      | LILA-Supermercado                    |
|   10499 | LILAS      | LILA-Supermercado                    |
|   10543 | LILAS      | LILA-Supermercado                    |
|   10780 | LILAS      | LILA-Supermercado                    |
|   10823 | LILAS      | LILA-Supermercado                    |
|   10899 | LILAS      | LILA-Supermercado                    |
|   10997 | LILAS      | LILA-Supermercado                    |
|   11065 | LILAS      | LILA-Supermercado                    |
|   11071 | LILAS      | LILA-Supermercado                    |
|   10405 | LINOD      | LINO-Delicateses                     |
|   10485 | LINOD      | LINO-Delicateses                     |
|   10638 | LINOD      | LINO-Delicateses                     |
|   10697 | LINOD      | LINO-Delicateses                     |
|   10729 | LINOD      | LINO-Delicateses                     |
|   10811 | LINOD      | LINO-Delicateses                     |
|   10838 | LINOD      | LINO-Delicateses                     |
|   10840 | LINOD      | LINO-Delicateses                     |
|   10919 | LINOD      | LINO-Delicateses                     |
|   10954 | LINOD      | LINO-Delicateses                     |
|   11014 | LINOD      | LINO-Delicateses                     |
|   11039 | LINOD      | LINO-Delicateses                     |
|   10307 | LONEP      | Lonesome Pine Restaurant             |
|   10317 | LONEP      | Lonesome Pine Restaurant             |
|   10544 | LONEP      | Lonesome Pine Restaurant             |
|   10662 | LONEP      | Lonesome Pine Restaurant             |
|   10665 | LONEP      | Lonesome Pine Restaurant             |
|   10867 | LONEP      | Lonesome Pine Restaurant             |
|   10883 | LONEP      | Lonesome Pine Restaurant             |
|   11018 | LONEP      | Lonesome Pine Restaurant             |
|   10275 | MAGAA      | Magazzini Alimentari Riuniti         |
|   10300 | MAGAA      | Magazzini Alimentari Riuniti         |
|   10404 | MAGAA      | Magazzini Alimentari Riuniti         |
|   10467 | MAGAA      | Magazzini Alimentari Riuniti         |
|   10635 | MAGAA      | Magazzini Alimentari Riuniti         |
|   10754 | MAGAA      | Magazzini Alimentari Riuniti         |
|   10784 | MAGAA      | Magazzini Alimentari Riuniti         |
|   10818 | MAGAA      | Magazzini Alimentari Riuniti         |
|   10939 | MAGAA      | Magazzini Alimentari Riuniti         |
|   10950 | MAGAA      | Magazzini Alimentari Riuniti         |
|   10529 | MAISD      | Maison Dewey                         |
|   10649 | MAISD      | Maison Dewey                         |
|   10760 | MAISD      | Maison Dewey                         |
|   10892 | MAISD      | Maison Dewey                         |
|   10896 | MAISD      | Maison Dewey                         |
|   10978 | MAISD      | Maison Dewey                         |
|   11004 | MAISD      | Maison Dewey                         |
|   10332 | MEREP      | Mre Paillarde                        |
|   10339 | MEREP      | Mre Paillarde                        |
|   10376 | MEREP      | Mre Paillarde                        |
|   10424 | MEREP      | Mre Paillarde                        |
|   10439 | MEREP      | Mre Paillarde                        |
|   10505 | MEREP      | Mre Paillarde                        |
|   10565 | MEREP      | Mre Paillarde                        |
|   10570 | MEREP      | Mre Paillarde                        |
|   10590 | MEREP      | Mre Paillarde                        |
|   10605 | MEREP      | Mre Paillarde                        |
|   10618 | MEREP      | Mre Paillarde                        |
|   10619 | MEREP      | Mre Paillarde                        |
|   10724 | MEREP      | Mre Paillarde                        |
|   10277 | MORGK      | Morgenstern Gesundkost               |
|   10575 | MORGK      | Morgenstern Gesundkost               |
|   10699 | MORGK      | Morgenstern Gesundkost               |
|   10779 | MORGK      | Morgenstern Gesundkost               |
|   10945 | MORGK      | Morgenstern Gesundkost               |
|   10517 | NORTS      | North/South                          |
|   10752 | NORTS      | North/South                          |
|   11057 | NORTS      | North/South                          |
|   10409 | OCEAN      | Ocano Atlntico Ltda.                 |
|   10531 | OCEAN      | Ocano Atlntico Ltda.                 |
|   10898 | OCEAN      | Ocano Atlntico Ltda.                 |
|   10958 | OCEAN      | Ocano Atlntico Ltda.                 |
|   10986 | OCEAN      | Ocano Atlntico Ltda.                 |
|   10305 | OLDWO      | Old World Delicatessen               |
|   10338 | OLDWO      | Old World Delicatessen               |
|   10441 | OLDWO      | Old World Delicatessen               |
|   10594 | OLDWO      | Old World Delicatessen               |
|   10680 | OLDWO      | Old World Delicatessen               |
|   10706 | OLDWO      | Old World Delicatessen               |
|   10808 | OLDWO      | Old World Delicatessen               |
|   10855 | OLDWO      | Old World Delicatessen               |
|   10965 | OLDWO      | Old World Delicatessen               |
|   11034 | OLDWO      | Old World Delicatessen               |
|   10260 | OTTIK      | Ottilies Kseladen                    |
|   10407 | OTTIK      | Ottilies Kseladen                    |
|   10508 | OTTIK      | Ottilies Kseladen                    |
|   10554 | OTTIK      | Ottilies Kseladen                    |
|   10580 | OTTIK      | Ottilies Kseladen                    |
|   10684 | OTTIK      | Ottilies Kseladen                    |
|   10766 | OTTIK      | Ottilies Kseladen                    |
|   10833 | OTTIK      | Ottilies Kseladen                    |
|   10999 | OTTIK      | Ottilies Kseladen                    |
|   11020 | OTTIK      | Ottilies Kseladen                    |
|   10322 | PERIC      | Pericles Comidas clsicas             |
|   10354 | PERIC      | Pericles Comidas clsicas             |
|   10474 | PERIC      | Pericles Comidas clsicas             |
|   10502 | PERIC      | Pericles Comidas clsicas             |
|   10995 | PERIC      | Pericles Comidas clsicas             |
|   11073 | PERIC      | Pericles Comidas clsicas             |
|   10353 | PICCO      | Piccolo und mehr                     |
|   10392 | PICCO      | Piccolo und mehr                     |
|   10427 | PICCO      | Piccolo und mehr                     |
|   10489 | PICCO      | Piccolo und mehr                     |
|   10530 | PICCO      | Piccolo und mehr                     |
|   10597 | PICCO      | Piccolo und mehr                     |
|   10686 | PICCO      | Piccolo und mehr                     |
|   10747 | PICCO      | Piccolo und mehr                     |
|   10844 | PICCO      | Piccolo und mehr                     |
|   11053 | PICCO      | Piccolo und mehr                     |
|   10336 | PRINI      | Princesa Isabel Vinhos               |
|   10397 | PRINI      | Princesa Isabel Vinhos               |
|   10433 | PRINI      | Princesa Isabel Vinhos               |
|   10477 | PRINI      | Princesa Isabel Vinhos               |
|   11007 | PRINI      | Princesa Isabel Vinhos               |
|   10261 | QUEDE      | Que Delcia                           |
|   10291 | QUEDE      | Que Delcia                           |
|   10379 | QUEDE      | Que Delcia                           |
|   10421 | QUEDE      | Que Delcia                           |
|   10587 | QUEDE      | Que Delcia                           |
|   10647 | QUEDE      | Que Delcia                           |
|   10720 | QUEDE      | Que Delcia                           |
|   10794 | QUEDE      | Que Delcia                           |
|   10989 | QUEDE      | Que Delcia                           |
|   10372 | QUEEN      | Queen Cozinha                        |
|   10406 | QUEEN      | Queen Cozinha                        |
|   10487 | QUEEN      | Queen Cozinha                        |
|   10637 | QUEEN      | Queen Cozinha                        |
|   10659 | QUEEN      | Queen Cozinha                        |
|   10704 | QUEEN      | Queen Cozinha                        |
|   10728 | QUEEN      | Queen Cozinha                        |
|   10786 | QUEEN      | Queen Cozinha                        |
|   10868 | QUEEN      | Queen Cozinha                        |
|   10913 | QUEEN      | Queen Cozinha                        |
|   10914 | QUEEN      | Queen Cozinha                        |
|   10961 | QUEEN      | Queen Cozinha                        |
|   11068 | QUEEN      | Queen Cozinha                        |
|   10273 | QUICK      | QUICK-Stop                           |
|   10285 | QUICK      | QUICK-Stop                           |
|   10286 | QUICK      | QUICK-Stop                           |
|   10313 | QUICK      | QUICK-Stop                           |
|   10345 | QUICK      | QUICK-Stop                           |
|   10361 | QUICK      | QUICK-Stop                           |
|   10418 | QUICK      | QUICK-Stop                           |
|   10451 | QUICK      | QUICK-Stop                           |
|   10515 | QUICK      | QUICK-Stop                           |
|   10527 | QUICK      | QUICK-Stop                           |
|   10540 | QUICK      | QUICK-Stop                           |
|   10549 | QUICK      | QUICK-Stop                           |
|   10588 | QUICK      | QUICK-Stop                           |
|   10658 | QUICK      | QUICK-Stop                           |
|   10691 | QUICK      | QUICK-Stop                           |
|   10694 | QUICK      | QUICK-Stop                           |
|   10721 | QUICK      | QUICK-Stop                           |
|   10745 | QUICK      | QUICK-Stop                           |
|   10765 | QUICK      | QUICK-Stop                           |
|   10788 | QUICK      | QUICK-Stop                           |
|   10845 | QUICK      | QUICK-Stop                           |
|   10865 | QUICK      | QUICK-Stop                           |
|   10878 | QUICK      | QUICK-Stop                           |
|   10938 | QUICK      | QUICK-Stop                           |
|   10962 | QUICK      | QUICK-Stop                           |
|   10991 | QUICK      | QUICK-Stop                           |
|   10996 | QUICK      | QUICK-Stop                           |
|   11021 | QUICK      | QUICK-Stop                           |
|   10448 | RANCH      | Rancho grande                        |
|   10716 | RANCH      | Rancho grande                        |
|   10828 | RANCH      | Rancho grande                        |
|   10916 | RANCH      | Rancho grande                        |
|   11019 | RANCH      | Rancho grande                        |
|   10262 | RATTC      | Rattlesnake Canyon Grocery           |
|   10272 | RATTC      | Rattlesnake Canyon Grocery           |
|   10294 | RATTC      | Rattlesnake Canyon Grocery           |
|   10314 | RATTC      | Rattlesnake Canyon Grocery           |
|   10316 | RATTC      | Rattlesnake Canyon Grocery           |
|   10346 | RATTC      | Rattlesnake Canyon Grocery           |
|   10401 | RATTC      | Rattlesnake Canyon Grocery           |
|   10479 | RATTC      | Rattlesnake Canyon Grocery           |
|   10564 | RATTC      | Rattlesnake Canyon Grocery           |
|   10569 | RATTC      | Rattlesnake Canyon Grocery           |
|   10598 | RATTC      | Rattlesnake Canyon Grocery           |
|   10761 | RATTC      | Rattlesnake Canyon Grocery           |
|   10820 | RATTC      | Rattlesnake Canyon Grocery           |
|   10852 | RATTC      | Rattlesnake Canyon Grocery           |
|   10889 | RATTC      | Rattlesnake Canyon Grocery           |
|   10988 | RATTC      | Rattlesnake Canyon Grocery           |
|   11000 | RATTC      | Rattlesnake Canyon Grocery           |
|   11077 | RATTC      | Rattlesnake Canyon Grocery           |
|   10288 | REGGC      | Reggiani Caseifici                   |
|   10428 | REGGC      | Reggiani Caseifici                   |
|   10443 | REGGC      | Reggiani Caseifici                   |
|   10562 | REGGC      | Reggiani Caseifici                   |
|   10586 | REGGC      | Reggiani Caseifici                   |
|   10655 | REGGC      | Reggiani Caseifici                   |
|   10727 | REGGC      | Reggiani Caseifici                   |
|   10812 | REGGC      | Reggiani Caseifici                   |
|   10908 | REGGC      | Reggiani Caseifici                   |
|   10942 | REGGC      | Reggiani Caseifici                   |
|   11010 | REGGC      | Reggiani Caseifici                   |
|   11062 | REGGC      | Reggiani Caseifici                   |
|   10287 | RICAR      | Ricardo Adocicados                   |
|   10299 | RICAR      | Ricardo Adocicados                   |
|   10447 | RICAR      | Ricardo Adocicados                   |
|   10481 | RICAR      | Ricardo Adocicados                   |
|   10563 | RICAR      | Ricardo Adocicados                   |
|   10622 | RICAR      | Ricardo Adocicados                   |
|   10648 | RICAR      | Ricardo Adocicados                   |
|   10813 | RICAR      | Ricardo Adocicados                   |
|   10851 | RICAR      | Ricardo Adocicados                   |
|   10877 | RICAR      | Ricardo Adocicados                   |
|   11059 | RICAR      | Ricardo Adocicados                   |
|   10255 | RICSU      | Richter Supermarkt                   |
|   10419 | RICSU      | Richter Supermarkt                   |
|   10537 | RICSU      | Richter Supermarkt                   |
|   10666 | RICSU      | Richter Supermarkt                   |
|   10751 | RICSU      | Richter Supermarkt                   |
|   10758 | RICSU      | Richter Supermarkt                   |
|   10931 | RICSU      | Richter Supermarkt                   |
|   10951 | RICSU      | Richter Supermarkt                   |
|   11033 | RICSU      | Richter Supermarkt                   |
|   11075 | RICSU      | Richter Supermarkt                   |
|   10281 | ROMEY      | Romero y tomillo                     |
|   10282 | ROMEY      | Romero y tomillo                     |
|   10306 | ROMEY      | Romero y tomillo                     |
|   10917 | ROMEY      | Romero y tomillo                     |
|   11013 | ROMEY      | Romero y tomillo                     |
|   10387 | SANTG      | Sant Gourmet                         |
|   10520 | SANTG      | Sant Gourmet                         |
|   10639 | SANTG      | Sant Gourmet                         |
|   10831 | SANTG      | Sant Gourmet                         |
|   10909 | SANTG      | Sant Gourmet                         |
|   11015 | SANTG      | Sant Gourmet                         |
|   10324 | SAVEA      | Save-a-lot Markets                   |
|   10393 | SAVEA      | Save-a-lot Markets                   |
|   10398 | SAVEA      | Save-a-lot Markets                   |
|   10440 | SAVEA      | Save-a-lot Markets                   |
|   10452 | SAVEA      | Save-a-lot Markets                   |
|   10510 | SAVEA      | Save-a-lot Markets                   |
|   10555 | SAVEA      | Save-a-lot Markets                   |
|   10603 | SAVEA      | Save-a-lot Markets                   |
|   10607 | SAVEA      | Save-a-lot Markets                   |
|   10612 | SAVEA      | Save-a-lot Markets                   |
|   10627 | SAVEA      | Save-a-lot Markets                   |
|   10657 | SAVEA      | Save-a-lot Markets                   |
|   10678 | SAVEA      | Save-a-lot Markets                   |
|   10700 | SAVEA      | Save-a-lot Markets                   |
|   10711 | SAVEA      | Save-a-lot Markets                   |
|   10713 | SAVEA      | Save-a-lot Markets                   |
|   10714 | SAVEA      | Save-a-lot Markets                   |
|   10722 | SAVEA      | Save-a-lot Markets                   |
|   10748 | SAVEA      | Save-a-lot Markets                   |
|   10757 | SAVEA      | Save-a-lot Markets                   |
|   10815 | SAVEA      | Save-a-lot Markets                   |
|   10847 | SAVEA      | Save-a-lot Markets                   |
|   10882 | SAVEA      | Save-a-lot Markets                   |
|   10894 | SAVEA      | Save-a-lot Markets                   |
|   10941 | SAVEA      | Save-a-lot Markets                   |
|   10983 | SAVEA      | Save-a-lot Markets                   |
|   10984 | SAVEA      | Save-a-lot Markets                   |
|   11002 | SAVEA      | Save-a-lot Markets                   |
|   11030 | SAVEA      | Save-a-lot Markets                   |
|   11031 | SAVEA      | Save-a-lot Markets                   |
|   11064 | SAVEA      | Save-a-lot Markets                   |
|   10359 | SEVES      | Seven Seas Imports                   |
|   10377 | SEVES      | Seven Seas Imports                   |
|   10388 | SEVES      | Seven Seas Imports                   |
|   10472 | SEVES      | Seven Seas Imports                   |
|   10523 | SEVES      | Seven Seas Imports                   |
|   10547 | SEVES      | Seven Seas Imports                   |
|   10800 | SEVES      | Seven Seas Imports                   |
|   10804 | SEVES      | Seven Seas Imports                   |
|   10869 | SEVES      | Seven Seas Imports                   |
|   10341 | SIMOB      | Simons bistro                        |
|   10417 | SIMOB      | Simons bistro                        |
|   10556 | SIMOB      | Simons bistro                        |
|   10642 | SIMOB      | Simons bistro                        |
|   10669 | SIMOB      | Simons bistro                        |
|   10802 | SIMOB      | Simons bistro                        |
|   11074 | SIMOB      | Simons bistro                        |
|   10738 | SPECD      | Spcialits du monde                   |
|   10907 | SPECD      | Spcialits du monde                   |
|   10964 | SPECD      | Spcialits du monde                   |
|   11043 | SPECD      | Spcialits du monde                   |
|   10271 | SPLIR      | Split Rail Beer & Ale                |
|   10329 | SPLIR      | Split Rail Beer & Ale                |
|   10349 | SPLIR      | Split Rail Beer & Ale                |
|   10369 | SPLIR      | Split Rail Beer & Ale                |
|   10385 | SPLIR      | Split Rail Beer & Ale                |
|   10432 | SPLIR      | Split Rail Beer & Ale                |
|   10756 | SPLIR      | Split Rail Beer & Ale                |
|   10821 | SPLIR      | Split Rail Beer & Ale                |
|   10974 | SPLIR      | Split Rail Beer & Ale                |
|   10252 | SUPRD      | Suprmes dlices                       |
|   10302 | SUPRD      | Suprmes dlices                       |
|   10458 | SUPRD      | Suprmes dlices                       |
|   10463 | SUPRD      | Suprmes dlices                       |
|   10475 | SUPRD      | Suprmes dlices                       |
|   10767 | SUPRD      | Suprmes dlices                       |
|   10841 | SUPRD      | Suprmes dlices                       |
|   10846 | SUPRD      | Suprmes dlices                       |
|   10885 | SUPRD      | Suprmes dlices                       |
|   10930 | SUPRD      | Suprmes dlices                       |
|   11035 | SUPRD      | Suprmes dlices                       |
|   11038 | SUPRD      | Suprmes dlices                       |
|   10310 | THEBI      | The Big Cheese                       |
|   10708 | THEBI      | The Big Cheese                       |
|   10805 | THEBI      | The Big Cheese                       |
|   10992 | THEBI      | The Big Cheese                       |
|   10624 | THECR      | The Cracker Box                      |
|   10775 | THECR      | The Cracker Box                      |
|   11003 | THECR      | The Cracker Box                      |
|   10249 | TOMSP      | Toms Spezialitten                    |
|   10438 | TOMSP      | Toms Spezialitten                    |
|   10446 | TOMSP      | Toms Spezialitten                    |
|   10548 | TOMSP      | Toms Spezialitten                    |
|   10608 | TOMSP      | Toms Spezialitten                    |
|   10967 | TOMSP      | Toms Spezialitten                    |
|   10276 | TORTU      | Tortuga Restaurante                  |
|   10293 | TORTU      | Tortuga Restaurante                  |
|   10304 | TORTU      | Tortuga Restaurante                  |
|   10319 | TORTU      | Tortuga Restaurante                  |
|   10518 | TORTU      | Tortuga Restaurante                  |
|   10576 | TORTU      | Tortuga Restaurante                  |
|   10676 | TORTU      | Tortuga Restaurante                  |
|   10842 | TORTU      | Tortuga Restaurante                  |
|   10915 | TORTU      | Tortuga Restaurante                  |
|   11069 | TORTU      | Tortuga Restaurante                  |
|   10292 | TRADH      | Tradio Hipermercados                 |
|   10496 | TRADH      | Tradio Hipermercados                 |
|   10606 | TRADH      | Tradio Hipermercados                 |
|   10830 | TRADH      | Tradio Hipermercados                 |
|   10834 | TRADH      | Tradio Hipermercados                 |
|   10839 | TRADH      | Tradio Hipermercados                 |
|   10574 | TRAIH      | Trail's Head Gourmet Provisioners    |
|   10577 | TRAIH      | Trail's Head Gourmet Provisioners    |
|   10822 | TRAIH      | Trail's Head Gourmet Provisioners    |
|   10367 | VAFFE      | Vaffeljernet                         |
|   10399 | VAFFE      | Vaffeljernet                         |
|   10465 | VAFFE      | Vaffeljernet                         |
|   10591 | VAFFE      | Vaffeljernet                         |
|   10602 | VAFFE      | Vaffeljernet                         |
|   10688 | VAFFE      | Vaffeljernet                         |
|   10744 | VAFFE      | Vaffeljernet                         |
|   10769 | VAFFE      | Vaffeljernet                         |
|   10921 | VAFFE      | Vaffeljernet                         |
|   10946 | VAFFE      | Vaffeljernet                         |
|   10994 | VAFFE      | Vaffeljernet                         |
|   10251 | VICTE      | Victuailles en stock                 |
|   10334 | VICTE      | Victuailles en stock                 |
|   10450 | VICTE      | Victuailles en stock                 |
|   10459 | VICTE      | Victuailles en stock                 |
|   10478 | VICTE      | Victuailles en stock                 |
|   10546 | VICTE      | Victuailles en stock                 |
|   10806 | VICTE      | Victuailles en stock                 |
|   10814 | VICTE      | Victuailles en stock                 |
|   10843 | VICTE      | Victuailles en stock                 |
|   10850 | VICTE      | Victuailles en stock                 |
|   10248 | VINET      | Vins et alcools Chevalier            |
|   10274 | VINET      | Vins et alcools Chevalier            |
|   10295 | VINET      | Vins et alcools Chevalier            |
|   10737 | VINET      | Vins et alcools Chevalier            |
|   10739 | VINET      | Vins et alcools Chevalier            |
|   10301 | WANDK      | Die Wandernde Kuh                    |
|   10312 | WANDK      | Die Wandernde Kuh                    |
|   10348 | WANDK      | Die Wandernde Kuh                    |
|   10356 | WANDK      | Die Wandernde Kuh                    |
|   10513 | WANDK      | Die Wandernde Kuh                    |
|   10632 | WANDK      | Die Wandernde Kuh                    |
|   10640 | WANDK      | Die Wandernde Kuh                    |
|   10651 | WANDK      | Die Wandernde Kuh                    |
|   10668 | WANDK      | Die Wandernde Kuh                    |
|   11046 | WANDK      | Die Wandernde Kuh                    |
|   10266 | WARTH      | Wartian Herkku                       |
|   10320 | WARTH      | Wartian Herkku                       |
|   10333 | WARTH      | Wartian Herkku                       |
|   10412 | WARTH      | Wartian Herkku                       |
|   10416 | WARTH      | Wartian Herkku                       |
|   10437 | WARTH      | Wartian Herkku                       |
|   10455 | WARTH      | Wartian Herkku                       |
|   10526 | WARTH      | Wartian Herkku                       |
|   10553 | WARTH      | Wartian Herkku                       |
|   10583 | WARTH      | Wartian Herkku                       |
|   10636 | WARTH      | Wartian Herkku                       |
|   10750 | WARTH      | Wartian Herkku                       |
|   10781 | WARTH      | Wartian Herkku                       |
|   11025 | WARTH      | Wartian Herkku                       |
|   10256 | WELLI      | Wellington Importadora               |
|   10420 | WELLI      | Wellington Importadora               |
|   10585 | WELLI      | Wellington Importadora               |
|   10644 | WELLI      | Wellington Importadora               |
|   10803 | WELLI      | Wellington Importadora               |
|   10809 | WELLI      | Wellington Importadora               |
|   10900 | WELLI      | Wellington Importadora               |
|   10905 | WELLI      | Wellington Importadora               |
|   10935 | WELLI      | Wellington Importadora               |
|   10269 | WHITC      | White Clover Markets                 |
|   10344 | WHITC      | White Clover Markets                 |
|   10469 | WHITC      | White Clover Markets                 |
|   10483 | WHITC      | White Clover Markets                 |
|   10504 | WHITC      | White Clover Markets                 |
|   10596 | WHITC      | White Clover Markets                 |
|   10693 | WHITC      | White Clover Markets                 |
|   10696 | WHITC      | White Clover Markets                 |
|   10723 | WHITC      | White Clover Markets                 |
|   10740 | WHITC      | White Clover Markets                 |
|   10861 | WHITC      | White Clover Markets                 |
|   10904 | WHITC      | White Clover Markets                 |
|   11032 | WHITC      | White Clover Markets                 |
|   11066 | WHITC      | White Clover Markets                 |
|   10615 | WILMK      | Wilman Kala                          |
|   10673 | WILMK      | Wilman Kala                          |
|   10695 | WILMK      | Wilman Kala                          |
|   10873 | WILMK      | Wilman Kala                          |
|   10879 | WILMK      | Wilman Kala                          |
|   10910 | WILMK      | Wilman Kala                          |
|   11005 | WILMK      | Wilman Kala                          |
|   10374 | WOLZA      | Wolski  Zajazd                       |
|   10611 | WOLZA      | Wolski  Zajazd                       |
|   10792 | WOLZA      | Wolski  Zajazd                       |
|   10870 | WOLZA      | Wolski  Zajazd                       |
|   10906 | WOLZA      | Wolski  Zajazd                       |
|   10998 | WOLZA      | Wolski  Zajazd                       |
|   11044 | WOLZA      | Wolski  Zajazd                       |
|   10643 | ALFKI      | Alfreds Futterkiste                  |
|   10692 | ALFKI      | Alfreds Futterkiste                  |
|   10702 | ALFKI      | Alfreds Futterkiste                  |
|   10835 | ALFKI      | Alfreds Futterkiste                  |
|   10952 | ALFKI      | Alfreds Futterkiste                  |
|   11011 | ALFKI      | Alfreds Futterkiste                  |
|   10308 | ANATR      | Ana Trujillo Emparedados y helados   |
|   10625 | ANATR      | Ana Trujillo Emparedados y helados   |
|   10759 | ANATR      | Ana Trujillo Emparedados y helados   |
|   10926 | ANATR      | Ana Trujillo Emparedados y helados   |
|   10365 | ANTON      | Antonio Moreno Taquera               |
|   10507 | ANTON      | Antonio Moreno Taquera               |
|   10535 | ANTON      | Antonio Moreno Taquera               |
|   10573 | ANTON      | Antonio Moreno Taquera               |
|   10677 | ANTON      | Antonio Moreno Taquera               |
|   10682 | ANTON      | Antonio Moreno Taquera               |
|   10856 | ANTON      | Antonio Moreno Taquera               |
|   10355 | AROUT      | Around the Horn                      |
|   10383 | AROUT      | Around the Horn                      |
|   10453 | AROUT      | Around the Horn                      |
|   10558 | AROUT      | Around the Horn                      |
|   10707 | AROUT      | Around the Horn                      |
|   10741 | AROUT      | Around the Horn                      |
|   10743 | AROUT      | Around the Horn                      |
|   10768 | AROUT      | Around the Horn                      |
|   10793 | AROUT      | Around the Horn                      |
|   10864 | AROUT      | Around the Horn                      |
|   10920 | AROUT      | Around the Horn                      |
|   10953 | AROUT      | Around the Horn                      |
|   11016 | AROUT      | Around the Horn                      |
|   10289 | BSBEV      | B's Beverages                        |
|   10471 | BSBEV      | B's Beverages                        |
|   10484 | BSBEV      | B's Beverages                        |
|   10538 | BSBEV      | B's Beverages                        |
|   10539 | BSBEV      | B's Beverages                        |
|   10578 | BSBEV      | B's Beverages                        |
|   10599 | BSBEV      | B's Beverages                        |
|   10943 | BSBEV      | B's Beverages                        |
|   10947 | BSBEV      | B's Beverages                        |
|   11023 | BSBEV      | B's Beverages                        |
|   10278 | BERGS      | Berglunds snabbkp                    |
|   10280 | BERGS      | Berglunds snabbkp                    |
|   10384 | BERGS      | Berglunds snabbkp                    |
|   10444 | BERGS      | Berglunds snabbkp                    |
|   10445 | BERGS      | Berglunds snabbkp                    |
|   10524 | BERGS      | Berglunds snabbkp                    |
|   10572 | BERGS      | Berglunds snabbkp                    |
|   10626 | BERGS      | Berglunds snabbkp                    |
|   10654 | BERGS      | Berglunds snabbkp                    |
|   10672 | BERGS      | Berglunds snabbkp                    |
|   10689 | BERGS      | Berglunds snabbkp                    |
|   10733 | BERGS      | Berglunds snabbkp                    |
|   10778 | BERGS      | Berglunds snabbkp                    |
|   10837 | BERGS      | Berglunds snabbkp                    |
|   10857 | BERGS      | Berglunds snabbkp                    |
|   10866 | BERGS      | Berglunds snabbkp                    |
|   10875 | BERGS      | Berglunds snabbkp                    |
|   10924 | BERGS      | Berglunds snabbkp                    |
|   10501 | BLAUS      | Blauer See Delikatessen              |
|   10509 | BLAUS      | Blauer See Delikatessen              |
|   10582 | BLAUS      | Blauer See Delikatessen              |
|   10614 | BLAUS      | Blauer See Delikatessen              |
|   10853 | BLAUS      | Blauer See Delikatessen              |
|   10956 | BLAUS      | Blauer See Delikatessen              |
|   11058 | BLAUS      | Blauer See Delikatessen              |
|   10326 | BOLID      | Blido Comidas preparadas             |
|   10801 | BOLID      | Blido Comidas preparadas             |
|   10970 | BOLID      | Blido Comidas preparadas             |
|   10265 | BLONP      | Blondesddsl pre et fils              |
|   10297 | BLONP      | Blondesddsl pre et fils              |
|   10360 | BLONP      | Blondesddsl pre et fils              |
|   10436 | BLONP      | Blondesddsl pre et fils              |
|   10449 | BLONP      | Blondesddsl pre et fils              |
|   10559 | BLONP      | Blondesddsl pre et fils              |
|   10566 | BLONP      | Blondesddsl pre et fils              |
|   10584 | BLONP      | Blondesddsl pre et fils              |
|   10628 | BLONP      | Blondesddsl pre et fils              |
|   10679 | BLONP      | Blondesddsl pre et fils              |
|   10826 | BLONP      | Blondesddsl pre et fils              |
|   10331 | BONAP      | Bon app'                             |
|   10340 | BONAP      | Bon app'                             |
|   10362 | BONAP      | Bon app'                             |
|   10470 | BONAP      | Bon app'                             |
|   10511 | BONAP      | Bon app'                             |
|   10525 | BONAP      | Bon app'                             |
|   10663 | BONAP      | Bon app'                             |
|   10715 | BONAP      | Bon app'                             |
|   10730 | BONAP      | Bon app'                             |
|   10732 | BONAP      | Bon app'                             |
|   10755 | BONAP      | Bon app'                             |
|   10827 | BONAP      | Bon app'                             |
|   10871 | BONAP      | Bon app'                             |
|   10876 | BONAP      | Bon app'                             |
|   10932 | BONAP      | Bon app'                             |
|   10940 | BONAP      | Bon app'                             |
|   11076 | BONAP      | Bon app'                             |
|   10389 | BOTTM      | Bottom-Dollar Markets                |
|   10410 | BOTTM      | Bottom-Dollar Markets                |
|   10411 | BOTTM      | Bottom-Dollar Markets                |
|   10431 | BOTTM      | Bottom-Dollar Markets                |
|   10492 | BOTTM      | Bottom-Dollar Markets                |
|   10742 | BOTTM      | Bottom-Dollar Markets                |
|   10918 | BOTTM      | Bottom-Dollar Markets                |
|   10944 | BOTTM      | Bottom-Dollar Markets                |
|   10949 | BOTTM      | Bottom-Dollar Markets                |
|   10975 | BOTTM      | Bottom-Dollar Markets                |
|   10982 | BOTTM      | Bottom-Dollar Markets                |
|   11027 | BOTTM      | Bottom-Dollar Markets                |
|   11045 | BOTTM      | Bottom-Dollar Markets                |
|   11048 | BOTTM      | Bottom-Dollar Markets                |
|   10521 | CACTU      | Cactus Comidas para llevar           |
|   10782 | CACTU      | Cactus Comidas para llevar           |
|   10819 | CACTU      | Cactus Comidas para llevar           |
|   10881 | CACTU      | Cactus Comidas para llevar           |
|   10937 | CACTU      | Cactus Comidas para llevar           |
|   11054 | CACTU      | Cactus Comidas para llevar           |
|   10259 | CENTC      | Centro comercial Moctezuma           |
|   10254 | CHOPS      | Chop-suey Chinese                    |
|   10370 | CHOPS      | Chop-suey Chinese                    |
|   10519 | CHOPS      | Chop-suey Chinese                    |
|   10731 | CHOPS      | Chop-suey Chinese                    |
|   10746 | CHOPS      | Chop-suey Chinese                    |
|   10966 | CHOPS      | Chop-suey Chinese                    |
|   11029 | CHOPS      | Chop-suey Chinese                    |
|   11041 | CHOPS      | Chop-suey Chinese                    |
|   10290 | COMMI      | Comrcio Mineiro                      |
|   10466 | COMMI      | Comrcio Mineiro                      |
|   10494 | COMMI      | Comrcio Mineiro                      |
|   10969 | COMMI      | Comrcio Mineiro                      |
|   11042 | COMMI      | Comrcio Mineiro                      |
|   10435 | CONSH      | Consolidated Holdings                |
|   10462 | CONSH      | Consolidated Holdings                |
|   10848 | CONSH      | Consolidated Holdings                |
|   10301 | WANDK      | Die Wandernde Kuh                    |
|   10312 | WANDK      | Die Wandernde Kuh                    |
|   10348 | WANDK      | Die Wandernde Kuh                    |
|   10356 | WANDK      | Die Wandernde Kuh                    |
|   10513 | WANDK      | Die Wandernde Kuh                    |
|   10632 | WANDK      | Die Wandernde Kuh                    |
|   10640 | WANDK      | Die Wandernde Kuh                    |
|   10651 | WANDK      | Die Wandernde Kuh                    |
|   10668 | WANDK      | Die Wandernde Kuh                    |
|   11046 | WANDK      | Die Wandernde Kuh                    |
|   10363 | DRACD      | Drachenblut Delikatessen             |
|   10391 | DRACD      | Drachenblut Delikatessen             |
|   10797 | DRACD      | Drachenblut Delikatessen             |
|   10825 | DRACD      | Drachenblut Delikatessen             |
|   11036 | DRACD      | Drachenblut Delikatessen             |
|   11067 | DRACD      | Drachenblut Delikatessen             |
|   10311 | DUMON      | Du monde entier                      |
|   10609 | DUMON      | Du monde entier                      |
|   10683 | DUMON      | Du monde entier                      |
|   10890 | DUMON      | Du monde entier                      |
|   10364 | EASTC      | Eastern Connection                   |
|   10400 | EASTC      | Eastern Connection                   |
|   10532 | EASTC      | Eastern Connection                   |
|   10726 | EASTC      | Eastern Connection                   |
|   10987 | EASTC      | Eastern Connection                   |
|   11024 | EASTC      | Eastern Connection                   |
|   11047 | EASTC      | Eastern Connection                   |
|   11056 | EASTC      | Eastern Connection                   |
|   10258 | ERNSH      | Ernst Handel                         |
|   10263 | ERNSH      | Ernst Handel                         |
|   10351 | ERNSH      | Ernst Handel                         |
|   10368 | ERNSH      | Ernst Handel                         |
|   10382 | ERNSH      | Ernst Handel                         |
|   10390 | ERNSH      | Ernst Handel                         |
|   10402 | ERNSH      | Ernst Handel                         |
|   10403 | ERNSH      | Ernst Handel                         |
|   10430 | ERNSH      | Ernst Handel                         |
|   10442 | ERNSH      | Ernst Handel                         |
|   10514 | ERNSH      | Ernst Handel                         |
|   10571 | ERNSH      | Ernst Handel                         |
|   10595 | ERNSH      | Ernst Handel                         |
|   10633 | ERNSH      | Ernst Handel                         |
|   10667 | ERNSH      | Ernst Handel                         |
|   10698 | ERNSH      | Ernst Handel                         |
|   10764 | ERNSH      | Ernst Handel                         |
|   10771 | ERNSH      | Ernst Handel                         |
|   10773 | ERNSH      | Ernst Handel                         |
|   10776 | ERNSH      | Ernst Handel                         |
|   10795 | ERNSH      | Ernst Handel                         |
|   10836 | ERNSH      | Ernst Handel                         |
|   10854 | ERNSH      | Ernst Handel                         |
|   10895 | ERNSH      | Ernst Handel                         |
|   10968 | ERNSH      | Ernst Handel                         |
|   10979 | ERNSH      | Ernst Handel                         |
|   10990 | ERNSH      | Ernst Handel                         |
|   11008 | ERNSH      | Ernst Handel                         |
|   11017 | ERNSH      | Ernst Handel                         |
|   11072 | ERNSH      | Ernst Handel                         |
|   10347 | FAMIA      | Familia Arquibaldo                   |
|   10386 | FAMIA      | Familia Arquibaldo                   |
|   10414 | FAMIA      | Familia Arquibaldo                   |
|   10512 | FAMIA      | Familia Arquibaldo                   |
|   10581 | FAMIA      | Familia Arquibaldo                   |
|   10650 | FAMIA      | Familia Arquibaldo                   |
|   10725 | FAMIA      | Familia Arquibaldo                   |
|    NULL | FISSA      | FISSA Fabrica Inter. Salchichas S.A. |
|   10408 | FOLIG      | Folies gourmandes                    |
|   10480 | FOLIG      | Folies gourmandes                    |
|   10634 | FOLIG      | Folies gourmandes                    |
|   10763 | FOLIG      | Folies gourmandes                    |
|   10789 | FOLIG      | Folies gourmandes                    |
|   10264 | FOLKO      | Folk och f HB                        |
|   10327 | FOLKO      | Folk och f HB                        |
|   10378 | FOLKO      | Folk och f HB                        |
|   10434 | FOLKO      | Folk och f HB                        |
|   10460 | FOLKO      | Folk och f HB                        |
|   10533 | FOLKO      | Folk och f HB                        |
|   10561 | FOLKO      | Folk och f HB                        |
|   10703 | FOLKO      | Folk och f HB                        |
|   10762 | FOLKO      | Folk och f HB                        |
|   10774 | FOLKO      | Folk och f HB                        |
|   10824 | FOLKO      | Folk och f HB                        |
|   10880 | FOLKO      | Folk och f HB                        |
|   10902 | FOLKO      | Folk och f HB                        |
|   10955 | FOLKO      | Folk och f HB                        |
|   10977 | FOLKO      | Folk och f HB                        |
|   10980 | FOLKO      | Folk och f HB                        |
|   10993 | FOLKO      | Folk och f HB                        |
|   11001 | FOLKO      | Folk och f HB                        |
|   11050 | FOLKO      | Folk och f HB                        |
|   10671 | FRANR      | France restauration                  |
|   10860 | FRANR      | France restauration                  |
|   10971 | FRANR      | France restauration                  |
|   10422 | FRANS      | Franchi S.p.A.                       |
|   10710 | FRANS      | Franchi S.p.A.                       |
|   10753 | FRANS      | Franchi S.p.A.                       |
|   10807 | FRANS      | Franchi S.p.A.                       |
|   11026 | FRANS      | Franchi S.p.A.                       |
|   11060 | FRANS      | Franchi S.p.A.                       |
|   10267 | FRANK      | Frankenversand                       |
|   10337 | FRANK      | Frankenversand                       |
|   10342 | FRANK      | Frankenversand                       |
|   10396 | FRANK      | Frankenversand                       |
|   10488 | FRANK      | Frankenversand                       |
|   10560 | FRANK      | Frankenversand                       |
|   10623 | FRANK      | Frankenversand                       |
|   10653 | FRANK      | Frankenversand                       |
|   10670 | FRANK      | Frankenversand                       |
|   10675 | FRANK      | Frankenversand                       |
|   10717 | FRANK      | Frankenversand                       |
|   10791 | FRANK      | Frankenversand                       |
|   10859 | FRANK      | Frankenversand                       |
|   10929 | FRANK      | Frankenversand                       |
|   11012 | FRANK      | Frankenversand                       |
|   10328 | FURIB      | Furia Bacalhau e Frutos do Mar       |
|   10352 | FURIB      | Furia Bacalhau e Frutos do Mar       |
|   10464 | FURIB      | Furia Bacalhau e Frutos do Mar       |
|   10491 | FURIB      | Furia Bacalhau e Frutos do Mar       |
|   10551 | FURIB      | Furia Bacalhau e Frutos do Mar       |
|   10604 | FURIB      | Furia Bacalhau e Frutos do Mar       |
|   10664 | FURIB      | Furia Bacalhau e Frutos do Mar       |
|   10963 | FURIB      | Furia Bacalhau e Frutos do Mar       |
|   10366 | GALED      | Galera del gastrnomo                 |
|   10426 | GALED      | Galera del gastrnomo                 |
|   10568 | GALED      | Galera del gastrnomo                 |
|   10887 | GALED      | Galera del gastrnomo                 |
|   10928 | GALED      | Galera del gastrnomo                 |
|   10303 | GODOS      | Godos Cocina Tpica                   |
|   10550 | GODOS      | Godos Cocina Tpica                   |
|   10629 | GODOS      | Godos Cocina Tpica                   |
|   10872 | GODOS      | Godos Cocina Tpica                   |
|   10874 | GODOS      | Godos Cocina Tpica                   |
|   10888 | GODOS      | Godos Cocina Tpica                   |
|   10911 | GODOS      | Godos Cocina Tpica                   |
|   10948 | GODOS      | Godos Cocina Tpica                   |
|   11009 | GODOS      | Godos Cocina Tpica                   |
|   11037 | GODOS      | Godos Cocina Tpica                   |
|   10423 | GOURL      | Gourmet Lanchonetes                  |
|   10652 | GOURL      | Gourmet Lanchonetes                  |
|   10685 | GOURL      | Gourmet Lanchonetes                  |
|   10709 | GOURL      | Gourmet Lanchonetes                  |
|   10734 | GOURL      | Gourmet Lanchonetes                  |
|   10777 | GOURL      | Gourmet Lanchonetes                  |
|   10790 | GOURL      | Gourmet Lanchonetes                  |
|   10959 | GOURL      | Gourmet Lanchonetes                  |
|   11049 | GOURL      | Gourmet Lanchonetes                  |
|   10528 | GREAL      | Great Lakes Food Market              |
|   10589 | GREAL      | Great Lakes Food Market              |
|   10616 | GREAL      | Great Lakes Food Market              |
|   10617 | GREAL      | Great Lakes Food Market              |
|   10656 | GREAL      | Great Lakes Food Market              |
|   10681 | GREAL      | Great Lakes Food Market              |
|   10816 | GREAL      | Great Lakes Food Market              |
|   10936 | GREAL      | Great Lakes Food Market              |
|   11006 | GREAL      | Great Lakes Food Market              |
|   11040 | GREAL      | Great Lakes Food Market              |
|   11061 | GREAL      | Great Lakes Food Market              |
|   10785 | GROSR      | GROSELLA-Restaurante                 |
|   10250 | HANAR      | Hanari Carnes                        |
|   10253 | HANAR      | Hanari Carnes                        |
|   10541 | HANAR      | Hanari Carnes                        |
|   10645 | HANAR      | Hanari Carnes                        |
|   10690 | HANAR      | Hanari Carnes                        |
|   10770 | HANAR      | Hanari Carnes                        |
|   10783 | HANAR      | Hanari Carnes                        |
|   10886 | HANAR      | Hanari Carnes                        |
|   10903 | HANAR      | Hanari Carnes                        |
|   10922 | HANAR      | Hanari Carnes                        |
|   10925 | HANAR      | Hanari Carnes                        |
|   10981 | HANAR      | Hanari Carnes                        |
|   11022 | HANAR      | Hanari Carnes                        |
|   11052 | HANAR      | Hanari Carnes                        |
|   10257 | HILAA      | HILARION-Abastos                     |
|   10395 | HILAA      | HILARION-Abastos                     |
|   10476 | HILAA      | HILARION-Abastos                     |
|   10486 | HILAA      | HILARION-Abastos                     |
|   10490 | HILAA      | HILARION-Abastos                     |
|   10498 | HILAA      | HILARION-Abastos                     |
|   10552 | HILAA      | HILARION-Abastos                     |
|   10601 | HILAA      | HILARION-Abastos                     |
|   10613 | HILAA      | HILARION-Abastos                     |
|   10641 | HILAA      | HILARION-Abastos                     |
|   10705 | HILAA      | HILARION-Abastos                     |
|   10796 | HILAA      | HILARION-Abastos                     |
|   10863 | HILAA      | HILARION-Abastos                     |
|   10901 | HILAA      | HILARION-Abastos                     |
|   10957 | HILAA      | HILARION-Abastos                     |
|   10960 | HILAA      | HILARION-Abastos                     |
|   10976 | HILAA      | HILARION-Abastos                     |
|   11055 | HILAA      | HILARION-Abastos                     |
|   10375 | HUNGC      | Hungry Coyote Import Store           |
|   10394 | HUNGC      | Hungry Coyote Import Store           |
|   10415 | HUNGC      | Hungry Coyote Import Store           |
|   10600 | HUNGC      | Hungry Coyote Import Store           |
|   10660 | HUNGC      | Hungry Coyote Import Store           |
|   10298 | HUNGO      | Hungry Owl All-Night Grocers         |
|   10309 | HUNGO      | Hungry Owl All-Night Grocers         |
|   10335 | HUNGO      | Hungry Owl All-Night Grocers         |
|   10373 | HUNGO      | Hungry Owl All-Night Grocers         |
|   10380 | HUNGO      | Hungry Owl All-Night Grocers         |
|   10429 | HUNGO      | Hungry Owl All-Night Grocers         |
|   10503 | HUNGO      | Hungry Owl All-Night Grocers         |
|   10516 | HUNGO      | Hungry Owl All-Night Grocers         |
|   10567 | HUNGO      | Hungry Owl All-Night Grocers         |
|   10646 | HUNGO      | Hungry Owl All-Night Grocers         |
|   10661 | HUNGO      | Hungry Owl All-Night Grocers         |
|   10687 | HUNGO      | Hungry Owl All-Night Grocers         |
|   10701 | HUNGO      | Hungry Owl All-Night Grocers         |
|   10712 | HUNGO      | Hungry Owl All-Night Grocers         |
|   10736 | HUNGO      | Hungry Owl All-Night Grocers         |
|   10897 | HUNGO      | Hungry Owl All-Night Grocers         |
|   10912 | HUNGO      | Hungry Owl All-Night Grocers         |
|   10985 | HUNGO      | Hungry Owl All-Night Grocers         |
|   11063 | HUNGO      | Hungry Owl All-Night Grocers         |
|   10315 | ISLAT      | Island Trading                       |
|   10318 | ISLAT      | Island Trading                       |
|   10321 | ISLAT      | Island Trading                       |
|   10473 | ISLAT      | Island Trading                       |
|   10621 | ISLAT      | Island Trading                       |
|   10674 | ISLAT      | Island Trading                       |
|   10749 | ISLAT      | Island Trading                       |
|   10798 | ISLAT      | Island Trading                       |
|   10829 | ISLAT      | Island Trading                       |
|   10933 | ISLAT      | Island Trading                       |
|    NULL | Val2       | IT                                   |
|    NULL | VALON      | IT                                   |
|   10323 | KOENE      | Kniglich Essen                       |
|   10325 | KOENE      | Kniglich Essen                       |
|   10456 | KOENE      | Kniglich Essen                       |
|   10457 | KOENE      | Kniglich Essen                       |
|   10468 | KOENE      | Kniglich Essen                       |
|   10506 | KOENE      | Kniglich Essen                       |
|   10542 | KOENE      | Kniglich Essen                       |
|   10630 | KOENE      | Kniglich Essen                       |
|   10718 | KOENE      | Kniglich Essen                       |
|   10799 | KOENE      | Kniglich Essen                       |
|   10817 | KOENE      | Kniglich Essen                       |
|   10849 | KOENE      | Kniglich Essen                       |
|   10893 | KOENE      | Kniglich Essen                       |
|   11028 | KOENE      | Kniglich Essen                       |
|   10858 | LACOR      | La corne d'abondance                 |
|   10927 | LACOR      | La corne d'abondance                 |
|   10972 | LACOR      | La corne d'abondance                 |
|   10973 | LACOR      | La corne d'abondance                 |
|   10350 | LAMAI      | La maison d'Asie                     |
|   10358 | LAMAI      | La maison d'Asie                     |
|   10371 | LAMAI      | La maison d'Asie                     |
|   10413 | LAMAI      | La maison d'Asie                     |
|   10425 | LAMAI      | La maison d'Asie                     |
|   10454 | LAMAI      | La maison d'Asie                     |
|   10493 | LAMAI      | La maison d'Asie                     |
|   10500 | LAMAI      | La maison d'Asie                     |
|   10610 | LAMAI      | La maison d'Asie                     |
|   10631 | LAMAI      | La maison d'Asie                     |
|   10787 | LAMAI      | La maison d'Asie                     |
|   10832 | LAMAI      | La maison d'Asie                     |
|   10923 | LAMAI      | La maison d'Asie                     |
|   11051 | LAMAI      | La maison d'Asie                     |
|   10495 | LAUGB      | Laughing Bacchus Wine Cellars        |
|   10620 | LAUGB      | Laughing Bacchus Wine Cellars        |
|   10810 | LAUGB      | Laughing Bacchus Wine Cellars        |
|   10482 | LAZYK      | Lazy K Kountry Store                 |
|   10545 | LAZYK      | Lazy K Kountry Store                 |
|   10279 | LEHMS      | Lehmanns Marktstand                  |
|   10284 | LEHMS      | Lehmanns Marktstand                  |
|   10343 | LEHMS      | Lehmanns Marktstand                  |
|   10497 | LEHMS      | Lehmanns Marktstand                  |
|   10522 | LEHMS      | Lehmanns Marktstand                  |
|   10534 | LEHMS      | Lehmanns Marktstand                  |
|   10536 | LEHMS      | Lehmanns Marktstand                  |
|   10557 | LEHMS      | Lehmanns Marktstand                  |
|   10592 | LEHMS      | Lehmanns Marktstand                  |
|   10593 | LEHMS      | Lehmanns Marktstand                  |
|   10772 | LEHMS      | Lehmanns Marktstand                  |
|   10862 | LEHMS      | Lehmanns Marktstand                  |
|   10891 | LEHMS      | Lehmanns Marktstand                  |
|   10934 | LEHMS      | Lehmanns Marktstand                  |
|   11070 | LEHMS      | Lehmanns Marktstand                  |
|   10579 | LETSS      | Let's Stop N Shop                    |
|   10719 | LETSS      | Let's Stop N Shop                    |
|   10735 | LETSS      | Let's Stop N Shop                    |
|   10884 | LETSS      | Let's Stop N Shop                    |
|   10283 | LILAS      | LILA-Supermercado                    |
|   10296 | LILAS      | LILA-Supermercado                    |
|   10330 | LILAS      | LILA-Supermercado                    |
|   10357 | LILAS      | LILA-Supermercado                    |
|   10381 | LILAS      | LILA-Supermercado                    |
|   10461 | LILAS      | LILA-Supermercado                    |
|   10499 | LILAS      | LILA-Supermercado                    |
|   10543 | LILAS      | LILA-Supermercado                    |
|   10780 | LILAS      | LILA-Supermercado                    |
|   10823 | LILAS      | LILA-Supermercado                    |
|   10899 | LILAS      | LILA-Supermercado                    |
|   10997 | LILAS      | LILA-Supermercado                    |
|   11065 | LILAS      | LILA-Supermercado                    |
|   11071 | LILAS      | LILA-Supermercado                    |
|   10405 | LINOD      | LINO-Delicateses                     |
|   10485 | LINOD      | LINO-Delicateses                     |
|   10638 | LINOD      | LINO-Delicateses                     |
|   10697 | LINOD      | LINO-Delicateses                     |
|   10729 | LINOD      | LINO-Delicateses                     |
|   10811 | LINOD      | LINO-Delicateses                     |
|   10838 | LINOD      | LINO-Delicateses                     |
|   10840 | LINOD      | LINO-Delicateses                     |
|   10919 | LINOD      | LINO-Delicateses                     |
|   10954 | LINOD      | LINO-Delicateses                     |
|   11014 | LINOD      | LINO-Delicateses                     |
|   11039 | LINOD      | LINO-Delicateses                     |
|   10307 | LONEP      | Lonesome Pine Restaurant             |
|   10317 | LONEP      | Lonesome Pine Restaurant             |
|   10544 | LONEP      | Lonesome Pine Restaurant             |
|   10662 | LONEP      | Lonesome Pine Restaurant             |
|   10665 | LONEP      | Lonesome Pine Restaurant             |
|   10867 | LONEP      | Lonesome Pine Restaurant             |
|   10883 | LONEP      | Lonesome Pine Restaurant             |
|   11018 | LONEP      | Lonesome Pine Restaurant             |
|   10275 | MAGAA      | Magazzini Alimentari Riuniti         |
|   10300 | MAGAA      | Magazzini Alimentari Riuniti         |
|   10404 | MAGAA      | Magazzini Alimentari Riuniti         |
|   10467 | MAGAA      | Magazzini Alimentari Riuniti         |
|   10635 | MAGAA      | Magazzini Alimentari Riuniti         |
|   10754 | MAGAA      | Magazzini Alimentari Riuniti         |
|   10784 | MAGAA      | Magazzini Alimentari Riuniti         |
|   10818 | MAGAA      | Magazzini Alimentari Riuniti         |
|   10939 | MAGAA      | Magazzini Alimentari Riuniti         |
|   10950 | MAGAA      | Magazzini Alimentari Riuniti         |
|   10529 | MAISD      | Maison Dewey                         |
|   10649 | MAISD      | Maison Dewey                         |
|   10760 | MAISD      | Maison Dewey                         |
|   10892 | MAISD      | Maison Dewey                         |
|   10896 | MAISD      | Maison Dewey                         |
|   10978 | MAISD      | Maison Dewey                         |
|   11004 | MAISD      | Maison Dewey                         |
|   10277 | MORGK      | Morgenstern Gesundkost               |
|   10575 | MORGK      | Morgenstern Gesundkost               |
|   10699 | MORGK      | Morgenstern Gesundkost               |
|   10779 | MORGK      | Morgenstern Gesundkost               |
|   10945 | MORGK      | Morgenstern Gesundkost               |
|   10332 | MEREP      | Mre Paillarde                        |
|   10339 | MEREP      | Mre Paillarde                        |
|   10376 | MEREP      | Mre Paillarde                        |
|   10424 | MEREP      | Mre Paillarde                        |
|   10439 | MEREP      | Mre Paillarde                        |
|   10505 | MEREP      | Mre Paillarde                        |
|   10565 | MEREP      | Mre Paillarde                        |
|   10570 | MEREP      | Mre Paillarde                        |
|   10590 | MEREP      | Mre Paillarde                        |
|   10605 | MEREP      | Mre Paillarde                        |
|   10618 | MEREP      | Mre Paillarde                        |
|   10619 | MEREP      | Mre Paillarde                        |
|   10724 | MEREP      | Mre Paillarde                        |
|   10517 | NORTS      | North/South                          |
|   10752 | NORTS      | North/South                          |
|   11057 | NORTS      | North/South                          |
|   10409 | OCEAN      | Ocano Atlntico Ltda.                 |
|   10531 | OCEAN      | Ocano Atlntico Ltda.                 |
|   10898 | OCEAN      | Ocano Atlntico Ltda.                 |
|   10958 | OCEAN      | Ocano Atlntico Ltda.                 |
|   10986 | OCEAN      | Ocano Atlntico Ltda.                 |
|   10305 | OLDWO      | Old World Delicatessen               |
|   10338 | OLDWO      | Old World Delicatessen               |
|   10441 | OLDWO      | Old World Delicatessen               |
|   10594 | OLDWO      | Old World Delicatessen               |
|   10680 | OLDWO      | Old World Delicatessen               |
|   10706 | OLDWO      | Old World Delicatessen               |
|   10808 | OLDWO      | Old World Delicatessen               |
|   10855 | OLDWO      | Old World Delicatessen               |
|   10965 | OLDWO      | Old World Delicatessen               |
|   11034 | OLDWO      | Old World Delicatessen               |
|   10260 | OTTIK      | Ottilies Kseladen                    |
|   10407 | OTTIK      | Ottilies Kseladen                    |
|   10508 | OTTIK      | Ottilies Kseladen                    |
|   10554 | OTTIK      | Ottilies Kseladen                    |
|   10580 | OTTIK      | Ottilies Kseladen                    |
|   10684 | OTTIK      | Ottilies Kseladen                    |
|   10766 | OTTIK      | Ottilies Kseladen                    |
|   10833 | OTTIK      | Ottilies Kseladen                    |
|   10999 | OTTIK      | Ottilies Kseladen                    |
|   11020 | OTTIK      | Ottilies Kseladen                    |
|    NULL | PARIS      | Paris spcialits                      |
|   10322 | PERIC      | Pericles Comidas clsicas             |
|   10354 | PERIC      | Pericles Comidas clsicas             |
|   10474 | PERIC      | Pericles Comidas clsicas             |
|   10502 | PERIC      | Pericles Comidas clsicas             |
|   10995 | PERIC      | Pericles Comidas clsicas             |
|   11073 | PERIC      | Pericles Comidas clsicas             |
|   10353 | PICCO      | Piccolo und mehr                     |
|   10392 | PICCO      | Piccolo und mehr                     |
|   10427 | PICCO      | Piccolo und mehr                     |
|   10489 | PICCO      | Piccolo und mehr                     |
|   10530 | PICCO      | Piccolo und mehr                     |
|   10597 | PICCO      | Piccolo und mehr                     |
|   10686 | PICCO      | Piccolo und mehr                     |
|   10747 | PICCO      | Piccolo und mehr                     |
|   10844 | PICCO      | Piccolo und mehr                     |
|   11053 | PICCO      | Piccolo und mehr                     |
|   10336 | PRINI      | Princesa Isabel Vinhos               |
|   10397 | PRINI      | Princesa Isabel Vinhos               |
|   10433 | PRINI      | Princesa Isabel Vinhos               |
|   10477 | PRINI      | Princesa Isabel Vinhos               |
|   11007 | PRINI      | Princesa Isabel Vinhos               |
|   10261 | QUEDE      | Que Delcia                           |
|   10291 | QUEDE      | Que Delcia                           |
|   10379 | QUEDE      | Que Delcia                           |
|   10421 | QUEDE      | Que Delcia                           |
|   10587 | QUEDE      | Que Delcia                           |
|   10647 | QUEDE      | Que Delcia                           |
|   10720 | QUEDE      | Que Delcia                           |
|   10794 | QUEDE      | Que Delcia                           |
|   10989 | QUEDE      | Que Delcia                           |
|   10372 | QUEEN      | Queen Cozinha                        |
|   10406 | QUEEN      | Queen Cozinha                        |
|   10487 | QUEEN      | Queen Cozinha                        |
|   10637 | QUEEN      | Queen Cozinha                        |
|   10659 | QUEEN      | Queen Cozinha                        |
|   10704 | QUEEN      | Queen Cozinha                        |
|   10728 | QUEEN      | Queen Cozinha                        |
|   10786 | QUEEN      | Queen Cozinha                        |
|   10868 | QUEEN      | Queen Cozinha                        |
|   10913 | QUEEN      | Queen Cozinha                        |
|   10914 | QUEEN      | Queen Cozinha                        |
|   10961 | QUEEN      | Queen Cozinha                        |
|   11068 | QUEEN      | Queen Cozinha                        |
|   10273 | QUICK      | QUICK-Stop                           |
|   10285 | QUICK      | QUICK-Stop                           |
|   10286 | QUICK      | QUICK-Stop                           |
|   10313 | QUICK      | QUICK-Stop                           |
|   10345 | QUICK      | QUICK-Stop                           |
|   10361 | QUICK      | QUICK-Stop                           |
|   10418 | QUICK      | QUICK-Stop                           |
|   10451 | QUICK      | QUICK-Stop                           |
|   10515 | QUICK      | QUICK-Stop                           |
|   10527 | QUICK      | QUICK-Stop                           |
|   10540 | QUICK      | QUICK-Stop                           |
|   10549 | QUICK      | QUICK-Stop                           |
|   10588 | QUICK      | QUICK-Stop                           |
|   10658 | QUICK      | QUICK-Stop                           |
|   10691 | QUICK      | QUICK-Stop                           |
|   10694 | QUICK      | QUICK-Stop                           |
|   10721 | QUICK      | QUICK-Stop                           |
|   10745 | QUICK      | QUICK-Stop                           |
|   10765 | QUICK      | QUICK-Stop                           |
|   10788 | QUICK      | QUICK-Stop                           |
|   10845 | QUICK      | QUICK-Stop                           |
|   10865 | QUICK      | QUICK-Stop                           |
|   10878 | QUICK      | QUICK-Stop                           |
|   10938 | QUICK      | QUICK-Stop                           |
|   10962 | QUICK      | QUICK-Stop                           |
|   10991 | QUICK      | QUICK-Stop                           |
|   10996 | QUICK      | QUICK-Stop                           |
|   11021 | QUICK      | QUICK-Stop                           |
|   10448 | RANCH      | Rancho grande                        |
|   10716 | RANCH      | Rancho grande                        |
|   10828 | RANCH      | Rancho grande                        |
|   10916 | RANCH      | Rancho grande                        |
|   11019 | RANCH      | Rancho grande                        |
|   10262 | RATTC      | Rattlesnake Canyon Grocery           |
|   10272 | RATTC      | Rattlesnake Canyon Grocery           |
|   10294 | RATTC      | Rattlesnake Canyon Grocery           |
|   10314 | RATTC      | Rattlesnake Canyon Grocery           |
|   10316 | RATTC      | Rattlesnake Canyon Grocery           |
|   10346 | RATTC      | Rattlesnake Canyon Grocery           |
|   10401 | RATTC      | Rattlesnake Canyon Grocery           |
|   10479 | RATTC      | Rattlesnake Canyon Grocery           |
|   10564 | RATTC      | Rattlesnake Canyon Grocery           |
|   10569 | RATTC      | Rattlesnake Canyon Grocery           |
|   10598 | RATTC      | Rattlesnake Canyon Grocery           |
|   10761 | RATTC      | Rattlesnake Canyon Grocery           |
|   10820 | RATTC      | Rattlesnake Canyon Grocery           |
|   10852 | RATTC      | Rattlesnake Canyon Grocery           |
|   10889 | RATTC      | Rattlesnake Canyon Grocery           |
|   10988 | RATTC      | Rattlesnake Canyon Grocery           |
|   11000 | RATTC      | Rattlesnake Canyon Grocery           |
|   11077 | RATTC      | Rattlesnake Canyon Grocery           |
|   10288 | REGGC      | Reggiani Caseifici                   |
|   10428 | REGGC      | Reggiani Caseifici                   |
|   10443 | REGGC      | Reggiani Caseifici                   |
|   10562 | REGGC      | Reggiani Caseifici                   |
|   10586 | REGGC      | Reggiani Caseifici                   |
|   10655 | REGGC      | Reggiani Caseifici                   |
|   10727 | REGGC      | Reggiani Caseifici                   |
|   10812 | REGGC      | Reggiani Caseifici                   |
|   10908 | REGGC      | Reggiani Caseifici                   |
|   10942 | REGGC      | Reggiani Caseifici                   |
|   11010 | REGGC      | Reggiani Caseifici                   |
|   11062 | REGGC      | Reggiani Caseifici                   |
|   10287 | RICAR      | Ricardo Adocicados                   |
|   10299 | RICAR      | Ricardo Adocicados                   |
|   10447 | RICAR      | Ricardo Adocicados                   |
|   10481 | RICAR      | Ricardo Adocicados                   |
|   10563 | RICAR      | Ricardo Adocicados                   |
|   10622 | RICAR      | Ricardo Adocicados                   |
|   10648 | RICAR      | Ricardo Adocicados                   |
|   10813 | RICAR      | Ricardo Adocicados                   |
|   10851 | RICAR      | Ricardo Adocicados                   |
|   10877 | RICAR      | Ricardo Adocicados                   |
|   11059 | RICAR      | Ricardo Adocicados                   |
|   10255 | RICSU      | Richter Supermarkt                   |
|   10419 | RICSU      | Richter Supermarkt                   |
|   10537 | RICSU      | Richter Supermarkt                   |
|   10666 | RICSU      | Richter Supermarkt                   |
|   10751 | RICSU      | Richter Supermarkt                   |
|   10758 | RICSU      | Richter Supermarkt                   |
|   10931 | RICSU      | Richter Supermarkt                   |
|   10951 | RICSU      | Richter Supermarkt                   |
|   11033 | RICSU      | Richter Supermarkt                   |
|   11075 | RICSU      | Richter Supermarkt                   |
|   10281 | ROMEY      | Romero y tomillo                     |
|   10282 | ROMEY      | Romero y tomillo                     |
|   10306 | ROMEY      | Romero y tomillo                     |
|   10917 | ROMEY      | Romero y tomillo                     |
|   11013 | ROMEY      | Romero y tomillo                     |
|   10387 | SANTG      | Sant Gourmet                         |
|   10520 | SANTG      | Sant Gourmet                         |
|   10639 | SANTG      | Sant Gourmet                         |
|   10831 | SANTG      | Sant Gourmet                         |
|   10909 | SANTG      | Sant Gourmet                         |
|   11015 | SANTG      | Sant Gourmet                         |
|   10324 | SAVEA      | Save-a-lot Markets                   |
|   10393 | SAVEA      | Save-a-lot Markets                   |
|   10398 | SAVEA      | Save-a-lot Markets                   |
|   10440 | SAVEA      | Save-a-lot Markets                   |
|   10452 | SAVEA      | Save-a-lot Markets                   |
|   10510 | SAVEA      | Save-a-lot Markets                   |
|   10555 | SAVEA      | Save-a-lot Markets                   |
|   10603 | SAVEA      | Save-a-lot Markets                   |
|   10607 | SAVEA      | Save-a-lot Markets                   |
|   10612 | SAVEA      | Save-a-lot Markets                   |
|   10627 | SAVEA      | Save-a-lot Markets                   |
|   10657 | SAVEA      | Save-a-lot Markets                   |
|   10678 | SAVEA      | Save-a-lot Markets                   |
|   10700 | SAVEA      | Save-a-lot Markets                   |
|   10711 | SAVEA      | Save-a-lot Markets                   |
|   10713 | SAVEA      | Save-a-lot Markets                   |
|   10714 | SAVEA      | Save-a-lot Markets                   |
|   10722 | SAVEA      | Save-a-lot Markets                   |
|   10748 | SAVEA      | Save-a-lot Markets                   |
|   10757 | SAVEA      | Save-a-lot Markets                   |
|   10815 | SAVEA      | Save-a-lot Markets                   |
|   10847 | SAVEA      | Save-a-lot Markets                   |
|   10882 | SAVEA      | Save-a-lot Markets                   |
|   10894 | SAVEA      | Save-a-lot Markets                   |
|   10941 | SAVEA      | Save-a-lot Markets                   |
|   10983 | SAVEA      | Save-a-lot Markets                   |
|   10984 | SAVEA      | Save-a-lot Markets                   |
|   11002 | SAVEA      | Save-a-lot Markets                   |
|   11030 | SAVEA      | Save-a-lot Markets                   |
|   11031 | SAVEA      | Save-a-lot Markets                   |
|   11064 | SAVEA      | Save-a-lot Markets                   |
|   10359 | SEVES      | Seven Seas Imports                   |
|   10377 | SEVES      | Seven Seas Imports                   |
|   10388 | SEVES      | Seven Seas Imports                   |
|   10472 | SEVES      | Seven Seas Imports                   |
|   10523 | SEVES      | Seven Seas Imports                   |
|   10547 | SEVES      | Seven Seas Imports                   |
|   10800 | SEVES      | Seven Seas Imports                   |
|   10804 | SEVES      | Seven Seas Imports                   |
|   10869 | SEVES      | Seven Seas Imports                   |
|   10341 | SIMOB      | Simons bistro                        |
|   10417 | SIMOB      | Simons bistro                        |
|   10556 | SIMOB      | Simons bistro                        |
|   10642 | SIMOB      | Simons bistro                        |
|   10669 | SIMOB      | Simons bistro                        |
|   10802 | SIMOB      | Simons bistro                        |
|   11074 | SIMOB      | Simons bistro                        |
|   10738 | SPECD      | Spcialits du monde                   |
|   10907 | SPECD      | Spcialits du monde                   |
|   10964 | SPECD      | Spcialits du monde                   |
|   11043 | SPECD      | Spcialits du monde                   |
|   10271 | SPLIR      | Split Rail Beer & Ale                |
|   10329 | SPLIR      | Split Rail Beer & Ale                |
|   10349 | SPLIR      | Split Rail Beer & Ale                |
|   10369 | SPLIR      | Split Rail Beer & Ale                |
|   10385 | SPLIR      | Split Rail Beer & Ale                |
|   10432 | SPLIR      | Split Rail Beer & Ale                |
|   10756 | SPLIR      | Split Rail Beer & Ale                |
|   10821 | SPLIR      | Split Rail Beer & Ale                |
|   10974 | SPLIR      | Split Rail Beer & Ale                |
|   10252 | SUPRD      | Suprmes dlices                       |
|   10302 | SUPRD      | Suprmes dlices                       |
|   10458 | SUPRD      | Suprmes dlices                       |
|   10463 | SUPRD      | Suprmes dlices                       |
|   10475 | SUPRD      | Suprmes dlices                       |
|   10767 | SUPRD      | Suprmes dlices                       |
|   10841 | SUPRD      | Suprmes dlices                       |
|   10846 | SUPRD      | Suprmes dlices                       |
|   10885 | SUPRD      | Suprmes dlices                       |
|   10930 | SUPRD      | Suprmes dlices                       |
|   11035 | SUPRD      | Suprmes dlices                       |
|   11038 | SUPRD      | Suprmes dlices                       |
|   10310 | THEBI      | The Big Cheese                       |
|   10708 | THEBI      | The Big Cheese                       |
|   10805 | THEBI      | The Big Cheese                       |
|   10992 | THEBI      | The Big Cheese                       |
|   10624 | THECR      | The Cracker Box                      |
|   10775 | THECR      | The Cracker Box                      |
|   11003 | THECR      | The Cracker Box                      |
|   10249 | TOMSP      | Toms Spezialitten                    |
|   10438 | TOMSP      | Toms Spezialitten                    |
|   10446 | TOMSP      | Toms Spezialitten                    |
|   10548 | TOMSP      | Toms Spezialitten                    |
|   10608 | TOMSP      | Toms Spezialitten                    |
|   10967 | TOMSP      | Toms Spezialitten                    |
|   10276 | TORTU      | Tortuga Restaurante                  |
|   10293 | TORTU      | Tortuga Restaurante                  |
|   10304 | TORTU      | Tortuga Restaurante                  |
|   10319 | TORTU      | Tortuga Restaurante                  |
|   10518 | TORTU      | Tortuga Restaurante                  |
|   10576 | TORTU      | Tortuga Restaurante                  |
|   10676 | TORTU      | Tortuga Restaurante                  |
|   10842 | TORTU      | Tortuga Restaurante                  |
|   10915 | TORTU      | Tortuga Restaurante                  |
|   11069 | TORTU      | Tortuga Restaurante                  |
|   10292 | TRADH      | Tradio Hipermercados                 |
|   10496 | TRADH      | Tradio Hipermercados                 |
|   10606 | TRADH      | Tradio Hipermercados                 |
|   10830 | TRADH      | Tradio Hipermercados                 |
|   10834 | TRADH      | Tradio Hipermercados                 |
|   10839 | TRADH      | Tradio Hipermercados                 |
|   10574 | TRAIH      | Trail's Head Gourmet Provisioners    |
|   10577 | TRAIH      | Trail's Head Gourmet Provisioners    |
|   10822 | TRAIH      | Trail's Head Gourmet Provisioners    |
|   10367 | VAFFE      | Vaffeljernet                         |
|   10399 | VAFFE      | Vaffeljernet                         |
|   10465 | VAFFE      | Vaffeljernet                         |
|   10591 | VAFFE      | Vaffeljernet                         |
|   10602 | VAFFE      | Vaffeljernet                         |
|   10688 | VAFFE      | Vaffeljernet                         |
|   10744 | VAFFE      | Vaffeljernet                         |
|   10769 | VAFFE      | Vaffeljernet                         |
|   10921 | VAFFE      | Vaffeljernet                         |
|   10946 | VAFFE      | Vaffeljernet                         |
|   10994 | VAFFE      | Vaffeljernet                         |
|   10251 | VICTE      | Victuailles en stock                 |
|   10334 | VICTE      | Victuailles en stock                 |
|   10450 | VICTE      | Victuailles en stock                 |
|   10459 | VICTE      | Victuailles en stock                 |
|   10478 | VICTE      | Victuailles en stock                 |
|   10546 | VICTE      | Victuailles en stock                 |
|   10806 | VICTE      | Victuailles en stock                 |
|   10814 | VICTE      | Victuailles en stock                 |
|   10843 | VICTE      | Victuailles en stock                 |
|   10850 | VICTE      | Victuailles en stock                 |
|   10248 | VINET      | Vins et alcools Chevalier            |
|   10274 | VINET      | Vins et alcools Chevalier            |
|   10295 | VINET      | Vins et alcools Chevalier            |
|   10737 | VINET      | Vins et alcools Chevalier            |
|   10739 | VINET      | Vins et alcools Chevalier            |
|   10266 | WARTH      | Wartian Herkku                       |
|   10320 | WARTH      | Wartian Herkku                       |
|   10333 | WARTH      | Wartian Herkku                       |
|   10412 | WARTH      | Wartian Herkku                       |
|   10416 | WARTH      | Wartian Herkku                       |
|   10437 | WARTH      | Wartian Herkku                       |
|   10455 | WARTH      | Wartian Herkku                       |
|   10526 | WARTH      | Wartian Herkku                       |
|   10553 | WARTH      | Wartian Herkku                       |
|   10583 | WARTH      | Wartian Herkku                       |
|   10636 | WARTH      | Wartian Herkku                       |
|   10750 | WARTH      | Wartian Herkku                       |
|   10781 | WARTH      | Wartian Herkku                       |
|   11025 | WARTH      | Wartian Herkku                       |
|   10256 | WELLI      | Wellington Importadora               |
|   10420 | WELLI      | Wellington Importadora               |
|   10585 | WELLI      | Wellington Importadora               |
|   10644 | WELLI      | Wellington Importadora               |
|   10803 | WELLI      | Wellington Importadora               |
|   10809 | WELLI      | Wellington Importadora               |
|   10900 | WELLI      | Wellington Importadora               |
|   10905 | WELLI      | Wellington Importadora               |
|   10935 | WELLI      | Wellington Importadora               |
|   10269 | WHITC      | White Clover Markets                 |
|   10344 | WHITC      | White Clover Markets                 |
|   10469 | WHITC      | White Clover Markets                 |
|   10483 | WHITC      | White Clover Markets                 |
|   10504 | WHITC      | White Clover Markets                 |
|   10596 | WHITC      | White Clover Markets                 |
|   10693 | WHITC      | White Clover Markets                 |
|   10696 | WHITC      | White Clover Markets                 |
|   10723 | WHITC      | White Clover Markets                 |
|   10740 | WHITC      | White Clover Markets                 |
|   10861 | WHITC      | White Clover Markets                 |
|   10904 | WHITC      | White Clover Markets                 |
|   11032 | WHITC      | White Clover Markets                 |
|   11066 | WHITC      | White Clover Markets                 |
|   10615 | WILMK      | Wilman Kala                          |
|   10673 | WILMK      | Wilman Kala                          |
|   10695 | WILMK      | Wilman Kala                          |
|   10873 | WILMK      | Wilman Kala                          |
|   10879 | WILMK      | Wilman Kala                          |
|   10910 | WILMK      | Wilman Kala                          |
|   11005 | WILMK      | Wilman Kala                          |
|   10374 | WOLZA      | Wolski  Zajazd                       |
|   10611 | WOLZA      | Wolski  Zajazd                       |
|   10792 | WOLZA      | Wolski  Zajazd                       |
|   10870 | WOLZA      | Wolski  Zajazd                       |
|   10906 | WOLZA      | Wolski  Zajazd                       |
|   10998 | WOLZA      | Wolski  Zajazd                       |
|   11044 | WOLZA      | Wolski  Zajazd                       |
+---------+------------+--------------------------------------+
1662 rows in set (0.0024 sec)

 MySQL  localhost:3306  northwind  SQL >